[    0.0s] == 0. identity pins (engine v1.2 frozen, prereg frozen) ==
[    0.0s]   engine: ceb7be6414280e4c expect ceb7be6414280e4c5d5f37dc6ca1148a85e306b2de1a216147f67f89cc4a746d match=True
[    0.0s]   p3r2_config: b49025b44c719685 expect b49025b44c719685 match=True
[    0.0s]   r16_config: 27f846a7330919a4 expect 27f846a7330919a4 match=True
[    0.4s]   daily: d9a63f4cc3032926 expect d9a63f4cc3032926 match=True
[    0.4s]   halfday_manifest: 2a414174b5df2eee expect 2a414174b5df2eee match=True
[    0.4s]   split_factor: 2f436b2f13d09a9b expect 2f436b2f13d09a9b match=True
[    0.4s]   dividends: 46121c09cddde72e expect 46121c09cddde72e match=True
[    0.4s]   index_000300: 05aaa8183a11c674 expect 05aaa8183a11c674 match=True
[    0.4s]   p3r2_c05_fills: 11f8af46686df411 expect None match=True
[    0.4s]   p3r2_c05_events: 2dde945782accd70 expect None match=True
[    0.4s]   p3r2_c05_daily: c3945567de4250ef expect None match=True
[    0.4s]   p3r2_c05_clips: b44dbea22a529529 expect None match=True
[    0.4s]   p3r2_c05_intents: 36dedda1cf8d7661 expect None match=True
[    0.4s]   prereg: 8e3c534fad39e3e7 expect None match=True
[    0.4s]   v2_prereg_inherited: 4ced8ce1db44cef3 expect None match=True
[    0.4s]   v1_prereg_inherited: 266a1b850373a6f7 expect None match=True
[    0.4s]   hyb_config: 3b2a3a2f16967ed4 expect None match=True
[    0.4s]   v2_metrics_rot05_anchor_source: f9198a46297300d1 expect None match=True
[    0.4s]   v1_config_reference: 6388465cc31a6957 expect None match=True
[    0.4s]   v1_metrics_rot01_source: 54a528a996a9caaa expect None match=True
[    0.4s]   r16_metrics: 8d0b6ebbdea6ebb9 expect None match=True
[    0.4s]   p3r2_runner: 7477c2a8fcc2d291 expect None match=True
[    0.4s]   etf_manifest: 8b5b3fe56c0e02fd expect None match=True
[    4.2s]   etf processed dir aggregate: 75777221a8b33502 (7 files); fund_adj batch re-verified (1169 chunks, 0 mismatches) aggregate matches manifest: True
[    4.2s]   python 3.11.15 | polars 1.44.2 | numpy 1.26.4 | rss 0.28 GB
[    4.3s] == 1. calendar & signal days ==
[    4.4s]   71 signal days (2015-01-30..2020-11-30; 2020-12-31 dropped as signal, kept as expiry anchor)
[    4.4s] == 2. exposures (T200-40) ==
[    4.4s]   t200 behavioral anchor check: {"anchor_years": ["2016", "2017", "2018", "2019", "2020"], "reproduced_stats": {"2016": {"n_sessions": 244, "n_switches"
[    4.4s]   exposures[2015-01-30]=0.40 [2020-11-30]=0.90
[    4.4s] == 3. pools (r16 build_history + signal_pools) ==
[    7.8s]   pools at 2015-01-30: n=1438; union of ranked symbols: 2937
[    7.8s] == 4. C05 leg_log + membership consistency ==
[    7.9s]   C05: membership mismatches=0, events mismatches=0 / 71
[    7.9s] == 5. market frames ==
[    8.6s]   daily panel: 3841824 rows, 2937 symbols
[    9.3s]   halfday: 7254698 rows kept of 18486939 total (panel x dev), 2935 symbols
[   34.8s]   limits: 3829171 rows (dev x panel)
[   48.3s]   splits 2894 rows, dividends 20138 rows (panel)
[   48.3s]   rss after frames: 3.17 GB
[   48.3s] == 6. ETF assets ==
[   48.4s]   etf panel dev rows: 13158 per member {'sz.159934': 1462, 'sh.513500': 1462, 'sh.511010': 1462, 'sh.518880': 1462, 'sh.513100': 1462, 'sh.510300': 1462, 'sh.510880': 1462, 'sh.510050': 1462, 'sz.159915': 1462}
[   48.4s]   assertion (ii) preclose nulls: 0
[   48.4s]   disclosure: member-dev rows with volume<=0: 0
[   48.4s]   assertion (iii): sse 1462 days, panel union 1462 days, missing [], extra []
[   48.5s]   factor coverage gaps per member: {'sh.511010': 0, 'sh.518880': 0, 'sh.510050': 0, 'sh.510300': 0, 'sz.159915': 0, 'sh.510880': 0, 'sh.513100': 0, 'sh.513500': 0, 'sz.159934': 0}
[   48.6s]   dividend events built: 18 {'sh.510050': 5, 'sh.510300': 6, 'sh.510880': 6, 'sh.511010': 1}
[   48.6s]     sh.510050 2016-11-29 div/share=0.053
[   48.6s]     sh.510050 2017-11-28 div/share=0.054
[   48.6s]     sh.510050 2018-12-03 div/share=0.049
[   48.6s]     sh.510050 2019-12-02 div/share=0.047
[   48.6s]     sh.510050 2020-11-30 div/share=0.051
[   48.6s]     sh.510300 2015-01-20 div/share=0.035
[   48.6s]     sh.510300 2016-01-20 div/share=0.051
[   48.6s]     sh.510300 2017-01-23 div/share=0.055
[   48.6s]     sh.510300 2018-01-23 div/share=0.046
[   48.6s]     sh.510300 2019-01-16 div/share=0.059
[   48.6s]     sh.510300 2019-12-11 div/share=0.062
[   48.6s]     sh.510880 2015-01-20 div/share=0.080
[   48.6s]     sh.510880 2016-01-20 div/share=0.050
[   48.6s]     sh.510880 2017-01-23 div/share=0.091
[   48.6s]     sh.510880 2018-01-23 div/share=0.109
[   48.6s]     sh.510880 2019-01-16 div/share=0.098
[   48.6s]     sh.510880 2020-01-17 div/share=0.144
[   48.6s]     sh.511010 2015-10-09 div/share=1.000
[   48.6s]   159934 dev mismatch rows: 1 [{"symbol": "sz.159934", "date": "2020-02-26", "preclose": 3.614, "prev_close": 3.622, "rel_diff": -0.002208724461623457, "factor_ratio": 1.0}]; dividend-rule events: 0 (frozen)
[   48.6s]   symbol_meta: 9 symbols (8 members + sz.159934), explicit band 0.10, t_plus 0 (assertion (i) basis)
[   48.6s] == 7. momentum ranking (adj close, month-end) ==
[   48.7s]   lookback 6m universe[sh.510050+sh.510300+sz.159915+sh.510880+sh.513100+sh.513500]: 65 ranking months (2015-07-31..2020-11-30)
[   48.7s] == 8. static intent frames ==
[   48.7s]   C05 (stock leg): intents 1395; R16 skips {'r16_at_target': 501, 'r16_feemin_skipped': 320}
[   48.7s]   C05 frame == P3R2 C05_intents.parquet (.equals) PASS
[   48.7s]   R3-A0: intents 204 (etf 204, stock 0); m5-b + first-decision uniqueness PASS; S2 disjointness PASS
[   48.7s]   R3-01: intents 204 (etf 204, stock 0); m5-b + first-decision uniqueness PASS; S2 disjointness PASS
[   48.7s]   R3-02: intents 204 (etf 204, stock 0); m5-b + first-decision uniqueness PASS; S2 disjointness PASS
[   48.7s]   R3-03: intents 204 (etf 204, stock 0); m5-b + first-decision uniqueness PASS; S2 disjointness PASS
[   48.7s]   R3-04: intents 133 (etf 133, stock 0); m5-b + first-decision uniqueness PASS; S2 disjointness PASS
[   48.7s]   R3-05: intents 135 (etf 135, stock 0); m5-b + first-decision uniqueness PASS; S2 disjointness PASS
[   48.7s]   R3-06: intents 206 (etf 206, stock 0); m5-b + first-decision uniqueness PASS; S2 disjointness PASS
[   48.7s] == 9. per-config engine input frames ==
[   48.9s]   stock frames (C05 universe): daily 270206, half 518093, limits 269531
[   48.9s] == 10. R3-A0 regression anchor vs v2 ROT-05 ==
[   50.3s]   R3-A0: engine 1.4s, intents 204 orders 160 filled 65 cap 0 | rss 3.20 GB
[   50.3s]   R3-A0 intents.equals(v2 ROT-05 intents) = True (mine 204 rows / ref 204 rows)
[   50.3s]   R3-A0 fills.equals(v2 ROT-05 fills) = True (mine 65 rows / ref 65 rows)
[   50.3s]   R3-A0 events.equals(v2 ROT-05 events) = True (mine 365 rows / ref 365 rows)
[   50.3s]   R3-A0 daily.equals(v2 ROT-05 daily) = True (mine 1462 rows / ref 1462 rows)
[   50.3s]   R3-A0 clips_final.equals(v2 ROT-05 clips_final) = True (mine 4 rows / ref 4 rows)
[   50.3s]   R3-A0 net_cagr 0.0898677309 vs v2 ROT-05 0.0898677309 -> True
[   50.3s]   R3-A0 regression anchor PASS (== v2 ROT-05, 5/5 frames)
[   50.3s] == 11. remaining configs ==
[   51.7s]   R3-01: engine 1.4s, intents 204 orders 161 filled 66 cap 0 | rss 3.18 GB
[   53.2s]   R3-02: engine 1.4s, intents 204 orders 161 filled 67 cap 0 | rss 3.18 GB
[   54.6s]   R3-03: engine 1.4s, intents 204 orders 162 filled 67 cap 0 | rss 3.18 GB
[   55.7s]   R3-04: engine 1.1s, intents 133 orders 135 filled 66 cap 0 | rss 3.19 GB
[   56.9s]   R3-05: engine 1.2s, intents 135 orders 256 filled 59 cap 0 | rss 3.19 GB
[   58.5s]   R3-06: engine 1.5s, intents 206 orders 172 filled 65 cap 0 | rss 3.19 GB
[   58.5s]   R3-A0: leg cap-voids 0 (OK); drift breaches 1839 (recorded-only)
[   58.5s]   R3-01: leg cap-voids 0 (OK); drift breaches 1852 (recorded-only)
[   58.5s]   R3-02: leg cap-voids 0 (OK); drift breaches 1870 (recorded-only)
[   58.5s]   R3-03: leg cap-voids 0 (OK); drift breaches 1864 (recorded-only)
[   58.5s]   R3-04: leg cap-voids 0 (OK); drift breaches 1931 (recorded-only)
[   58.5s]   R3-05: leg cap-voids 0 (OK); drift breaches 2354 (recorded-only)
[   58.5s]   R3-06: leg cap-voids 0 (OK); drift breaches 79 (recorded-only)
[   58.5s] == 12. per-intent attribution ==
[   59.1s]   R3-A0: R16-mapped exec 32.8% (filled 65, rule-blocked 2, terminated 137); term {'expiry': 2, 'override_same_name': 135, 'cap_void': 0, 'suspension_abandon': 0}
[   59.1s]   R3-01: R16-mapped exec 33.3% (filled 66, rule-blocked 2, terminated 136); term {'expiry': 2, 'override_same_name': 134, 'cap_void': 0, 'suspension_abandon': 0}
[   59.1s]   R3-02: R16-mapped exec 33.8% (filled 67, rule-blocked 2, terminated 135); term {'expiry': 2, 'override_same_name': 133, 'cap_void': 0, 'suspension_abandon': 0}
[   59.1s]   R3-03: R16-mapped exec 33.8% (filled 67, rule-blocked 2, terminated 135); term {'expiry': 2, 'override_same_name': 133, 'cap_void': 0, 'suspension_abandon': 0}
[   59.1s]   R3-04: R16-mapped exec 51.1% (filled 66, rule-blocked 2, terminated 65); term {'expiry': 1, 'override_same_name': 64, 'cap_void': 0, 'suspension_abandon': 0}
[   59.1s]   R3-05: R16-mapped exec 47.4% (filled 59, rule-blocked 5, terminated 71); term {'expiry': 3, 'override_same_name': 68, 'cap_void': 0, 'suspension_abandon': 0}
[   59.2s]   R3-06: R16-mapped exec 33.0% (filled 65, rule-blocked 3, terminated 138); term {'expiry': 2, 'override_same_name': 136, 'cap_void': 0, 'suspension_abandon': 0}
[   59.2s] == 13. metrics & gates ==
[   59.3s]   R3-A0: net +8.99% excess +8.39pp adv 5/6 mdd -12.46% turn 1.98 w 33.3% g8v3 1+0/1=100.0% (8v2对照 1/1=100.0%) goal10 False -> PASS
[   59.4s]   R3-01: net +8.87% excess +8.27pp adv 5/6 mdd -12.49% turn 1.98 w 33.3% g8v3 1+0/1=100.0% (8v2对照 1/1=100.0%) goal10 False -> PASS
[   59.5s]   R3-02: net +8.74% excess +8.14pp adv 5/6 mdd -12.54% turn 1.98 w 33.3% g8v3 1+0/1=100.0% (8v2对照 1/1=100.0%) goal10 False -> PASS
[   59.6s]   R3-03: net +8.60% excess +8.00pp adv 5/6 mdd -12.57% turn 1.98 w 33.4% g8v3 1+0/1=100.0% (8v2对照 1/1=100.0%) goal10 False -> PASS
[   59.7s]   R3-04: net +8.51% excess +7.91pp adv 5/6 mdd -12.61% turn 1.98 w 33.4% g8v3 1+0/1=100.0% (8v2对照 1/1=100.0%) goal10 False -> PASS
[   59.8s]   R3-05: net +11.06% excess +10.46pp adv 5/6 mdd -19.39% turn 1.74 w 34.0% g8v3 0+0/0=n/a(0 armed) (8v2对照 0/0=n/a(0 armed)) goal10 True -> PASS
[   59.9s]   R3-06: net +11.06% excess +10.46pp adv 5/6 mdd -16.22% turn 1.59 w 27.5% g8v3 0+0/0=n/a(0 armed) (8v2对照 0/0=n/a(0 armed)) goal10 True -> PASS
[   59.9s] == gates: 7/7 dev_pass ==
[   59.9s] == 14. disclosures ==
[   60.6s] == 15. outputs ==
[   61.0s] == manifest + report written; wall 61s, peak rss 3.20 GB ==
[   61.0s] == VERDICT: 7/7 dev_pass; blocked=[]; GOAL HIT (dev): R3-05, R3-06 pass all 8 gates AND net CAGR >= 10% -> STOP and report user; val application is a separate user decision; val not consumed
