[    0.0s] F3R3 dynamic-engine rerun; window=2015-01-05..2020-12-31
[    0.0s] == 0. identity pins ==
[   13.8s]   engine d4b6c3764780e6de OK (rebuilt dynamic engine); pins OK; python 3.11.15 | rss 0.27 GB
[   13.8s] == 1. calendar & signal days ==
[   14.2s]   71 signal days (2015-01-30..2020-11-30)
[   14.2s] == 2. R16 pool (build_history + signal_pools, verbatim) ==
[   27.4s]   pool n: min 810 max 2260
[   27.4s] == 3. dedup: |rho|>=0.6 connected components, rep = max |t| ==
[   27.4s]   20 clusters, 20 representatives == F3R1 list OK
[   27.6s] == 4. composite: EW + ICW arms on executable cross-sections ==
[   33.3s]   wide frame 319147 rows, 5162 symbols
[   34.1s]   2015-01-30: pool 1438 -> eligible 1433
[   55.1s]   2017-12-29: pool 982 -> eligible 982
[   73.0s]   2020-11-30: pool 1542 -> eligible 1542
[   73.0s] == 5. intent providers: seat re-issue from live ledger ==
[   73.3s]   F3-EW: members/month min 10 max 10
[   73.3s]   F3-ICW: members/month min 10 max 10
[   73.3s] == 6. benchmarks: B1(m)_F3 fractional + B3'_F3 random K=10 ==
[  126.4s]   B1(m)_F3: net +1.66% mdd -64.42% (2937 union symbols)
[  137.3s]   B3'_F3: mean net -1.89% (seeds 17..36, range -10.14..+5.43%)
[  137.6s] == 7. band engine market frames ==
[  167.0s]   frames: panel 505 symbols; daily 700292; half 1340367; limits 698338; rss 2.89 GB
[  167.1s] == 8. band engine dynamic intent runs (halfday clock) ==
[  195.5s]   F3-EW: engine 28.4s; provider calls 2924 injected 2632 (buy 2104 sell 528); orders 2624 filled 512 expired_halfday 2016 no_anchor 88 override 16 | rss 3.30 GB
[  215.5s]   F3-ICW: engine 19.8s; provider calls 2924 injected 2855 (buy 2298 sell 557); orders 2799 filled 542 expired_halfday 2150 no_anchor 148 override 15 | rss 3.28 GB
[  215.5s] == 9. seat-signal attribution ==
[  215.6s]   F3-EW: seats 1066 (filled 1033, rule-blocked 0 {'below_min_lot': 0, 'void_no_position': 0, 'void_insufficient_cash': 0}, expired-seat 33); mapped 96.9%
[  215.7s]   F3-ICW: seats 1128 (filled 1093, rule-blocked 0 {'below_min_lot': 0, 'void_no_position': 0, 'void_insufficient_cash': 0}, expired-seat 35); mapped 96.9%
[  215.8s] == 10. metrics & eight gates + goal criterion ==
[  215.9s]   F3-EW: net +6.50% excess +4.85pp adv 3/6 mdd -38.84% turn 9.58 w 14.5% exec 96.9% -> eliminated ['3_advantage_years_ge_5_of_6', '4_mdd_le_20pct_and_le_B1m', '5_one_side_turnover_le_6']; goal>=10% not met
[  216.1s]   F3-ICW: net +8.52% excess +6.86pp adv 4/6 mdd -39.50% turn 9.93 w 16.4% exec 96.9% -> eliminated ['3_advantage_years_ge_5_of_6', '4_mdd_le_20pct_and_le_B1m', '5_one_side_turnover_le_6']; goal>=10% not met
[  216.1s] == gates: 0/2 dev_pass ==
[  216.1s] == 11. outputs ==
[    0.0s] F3R3 dynamic-engine rerun; window=2015-01-05..2020-12-31
[    0.0s] == 0. identity pins ==
[   10.7s]   engine d4b6c3764780e6de OK (rebuilt dynamic engine); pins OK; python 3.11.15 | rss 0.27 GB
[   10.7s] == 1. calendar & signal days ==
[   11.1s]   71 signal days (2015-01-30..2020-11-30)
[   11.1s] == 2. R16 pool (build_history + signal_pools, verbatim) ==
[   23.1s]   pool n: min 810 max 2260
[   23.1s] == 3. dedup: |rho|>=0.6 connected components, rep = max |t| ==
[   23.1s]   20 clusters, 20 representatives == F3R1 list OK
[   23.3s] == 4. composite: EW + ICW arms on executable cross-sections ==
[   26.9s]   wide frame 319147 rows, 5162 symbols
[   27.5s]   2015-01-30: pool 1438 -> eligible 1433
[   48.3s]   2017-12-29: pool 982 -> eligible 982
[   57.1s]   2020-11-30: pool 1542 -> eligible 1542
[   57.1s] == 5. intent providers: seat re-issue from live ledger ==
[   57.1s]   F3-EW: members/month min 10 max 10
[   57.1s]   F3-ICW: members/month min 10 max 10
[   57.1s] == 6. benchmarks: B1(m)_F3 fractional + B3'_F3 random K=10 ==
[   65.3s]   B1(m)_F3: net +1.66% mdd -64.42% (2937 union symbols)
[   66.8s]   B3'_F3: mean net -1.89% (seeds 17..36, range -10.14..+5.43%)
[   66.8s] == 7. band engine market frames ==
[   78.6s]   frames: panel 505 symbols; daily 700292; half 1340367; limits 698338; rss 2.82 GB
[   78.7s] == 8. band engine dynamic intent runs (halfday clock) ==
[   84.6s]   F3-EW: engine 5.9s; provider calls 2924 injected 2632 (buy 2104 sell 528); orders 2624 filled 512 expired_halfday 2016 no_anchor 88 override 16 | rss 3.21 GB
[   91.0s]   F3-ICW: engine 6.4s; provider calls 2924 injected 2855 (buy 2298 sell 557); orders 2799 filled 542 expired_halfday 2150 no_anchor 148 override 15 | rss 3.37 GB
[   91.0s] == 9. seat-signal attribution ==
[   91.1s]   F3-EW: seats 1066 (filled 1033, rule-blocked 0 {'void_insufficient_cash': 0, 'below_min_lot': 0, 'void_no_position': 0}, expired-seat 33); mapped 96.9%
[   91.2s]   F3-ICW: seats 1128 (filled 1093, rule-blocked 0 {'void_insufficient_cash': 0, 'below_min_lot': 0, 'void_no_position': 0}, expired-seat 35); mapped 96.9%
[   91.2s] == 10. metrics & eight gates + goal criterion ==
[   91.3s]   F3-EW: net +6.50% excess +4.85pp adv 3/6 mdd -38.84% turn 9.58 w 14.5% exec 96.9% -> eliminated ['3_advantage_years_ge_5_of_6', '4_mdd_le_20pct_and_le_B1m', '5_one_side_turnover_le_6']; goal>=10% not met
[   91.4s]   F3-ICW: net +8.52% excess +6.86pp adv 4/6 mdd -39.50% turn 9.93 w 16.4% exec 96.9% -> eliminated ['3_advantage_years_ge_5_of_6', '4_mdd_le_20pct_and_le_B1m', '5_one_side_turnover_le_6']; goal>=10% not met
[   91.4s] == gates: 0/2 dev_pass ==
[   91.4s] == 11. outputs ==
[   91.6s] == manifest + report written; wall 92s, peak rss 3.37 GB ==
