== loaders on real bundle: split keys=2878 rows=4930 anchors_dropped=0; dividends keys=4512 rows=28450 ==
    split_factor dtype names: ('ex_date', 'split_factor')
    dividends dtype names: ('book_closure_date', 'dividend_cash_before_tax', 'ex_dividend_date', 'payable_date', 'round_lot')
    sh.600000 20220721: cash_per_lot 41.0 round_lot 100
    sh.600000 20170525: cash_per_lot 20.0 round_lot 100
    sh.600000 split rows: [('sh.600000', datetime.date(2016, 6, 23), 1.1), ('sh.600000', datetime.date(2017, 5, 25), 1.3)]
== (a) 真实 600000 2022-07-21 纯派息：份额不变 + 0.41 x 1000 + 权益恒等 ==
shape: (6, 7)
┌───────────┬────────────┬──────┬──────┬──────┬───────┬─────────────┐
│ symbol    ┆ date       ┆ open ┆ high ┆ low  ┆ close ┆ tradestatus │
│ ---       ┆ ---        ┆ ---  ┆ ---  ┆ ---  ┆ ---   ┆ ---         │
│ str       ┆ date       ┆ f64  ┆ f64  ┆ f64  ┆ f64   ┆ f64         │
╞═══════════╪════════════╪══════╪══════╪══════╪═══════╪═════════════╡
│ sh.600000 ┆ 2022-07-18 ┆ 7.68 ┆ 7.79 ┆ 7.68 ┆ 7.79  ┆ 1.0         │
│ sh.600000 ┆ 2022-07-19 ┆ 7.79 ┆ 7.82 ┆ 7.77 ┆ 7.81  ┆ 1.0         │
│ sh.600000 ┆ 2022-07-20 ┆ 7.85 ┆ 7.85 ┆ 7.77 ┆ 7.79  ┆ 1.0         │
│ sh.600000 ┆ 2022-07-21 ┆ 7.4  ┆ 7.41 ┆ 7.33 ┆ 7.33  ┆ 1.0         │
│ sh.600000 ┆ 2022-07-22 ┆ 7.34 ┆ 7.38 ┆ 7.34 ┆ 7.35  ┆ 1.0         │
│ sh.600000 ┆ 2022-07-25 ┆ 7.33 ┆ 7.38 ┆ 7.33 ┆ 7.35  ┆ 1.0         │
└───────────┴────────────┴──────┴──────┴──────┴───────┴─────────────┘
  [OK ] 07-20 买入 1000@7.81: (datetime.date(2022, 7, 20), 1000, 7.81)
  [OK ] 纯派息日无份额变更事件
  [OK ] 07-21 分红 41.0/100 x 1000(除权前股数) = 410.00: (datetime.date(2022, 7, 21), 410.0)
  [OK ] 07-22 卖出份额仍为 1000（派息不改股数）@7.33: (datetime.date(2022, 7, 22), 1000, 7.33)
  [OK ] 权益恒等: Δequity -50.000000 = 分红410 + 市值变动-460.00 = -50.000000（无重复计入）
== (b) 真实 600000 2017-05-25 送转x1.3 + 分红同日 ==
shape: (7, 7)
┌───────────┬────────────┬───────┬───────┬───────┬───────┬─────────────┐
│ symbol    ┆ date       ┆ open  ┆ high  ┆ low   ┆ close ┆ tradestatus │
│ ---       ┆ ---        ┆ ---   ┆ ---   ┆ ---   ┆ ---   ┆ ---         │
│ str       ┆ date       ┆ f64   ┆ f64   ┆ f64   ┆ f64   ┆ f64         │
╞═══════════╪════════════╪═══════╪═══════╪═══════╪═══════╪═════════════╡
│ sh.600000 ┆ 2017-05-23 ┆ 15.0  ┆ 15.57 ┆ 14.98 ┆ 15.43 ┆ 1.0         │
│ sh.600000 ┆ 2017-05-24 ┆ 15.38 ┆ 15.52 ┆ 15.21 ┆ 15.47 ┆ 1.0         │
│ sh.600000 ┆ 2017-05-25 ┆ 11.75 ┆ 12.93 ┆ 11.72 ┆ 12.93 ┆ 1.0         │
│ sh.600000 ┆ 2017-05-26 ┆ 12.81 ┆ 12.91 ┆ 12.54 ┆ 12.84 ┆ 1.0         │
│ sh.600000 ┆ 2017-05-31 ┆ 12.75 ┆ 13.05 ┆ 12.66 ┆ 12.84 ┆ 1.0         │
│ sh.600000 ┆ 2017-06-01 ┆ 12.78 ┆ 12.97 ┆ 12.69 ┆ 12.92 ┆ 1.0         │
│ sh.600000 ┆ 2017-06-02 ┆ 12.93 ┆ 13.01 ┆ 12.74 ┆ 12.89 ┆ 1.0         │
└───────────┴────────────┴───────┴───────┴───────┴───────┴─────────────┘
  [OK ] 05-24 建仓 1000 股: 2017-05-24
  [OK ] 05-25 送转 x1.3: 1000 -> 1300（行值直接生效，非累计因子）: (1.3, 1300)
  [OK ] 分红 20.0/100 = 0.2 x 1000(除权前股数) = 200.00: (datetime.date(2017, 5, 25), 200.0)
  [OK ] 期末持仓 1300 股（真实可执行量）: 1300
  [OK ] 权益恒等: Δequity 1539.0000 = 分红200 + (1300x12.93 - 1000x15.47) = 1539.0000（无双重计入）
    对照：ex_cum_factor 2017-05-25 前后比值 ≈ 1.3166（含分红价格链），split_factor 行值 = 1.3 —— 修复取后者 ✓
== (c) 50 只样本扫描：行数/值一致性与分布 ==
  [OK ] split 样本 50 只：loader 行数/日期/值与 h5 原行一致（mismatch=0）
  [OK ] dividends 样本 50 只：行数/每手税前/round_lot 与 h5 原行一致（mismatch=0）
    split 值域: min 0.24795577680481418 max 12.0672; <1.0: 19 行; ==1.0: 0 行; 同日重复行: 0 组（引擎按乘积复合）
  [OK ] split 无非正值
    round_lot 分布: [(100, 28450)] …
    cash==0 分红行: 641（引擎 if div 跳过 0 额）
== (d) F2 loader 回归：自建合成 h5 ==
  [OK ] 锚点行丢弃、事件行保留: anchors_dropped=1 rows=2
  [OK ] 逐事件值原样保留（无差分、无累计）: [1.05, 1.1]
  [OK ] 跨首事件 x1.05=105（F2：非累计 7.82 类），跨第二事件 x1.1 -> floor(115.5+0.5)=116: [(1.05, 105), (1.1, 116)]
== (e) F5：零股一次性卖出 + 买入整手断言 ==
  [OK ] 显式非整手卖出被拒: sell signal X 2024-01-01: explicit shares must be a positive…
  [OK ] 300 x1.3 = 390 零股一次性卖出: shares=390
  [OK ] odd_lot_exits 计数与定义存在
  [OK ] 所有买入成交均为整手
== (f) F6：deferred_limitdown 定义字段 ==
  [OK ] stats.k3_fallback.deferred_limitdown_definition 存在（双记口径说明）
== (g) 防御性：ex_cum_factor 帧误传为 splits 必须被拒 ==
  [OK ] ex_cum_factor 帧被拒绝（列名不匹配）: splits: missing required column 'split_factor'…
== (h) 附加探针：split_factor < 1.0 的行分类核实 ==
shape: (19, 3)
┌───────────┬────────────┬──────────────┐
│ symbol    ┆ ex_date    ┆ split_factor │
│ ---       ┆ ---        ┆ ---          │
│ str       ┆ date       ┆ f64          │
╞═══════════╪════════════╪══════════════╡
│ sh.510100 ┆ 2023-02-13 ┆ 0.8427       │
│ sh.510310 ┆ 2024-09-23 ┆ 0.4998       │
│ sh.510500 ┆ 2015-04-15 ┆ 0.2803       │
│ sh.510580 ┆ 2024-09-02 ┆ 0.247956     │
│ sh.512100 ┆ 2022-09-05 ┆ 0.3622       │
│ …         ┆ …          ┆ …            │
│ sz.159633 ┆ 2023-07-10 ┆ 0.753233     │
│ sz.159747 ┆ 2023-04-26 ┆ 0.5          │
│ sz.159845 ┆ 2022-08-02 ┆ 0.3522       │
│ sz.159845 ┆ 2023-03-01 ┆ 0.747871     │
│ sz.159925 ┆ 2024-01-29 ┆ 0.5036       │
└───────────┴────────────┴──────────────┘

增量对抗断言: 22 passed, 0 failed
ALL DELTA ADVERSARIAL CHECKS PASSED
