[    0.3s] identity fail-closed checks passed
[   48.4s] progress 100/2431 elapsed=48s (484ms/day) rss=1.03GiB
[  105.8s] progress 200/2431 elapsed=106s (529ms/day) rss=1.40GiB
[  136.4s] year 2015 flushed: 1137392 rows rss=1.40GiB
[  173.8s] progress 300/2431 elapsed=174s (579ms/day) rss=1.40GiB
[  204.3s] progress 400/2431 elapsed=204s (511ms/day) rss=1.56GiB
[  274.6s] year 2016 flushed: 1278456 rows rss=1.62GiB
[  284.7s] progress 500/2431 elapsed=285s (569ms/day) rss=1.62GiB
[  322.7s] progress 600/2431 elapsed=323s (538ms/day) rss=1.62GiB
[  384.2s] progress 700/2431 elapsed=384s (549ms/day) rss=1.62GiB
[  414.4s] year 2017 flushed: 1484554 rows rss=1.62GiB
[  472.1s] progress 800/2431 elapsed=472s (590ms/day) rss=1.62GiB
[  557.6s] progress 900/2431 elapsed=558s (620ms/day) rss=1.64GiB
[  624.2s] year 2018 flushed: 1632678 rows rss=1.87GiB
[  645.8s] progress 1000/2431 elapsed=646s (646ms/day) rss=1.87GiB
[  737.2s] progress 1100/2431 elapsed=737s (670ms/day) rss=1.87GiB
[  828.6s] progress 1200/2431 elapsed=829s (690ms/day) rss=1.87GiB
[  848.6s] year 2019 flushed: 1768789 rows rss=1.87GiB
[  925.1s] progress 1300/2431 elapsed=925s (712ms/day) rss=1.87GiB
[ 1019.5s] progress 1400/2431 elapsed=1019s (728ms/day) rss=1.87GiB
[ 1086.9s] year 2020 flushed: 1891414 rows rss=1.87GiB
[ 1126.6s] progress 1500/2431 elapsed=1127s (751ms/day) rss=1.87GiB
[ 1234.6s] progress 1600/2431 elapsed=1235s (772ms/day) rss=1.87GiB
[ 1350.6s] progress 1700/2431 elapsed=1351s (794ms/day) rss=1.99GiB
[ 1359.8s] year 2021 flushed: 2117228 rows rss=1.99GiB
[ 1473.9s] progress 1800/2431 elapsed=1474s (819ms/day) rss=2.00GiB
[ 1601.0s] progress 1900/2431 elapsed=1601s (843ms/day) rss=2.13GiB
[ 1667.7s] year 2022 flushed: 2292039 rows rss=2.26GiB
[ 1739.2s] progress 2000/2431 elapsed=1739s (870ms/day) rss=2.26GiB
[ 1879.6s] progress 2100/2431 elapsed=1880s (895ms/day) rss=2.26GiB
[ 2012.6s] year 2023 flushed: 2418471 rows rss=2.26GiB
[ 2028.4s] progress 2200/2431 elapsed=2028s (922ms/day) rss=2.26GiB
[ 2174.3s] progress 2300/2431 elapsed=2174s (945ms/day) rss=2.26GiB
[ 2317.3s] progress 2400/2431 elapsed=2317s (966ms/day) rss=2.26GiB
[ 2360.8s] progress 2431/2431 elapsed=2361s (971ms/day) rss=2.26GiB
[ 2364.0s] year 2024 flushed: 2465918 rows rss=2.26GiB
[ 2364.1s] scan done: 18486939 rows elapsed=2364s peak=2.26GiB
