== 600000.XSHG 全部变更点（尾部 12 行）==
    columns: ('start_date', 'ex_cum_factor')
    start_date 0  ex_cum_factor 1.0000000000  ratio_vs_prev nan
    start_date 20150105000000  ex_cum_factor 7.8200000000  ratio_vs_prev 7.8200000000
    start_date 20150623000000  ex_cum_factor 8.1850000000  ratio_vs_prev 1.0466751918
    start_date 20160623000000  ex_cum_factor 9.2670000000  ratio_vs_prev 1.1321930360
    start_date 20170525000000  ex_cum_factor 12.2010000000  ratio_vs_prev 1.3166073163
    start_date 20180713000000  ex_cum_factor 12.3300000000  ratio_vs_prev 1.0105729039
    start_date 20190611000000  ex_cum_factor 12.7140000000  ratio_vs_prev 1.0311435523
    start_date 20200723000000  ex_cum_factor 13.4058000000  ratio_vs_prev 1.0544124587
    start_date 20210721000000  ex_cum_factor 14.0820000000  ratio_vs_prev 1.0504408540
    start_date 20220721000000  ex_cum_factor 14.8643000000  ratio_vs_prev 1.0555531885
    start_date 20230721000000  ex_cum_factor 15.5350000000  ratio_vs_prev 1.0451215328
    start_date 20240718000000  ex_cum_factor 16.1051000000  ratio_vs_prev 1.0366977792
    2022-07-21 无精确变更点；邻近: [             0 20150105000000 20150623000000]

== 全体相邻比值分布（n=33933）==
    min 0.056271  max 10055.640000
    [<0.5          ]     51  ( 0.15%)
    [0.5-0.9       ]      7  ( 0.02%)
    [0.9-0.99      ]      9  ( 0.03%)
    [0.99-0.999    ]      4  ( 0.01%)
    [≈1.0(±0.001)  ]   3397  (10.01%)
    [1.001-1.01    ]  11837  (34.88%)
    [1.01-1.1      ]  11330  (33.39%)
    [1.1-2.0       ]   4225  (12.45%)
    [>2.0          ]   3058  ( 9.01%)

== sh.600000 2022-07-18..22 日线（未复权口径应显示除息跳空）==
shape: (5, 6)
┌────────────┬──────┬──────┬──────┬───────┬─────────────┐
│ date       ┆ open ┆ high ┆ low  ┆ close ┆ tradestatus │
│ ---        ┆ ---  ┆ ---  ┆ ---  ┆ ---   ┆ ---         │
│ date       ┆ f64  ┆ f64  ┆ f64  ┆ f64   ┆ f64         │
╞════════════╪══════╪══════╪══════╪═══════╪═════════════╡
│ 2022-07-18 ┆ 7.68 ┆ 7.79 ┆ 7.68 ┆ 7.79  ┆ 1.0         │
│ 2022-07-19 ┆ 7.79 ┆ 7.82 ┆ 7.77 ┆ 7.81  ┆ 1.0         │
│ 2022-07-20 ┆ 7.85 ┆ 7.85 ┆ 7.77 ┆ 7.79  ┆ 1.0         │
│ 2022-07-21 ┆ 7.4  ┆ 7.41 ┆ 7.33 ┆ 7.33  ┆ 1.0         │
│ 2022-07-22 ┆ 7.34 ┆ 7.38 ┆ 7.34 ┆ 7.35  ┆ 1.0         │
└────────────┴──────┴──────┴──────┴───────┴─────────────┘

== 抽查 3 个大比值(≈送转)与 3 个近 1 比值变更点的价格行为 ==
