== 样例 A（买入：触价不成交、穿透按锚价、滞后 2 日）==
  [OK ] 08-23 low==p 触价 -> not_penetrated（不成交）
  [OK ] 08-24 穿透 -> 1500 股 @ 10.00（不取 9.90 更优价）
  [OK ] 佣金 max(1.5, 5) = 5.00
  [OK ] 现金 200,000-15,000-5 = 184,995.00
  [OK ] 滞后 = 2 个交易日
== 样例 B（卖出：重锚、双费、T+1 资金）==
  [OK ] 08-25 重锚 q=前收 20.50，high 20.80>q -> @20.50
  [OK ] 佣金 5.00；印花 0.1%x20,500 = 20.50（08-25 < 08-28）
  [OK ] 净回笼 20,474.50
  [OK ] 08-25: settled 179,995 / pending 20,474.50
  [OK ] 08-28 解冻后现金 200,469.50
== 样例 C（K=3 兜底）+ 文档 limit_down 数字核对 ==
  [OK ] 逐日重锚 30.0/29.5/29.0，3 日未成交
  [OK ] 第 4 挂单日开盘 27.50 市价退出
  [OK ] 净回笼 27,500-5-27.5 = 27,467.50
  [OK ] 兜底损益 = 27,467.5 - 1000x28.5 = -1,032.50
    文档所写 limit_down = 25.65；实际喂入引擎的 06-07 limit_down = 24.66
  [OK ] 文档样例 C 的 limit_down 数字(25.65)与实际喂入值(24.66)不符（结论不受影响）

手算复算断言: 15 passed, 0 failed

== 真实数据读入层冒烟复跑（只读）==
  daily: 16344349 -> 16344349 rows, max 2024-12-31, dropped 0
  stk_limit: 2431 chunks -> 9705448 rows, 5742 symbols, max 2024-12-31
  ex_cum_factor: 5914 keys -> 33933 rows, max 2024-12-31
  read-layer smoke vs manifest: daily OK, stk_limit OK, exf OK
