[    0.0s] F3R3 dynamic-engine rerun; window=2015-01-05..2020-12-31
[    0.0s] == 0. identity pins ==
[    2.6s]   engine f3650f8440c713b8 OK (rebuilt dynamic engine); pins OK; python 3.11.15 | rss 0.27 GB
[    2.6s] == 1. calendar & signal days ==
[    2.7s]   71 signal days (2015-01-30..2020-11-30)
[    2.7s] == 2. R16 pool (build_history + signal_pools, verbatim) ==
[    5.9s]   pool n: min 810 max 2260
[    5.9s] == 3. dedup: |rho|>=0.6 connected components, rep = max |t| ==
[    5.9s]   20 clusters, 20 representatives == F3R1 list OK
[    6.0s] == 4. composite: EW + ICW arms on executable cross-sections ==
[    7.0s]   wide frame 319147 rows, 5162 symbols
[    7.1s]   2015-01-30: pool 1438 -> eligible 1433
[   11.1s]   2017-12-29: pool 982 -> eligible 982
[   14.4s]   2020-11-30: pool 1542 -> eligible 1542
[   14.4s] == 5. intent providers: seat re-issue from live ledger ==
[   14.5s]   F3-EW: members/month min 10 max 10
[   14.5s]   F3-ICW: members/month min 10 max 10
[   14.5s] == 6. benchmarks: B1(m)_F3 fractional + B3'_F3 random K=10 ==
[   23.7s]   B1(m)_F3: net +1.66% mdd -64.42% (2937 union symbols)
[   25.4s]   B3'_F3: mean net -1.89% (seeds 17..36, range -10.14..+5.43%)
[   25.6s] == 7. band engine market frames ==
[   38.9s]   frames: panel 505 symbols; daily 700292; half 1340367; limits 698338; rss 3.28 GB
[   39.0s] == 8. band engine dynamic intent runs (halfday clock) ==
[   45.3s]   F3-EW: engine 6.3s; provider calls 2924 injected 2632 (buy 2104 sell 528); orders 2624 filled 512 expired_halfday 2016 no_anchor 88 override 16 | rss 3.67 GB
[   52.2s]   F3-ICW: engine 6.8s; provider calls 2924 injected 2855 (buy 2298 sell 557); orders 2799 filled 542 expired_halfday 2150 no_anchor 148 override 15 | rss 3.80 GB
[   52.2s] == 9. seat-signal attribution ==
[   52.3s]   F3-EW: seats 1066 (filled 1033, rule-blocked 0 {'below_min_lot': 0, 'void_no_position': 0, 'void_insufficient_cash': 0}, expired-seat 33); mapped 96.9%
[   52.4s]   F3-ICW: seats 1128 (filled 1093, rule-blocked 0 {'below_min_lot': 0, 'void_no_position': 0, 'void_insufficient_cash': 0}, expired-seat 35); mapped 96.9%
[   52.4s] == 10. metrics & eight gates + goal criterion ==
[   52.6s]   F3-EW: net +6.50% excess +4.85pp adv 3/6 mdd -38.84% turn 9.58 w 14.5% exec 96.9% -> eliminated ['3_advantage_years_ge_5_of_6', '4_mdd_le_20pct_and_le_B1m', '5_one_side_turnover_le_6']; goal>=10% not met
[   52.7s]   F3-ICW: net +8.52% excess +6.86pp adv 4/6 mdd -39.50% turn 9.93 w 16.4% exec 96.9% -> eliminated ['3_advantage_years_ge_5_of_6', '4_mdd_le_20pct_and_le_B1m', '5_one_side_turnover_le_6']; goal>=10% not met
[   52.7s] == gates: 0/2 dev_pass ==
[   52.7s] == 11. outputs ==
[   52.9s] == manifest + report written; wall 53s, peak rss 3.80 GB ==
