[PASS] load sandbox registry :: expected=no_error got=no_error :: ok
[PASS] declared dataset kinds :: expected=no_error got=no_error :: ["bars_daily", "bars_daily_warmup", "bars_halfday", "dividend", "forecast_event", "limit", "split_factor"]
[PASS] read bars_daily slice :: expected=no_error got=no_error :: 46
[PASS] read bars_halfday slice :: expected=no_error got=no_error :: 32896
[PASS] read forecast B window :: expected=no_error got=no_error :: 107
[PASS] read limit slice :: expected=no_error got=no_error :: 16696
[PASS] sha256 re-verification of all declared files :: expected=no_error got=no_error :: {'bars_daily': True, 'bars_daily_warmup': True, 'bars_halfday': True, 'dividend': True, 'forecast_event': True, 'limit': True, 'split_factor': True}
[PASS] refuse dataset_id=baostock-daily-20260917 :: expected=UnknownDatasetError got=UnknownDatasetError :: dataset_id 'baostock-daily-20260917' is not an allowed Dev sandbox dataset; allowed: ['dev-sandbox-20260922']. Mixed-year or validation products must not be mounted into research runs.
[PASS] refuse dataset_id=halfday-bars-20260918 :: expected=UnknownDatasetError got=UnknownDatasetError :: dataset_id 'halfday-bars-20260918' is not an allowed Dev sandbox dataset; allowed: ['dev-sandbox-20260922']. Mixed-year or validation products must not be mounted into research runs.
[PASS] refuse dataset_id=etf-daily-20260919 :: expected=UnknownDatasetError got=UnknownDatasetError :: dataset_id 'etf-daily-20260919' is not an allowed Dev sandbox dataset; allowed: ['dev-sandbox-20260922']. Mixed-year or validation products must not be mounted into research runs.
[PASS] refuse dataset_id=rqalpha-bundle-v2-1-20260918 :: expected=UnknownDatasetError got=UnknownDatasetError :: dataset_id 'rqalpha-bundle-v2-1-20260918' is not an allowed Dev sandbox dataset; allowed: ['dev-sandbox-20260922']. Mixed-year or validation products must not be mounted into research runs.
[PASS] refuse path=data/raw/baostock/daily/sh.600000.csv :: expected=PathNotAllowedError got=PathNotAllowedError :: path 'data/raw/baostock/daily/sh.600000.csv' is not registered in the dev-sandbox-20260922 manifest; raw/mixed-year or validation files are not readable through the sandbox
[PASS] refuse path=data/processed/baostock-daily-20260917/daily_1999_2024.parquet :: expected=PathNotAllowedError got=PathNotAllowedError :: path 'data/processed/baostock-daily-20260917/daily_1999_2024.parquet' is not registered in the dev-sandbox-20260922 manifest; raw/mixed-year or validation files are not readable through the sandbox
[PASS] refuse path=data/processed/baostock-daily-20260917/daily_2015_2024.parquet :: expected=PathNotAllowedError got=PathNotAllowedError :: path 'data/processed/baostock-daily-20260917/daily_2015_2024.parquet' is not registered in the dev-sandbox-20260922 manifest; raw/mixed-year or validation files are not readable through the sandbox
[PASS] refuse path=data/processed/halfday-bars-20260918/year=2021/bars.parquet :: expected=PathNotAllowedError got=PathNotAllowedError :: path 'data/processed/halfday-bars-20260918/year=2021/bars.parquet' is not registered in the dev-sandbox-20260922 manifest; raw/mixed-year or validation files are not readable through the sandbox
[PASS] refuse path=data/raw/tushare/forecast/20260909-r1/chunk_202101.csv :: expected=PathNotAllowedError got=PathNotAllowedError :: path 'data/raw/tushare/forecast/20260909-r1/chunk_202101.csv' is not registered in the dev-sandbox-20260922 manifest; raw/mixed-year or validation files are not readable through the sandbox
[PASS] refuse path=data/features/fcst-reason-struct-full-20260918/row_index.parquet :: expected=PathNotAllowedError got=PathNotAllowedError :: path 'data/features/fcst-reason-struct-full-20260918/row_index.parquet' is not registered in the dev-sandbox-20260922 manifest; raw/mixed-year or validation files are not readable through the sandbox
[PASS] refuse read beyond dev_end (2021-01-04) :: expected=DateRangeError got=DateRangeError :: requested end 2021-01-04 exceeds dataset bars_daily max_allowed_date 2020-12-31; the Dev sandbox must never read validation/frozen dates
[PASS] refuse read before dev_start (2010-01-01) :: expected=DateRangeError got=DateRangeError :: requested start 2010-01-01 precedes dataset bars_daily min_allowed_date 2015-01-05
[PASS] refuse undeclared column :: expected=SandboxAccessError got=SandboxAccessError :: columns ['ts_code'] are not declared for dataset bars_daily
[PASS] refuse unknown kind :: expected=UnknownDatasetError got=UnknownDatasetError :: unknown dataset kind 'bars_from_2024'; manifest declares ['bars_daily', 'bars_daily_warmup', 'bars_halfday', 'dividend', 'forecast_event', 'limit', 'split_factor']
[PASS] cache_key differs with adjust_mode :: expected=no_error got=no_error :: 2d06c9b4fedb0d7e != 60be1f344492f7e4 (len=64)
{"cases": 22, "failed": 0, "sandbox_dataset_id": "dev-sandbox-20260922"}
