[    0.0s] == 0. identity pins (engine v1.2 frozen, prereg frozen) ==
[    0.0s]   engine: ceb7be6414280e4c expect ceb7be6414280e4c5d5f37dc6ca1148a85e306b2de1a216147f67f89cc4a746d match=True
[    0.0s]   p3r2_config: b49025b44c719685 expect b49025b44c719685 match=True
[    0.0s]   r16_config: 27f846a7330919a4 expect 27f846a7330919a4 match=True
[    0.4s]   daily: d9a63f4cc3032926 expect d9a63f4cc3032926 match=True
[    0.4s]   halfday_manifest: 2a414174b5df2eee expect 2a414174b5df2eee match=True
[    0.4s]   split_factor: 2f436b2f13d09a9b expect 2f436b2f13d09a9b match=True
[    0.4s]   dividends: 46121c09cddde72e expect 46121c09cddde72e match=True
[    0.4s]   index_000300: 05aaa8183a11c674 expect 05aaa8183a11c674 match=True
[    0.4s]   p3r2_c05_fills: 11f8af46686df411 expect None match=True
[    0.4s]   p3r2_c05_events: 2dde945782accd70 expect None match=True
[    0.4s]   p3r2_c05_daily: c3945567de4250ef expect None match=True
[    0.4s]   p3r2_c05_clips: b44dbea22a529529 expect None match=True
[    0.4s]   p3r2_c05_intents: 36dedda1cf8d7661 expect None match=True
[    0.4s]   prereg: 4ced8ce1db44cef3 expect None match=True
[    0.4s]   v1_prereg_inherited: 266a1b850373a6f7 expect None match=True
[    0.4s]   hyb_config: 5d29cce6fa51be94 expect None match=True
[    0.4s]   v1_config_reference: 6388465cc31a6957 expect None match=True
[    0.4s]   v1_metrics_rot01_source: 54a528a996a9caaa expect None match=True
[    0.4s]   r16_metrics: 8d0b6ebbdea6ebb9 expect None match=True
[    0.4s]   p3r2_runner: 7477c2a8fcc2d291 expect None match=True
[    0.4s]   etf_manifest: 8b5b3fe56c0e02fd expect None match=True
[    2.8s]   etf processed dir aggregate: 75777221a8b33502 (7 files); fund_adj batch re-verified (1169 chunks, 0 mismatches) aggregate matches manifest: True
[    2.8s]   python 3.11.15 | polars 1.44.2 | numpy 1.26.4 | rss 0.27 GB
[    2.8s] == 1. calendar & signal days ==
[    2.9s]   71 signal days (2015-01-30..2020-11-30; 2020-12-31 dropped as signal, kept as expiry anchor)
[    2.9s] == 2. exposures (T200-40) ==
[    2.9s]   t200 behavioral anchor check: {"anchor_years": ["2016", "2017", "2018", "2019", "2020"], "reproduced_stats": {"2016": {"n_sessions": 244, "n_switches"
[    2.9s]   exposures[2015-01-30]=0.40 [2020-11-30]=0.90
[    2.9s] == 3. pools (r16 build_history + signal_pools) ==
[    5.3s]   pools at 2015-01-30: n=1438; union of ranked symbols: 2937
[    5.3s] == 4. C05 leg_log + membership consistency ==
[    5.4s]   C05: membership mismatches=0, events mismatches=0 / 71
[    5.4s] == 5. market frames ==
[    6.0s]   daily panel: 3841824 rows, 2937 symbols
[    6.5s]   halfday: 7254698 rows kept of 18486939 total (panel x dev), 2935 symbols
[   12.9s]   limits: 3829171 rows (dev x panel)
[   14.9s]   splits 2894 rows, dividends 20138 rows (panel)
[   14.9s]   rss after frames: 3.11 GB
[   14.9s] == 6. ETF assets ==
[   14.9s]   etf panel dev rows: 13158 per member {'sh.513100': 1462, 'sz.159934': 1462, 'sh.510050': 1462, 'sh.510300': 1462, 'sh.518880': 1462, 'sh.513500': 1462, 'sz.159915': 1462, 'sh.511010': 1462, 'sh.510880': 1462}
[   14.9s]   assertion (ii) preclose nulls: 0
[   14.9s]   disclosure: member-dev rows with volume<=0: 0
[   14.9s]   assertion (iii): sse 1462 days, panel union 1462 days, missing [], extra []
[   15.0s]   factor coverage gaps per member: {'sh.511010': 0, 'sh.518880': 0, 'sh.510050': 0, 'sh.510300': 0, 'sz.159915': 0, 'sh.510880': 0, 'sh.513100': 0, 'sh.513500': 0, 'sz.159934': 0}
[   15.0s]   dividend events built: 18 {'sh.510050': 5, 'sh.510300': 6, 'sh.510880': 6, 'sh.511010': 1}
[   15.0s]     sh.510050 2016-11-29 div/share=0.053
[   15.0s]     sh.510050 2017-11-28 div/share=0.054
[   15.0s]     sh.510050 2018-12-03 div/share=0.049
[   15.0s]     sh.510050 2019-12-02 div/share=0.047
[   15.0s]     sh.510050 2020-11-30 div/share=0.051
[   15.0s]     sh.510300 2015-01-20 div/share=0.035
[   15.0s]     sh.510300 2016-01-20 div/share=0.051
[   15.0s]     sh.510300 2017-01-23 div/share=0.055
[   15.0s]     sh.510300 2018-01-23 div/share=0.046
[   15.0s]     sh.510300 2019-01-16 div/share=0.059
[   15.0s]     sh.510300 2019-12-11 div/share=0.062
[   15.0s]     sh.510880 2015-01-20 div/share=0.080
[   15.0s]     sh.510880 2016-01-20 div/share=0.050
[   15.0s]     sh.510880 2017-01-23 div/share=0.091
[   15.0s]     sh.510880 2018-01-23 div/share=0.109
[   15.0s]     sh.510880 2019-01-16 div/share=0.098
[   15.0s]     sh.510880 2020-01-17 div/share=0.144
[   15.0s]     sh.511010 2015-10-09 div/share=1.000
[   15.0s]   159934 dev mismatch rows: 1 [{"symbol": "sz.159934", "date": "2020-02-26", "preclose": 3.614, "prev_close": 3.622, "rel_diff": -0.002208724461623457, "factor_ratio": 1.0}]; dividend-rule events: 0 (frozen)
[   15.0s]   symbol_meta: 9 symbols (8 members + sz.159934), explicit band 0.10, t_plus 0 (assertion (i) basis)
[   15.0s] == 7. momentum ranking (adj close, month-end) ==
[   15.0s]   lookback 6m universe[sh.518880+sh.510050+sh.510300+sz.159915+sh.510880+sh.513100+sh.513500]: 65 ranking months (2015-07-31..2020-11-30)
[   15.0s]   lookback 6m universe[sh.510050+sh.510300+sz.159915+sh.510880+sh.513100+sh.513500]: 65 ranking months (2015-07-31..2020-11-30)
[   15.0s] == 8. static intent frames ==
[   15.0s]   C05 (stock leg): intents 1395; R16 skips {'r16_at_target': 501, 'r16_feemin_skipped': 320}
[   15.0s]   C05 frame == P3R2 C05_intents.parquet (.equals) PASS
[   15.0s]   H2-A0: intents 1395 (etf 0, stock 1395); m5-b + first-decision uniqueness PASS; S2 disjointness PASS
[   15.1s]   H2-01: intents 1537 (etf 142, stock 1395); m5-b + first-decision uniqueness PASS; S2 disjointness PASS
[   15.1s]   H2-02: intents 1537 (etf 142, stock 1395); m5-b + first-decision uniqueness PASS; S2 disjointness PASS
[   15.2s]   H2-03: intents 1608 (etf 213, stock 1395); m5-b + first-decision uniqueness PASS; S2 disjointness PASS
[   15.3s]   H2-04: intents 1537 (etf 142, stock 1395); m5-b + first-decision uniqueness PASS; S2 disjointness PASS
[   15.3s]   ROT-03R: intents 147 (etf 147, stock 0); m5-b + first-decision uniqueness PASS; S2 disjointness PASS
[   15.3s]   ROT-04: intents 72 (etf 72, stock 0); m5-b + first-decision uniqueness PASS; S2 disjointness PASS
[   15.3s]   ROT-05: intents 204 (etf 204, stock 0); m5-b + first-decision uniqueness PASS; S2 disjointness PASS
[   15.3s] == 9. per-config engine input frames ==
[   15.3s]   stock frames (C05 universe): daily 270206, half 518093, limits 269531
[   15.4s] == 10. H2-A0 regression anchor vs P3R2 C05 ==
[   18.2s]   H2-A0: engine 2.8s, intents 1395 orders 18827 filled 737 cap 0 | rss 3.42 GB
[   18.2s]   H2-A0 fills.equals(P3R2 C05 fills) = True (mine 737 rows / ref 737 rows)
[   18.2s]   H2-A0 events.equals(P3R2 C05 events) = True (mine 20365 rows / ref 20365 rows)
[   18.2s]   H2-A0 daily.equals(P3R2 C05 daily) = True (mine 1462 rows / ref 1462 rows)
[   18.2s]   H2-A0 clips_final.equals(P3R2 C05 clips_final) = True (mine 31 rows / ref 31 rows)
[   18.2s]   H2-A0 net_cagr 0.0388322807 vs P3R2 C05 0.0388322807 -> True
[   18.2s]   H2-A0 regression anchor PASS
[   18.2s] == 11. remaining configs ==
[   20.9s]   H2-01: engine 2.7s, intents 1537 orders 20043 filled 708 cap 0 | rss 3.49 GB
[   23.7s]   H2-02: engine 2.8s, intents 1537 orders 19762 filled 724 cap 0 | rss 3.52 GB
[   26.4s]   H2-03: engine 2.7s, intents 1608 orders 21509 filled 668 cap 0 | rss 3.56 GB
[   29.0s]   H2-04: engine 2.6s, intents 1537 orders 19756 filled 714 cap 0 | rss 3.59 GB
[   29.2s]   ROT-03R: engine 0.2s, intents 147 orders 229 filled 73 cap 0 | rss 3.59 GB
[   29.3s]   ROT-04: engine 0.1s, intents 72 orders 388 filled 59 cap 0 | rss 3.59 GB
[   29.5s]   ROT-05: engine 0.2s, intents 204 orders 160 filled 65 cap 0 | rss 3.59 GB
[   29.5s]   H2-01: leg cap-voids 0 (OK); drift breaches 102 (recorded-only)
[   29.5s]   H2-02: leg cap-voids 0 (OK); drift breaches 0 (recorded-only)
[   29.5s]   H2-03: leg cap-voids 0 (OK); drift breaches 0 (recorded-only)
[   29.5s]   H2-04: leg cap-voids 0 (OK); drift breaches 0 (recorded-only)
[   29.5s]   ROT-03R: leg cap-voids 0 (OK); drift breaches 2584 (recorded-only)
[   29.5s]   ROT-05: leg cap-voids 0 (OK); drift breaches 1839 (recorded-only)
[   29.5s] == 12. per-intent attribution ==
[   29.7s]   H2-A0: R16-mapped exec 53.3% (filled 737, rule-blocked 6, terminated 652); term {'expiry': 136, 'override_same_name': 515, 'cap_void': 0, 'suspension_abandon': 1}
[   29.8s]   H2-01: R16-mapped exec 47.2% (filled 708, rule-blocked 18, terminated 811); term {'expiry': 155, 'override_same_name': 655, 'cap_void': 0, 'suspension_abandon': 1}
[   29.8s]   H2-02: R16-mapped exec 48.1% (filled 724, rule-blocked 15, terminated 798); term {'expiry': 153, 'override_same_name': 644, 'cap_void': 0, 'suspension_abandon': 1}
[   29.9s]   H2-03: R16-mapped exec 43.7% (filled 668, rule-blocked 35, terminated 905); term {'expiry': 174, 'override_same_name': 730, 'cap_void': 0, 'suspension_abandon': 1}
[   30.0s]   H2-04: R16-mapped exec 47.5% (filled 714, rule-blocked 16, terminated 807); term {'expiry': 150, 'override_same_name': 656, 'cap_void': 0, 'suspension_abandon': 1}
[   30.0s]   ROT-03R: R16-mapped exec 51.7% (filled 73, rule-blocked 3, terminated 71); term {'expiry': 2, 'override_same_name': 69, 'cap_void': 0, 'suspension_abandon': 0}
[   30.0s]   ROT-04: R16-mapped exec 93.1% (filled 59, rule-blocked 8, terminated 5); term {'expiry': 4, 'override_same_name': 1, 'cap_void': 0, 'suspension_abandon': 0}
[   30.0s]   ROT-05: R16-mapped exec 32.8% (filled 65, rule-blocked 2, terminated 137); term {'expiry': 2, 'override_same_name': 135, 'cap_void': 0, 'suspension_abandon': 0}
[   30.0s] == 13. metrics & gates ==
[   30.1s]   H2-A0: net +3.88% excess +3.28pp adv 4/6 mdd -21.20% turn 1.59 w 11.1% g8v3 6+1/7=100.0% (8v2对照 6/7=85.7%) goal10 False -> eliminated ['3_advantage_years_ge_5_of_6', '4_mdd_le_20pct_and_le_B1m']
[   30.2s]   H2-01: net +5.15% excess +4.55pp adv 5/6 mdd -19.83% turn 1.42 w 26.6% g8v3 7+1/8=100.0% (8v2对照 7/8=87.5%) goal10 False -> PASS
[   30.3s]   H2-02: net +6.99% excess +6.39pp adv 5/6 mdd -20.41% turn 1.46 w 21.1% g8v3 5+1/6=100.0% (8v2对照 5/6=83.3%) goal10 False -> eliminated ['4_mdd_le_20pct_and_le_B1m']
[   30.5s]   H2-03: net +6.66% excess +6.06pp adv 5/6 mdd -19.84% turn 1.34 w 21.1% g8v3 5+1/6=100.0% (8v2对照 5/6=83.3%) goal10 False -> PASS
[   30.6s]   H2-04: net +5.76% excess +5.16pp adv 5/6 mdd -19.82% turn 1.46 w 24.3% g8v3 6+1/7=100.0% (8v2对照 6/7=85.7%) goal10 False -> PASS
[   30.6s]   ROT-03R: net +8.56% excess +7.96pp adv 4/6 mdd -18.82% turn 2.22 w 34.9% g8v3 2+0/2=100.0% (8v2对照 2/2=100.0%) goal10 False -> eliminated ['3_advantage_years_ge_5_of_6']
[   30.6s]   ROT-04: net +7.33% excess +6.73pp adv 4/6 mdd -18.20% turn 2.05 w 35.3% g8v3 1+0/1=100.0% (8v2对照 1/1=100.0%) goal10 False -> eliminated ['3_advantage_years_ge_5_of_6']
[   30.6s]   ROT-05: net +8.99% excess +8.39pp adv 5/6 mdd -12.46% turn 1.98 w 33.3% g8v3 1+0/1=100.0% (8v2对照 1/1=100.0%) goal10 False -> PASS
[   30.6s] == gates: 4/8 dev_pass ==
[   30.6s] == 14. disclosures ==
[   31.0s] == 15. outputs ==
[   31.1s] == manifest + report written; wall 31s, peak rss 3.59 GB ==
[   31.1s] == VERDICT: 4/8 dev_pass; blocked=[]; STOP before val: >=1 config passed all dev gates; val requires separate user approval
