[    0.0s] == 0. identity pins (engine v1.1 re-anchored, prereg rev 5) ==
[    0.0s]   engine: 56f5fec4d5491fc6 expect 56f5fec4d5491fc6dd0cb7110f8e27e54b783889f622d9cbadb98cc8264fe5ad match=True
[    0.0s]   r16_config: 27f846a7330919a4 expect 27f846a7330919a4 match=True
[    0.0s]   p3r2_config: b49025b44c719685 expect b49025b44c719685 match=True
[    0.4s]   daily: d9a63f4cc3032926 expect d9a63f4cc3032926 match=True
[    0.4s]   split_factor: 2f436b2f13d09a9b expect 2f436b2f13d09a9b match=True
[    0.4s]   dividends: 46121c09cddde72e expect 46121c09cddde72e match=True
[    0.4s]   index_000300: 05aaa8183a11c674 expect 05aaa8183a11c674 match=True
[    3.3s]   stk_limit aggregate: 3c53abf3b0c39b42 (2432 files) match=True
[    3.3s]   python 3.11.15 | rss 0.27 GB
[    3.3s] == 1. calendar & signal days ==
[    3.5s]   71 signal days (2015-01-30..2020-11-30) (2020-12-31 dropped as signal, kept as expiry anchor)
[    3.5s] == 2. exposures ==
[    3.5s]   t200 behavioral anchor check: {"anchor_years": ["2016", "2017", "2018", "2019", "2020"], "reproduced_stats": {"2016": {"n_sessions": 244, "n_switches"
[    3.5s]   exposures: T200-40[0]=0.40 [T200-40][-1]=0.90; FIX75[0]=0.75 [FIX75][-1]=0.75
[    3.5s] == 3. pools (r16 build_history + signal_pools) ==
[    6.7s]   pools at 2015-01-30: n=1438; union of ranked symbols: 2937
[    6.7s] == 4. leg_log + 8/8 membership consistency ==
[    6.8s]   C05: membership mismatches=0, events mismatches=0 / 71
[    6.8s]   8/8 configs PASS (leg_log <-> independent buffer_membership + events)
[    6.8s] == 5. market frames ==
[    7.8s]   daily panel: 3841824 rows, 2937 symbols, max 2020-12-31
[    8.5s]   halfday: 7254698 rows kept of 18486939 total (panel x dev), 2935 symbols
[   20.3s]   limits: 3829171 rows (dev x panel)
[   23.1s]   splits 2894 rows, dividends 20138 rows (panel)
[   23.1s]   rss after frames: 3.06 GB
[   25.6s]   host diagnostics: 2937 official series; market-level half-market days (pm<50% am, >500 am rows): ['2016-01-07']
[   25.7s] == 7. static intent frames (engine-side lifecycle, prereg rev 2) ==
[   25.7s]   C05: intents 1395 (buy_open 774, sell_full 268, rescale->reduce 353; R16 skips {'r16_at_target': 501, 'r16_feemin_skipped': 320}); m5-b uniqueness PASS
[   25.7s]   total intents: 1395
[   25.7s] == 8. per-config intent-mode engine runs ==
[   25.8s]   C05: panel 188 symbols, daily 270206 / half 518093 / limits 269531 rows, intents 1395, rss 4.02 GB
[   31.1s]   C05: engine done in 5.3s; intents 1395 activated 1395 orders 18827 filled 737 override 518 expired 127 cap 0 | rss 3.21 GB
[   31.1s] == 9. intent_layer reconciliation ==
[   31.1s]   C05: reconciliation PASS (activated 1395/1395, orders 18827, done 1382, active-at-end 13, at_target_skips 8683, no_anchor_skips 1423)
[   31.1s] == 10. per-intent attribution & gate 8 ==
[   31.4s]   C05: gate8 mapped 53.3% (filled 737, rule-blocked 6, terminated 652, zero-emission 229); term {'expiry': 136, 'override_same_name': 515, 'cap_void': 0, 'suspension_abandon': 1}; pm-no-bar rehangs 7; no-limit sell voids 0 (gap days 0)
[   31.4s] == 11. metrics & gates ==
[   31.6s]   C05: net +3.88% excess +3.28pp adv 4/6 mdd -21.20% turn 1.59 w 11.1% exec 53.3% -> eliminated ['3_advantage_years_ge_5_of_6', '4_mdd_le_20pct_and_le_B1m', '8_execution_rate_ge_95pct']
[   31.6s] == gates: 0/8 dev_pass ==
[   31.6s] == 12. disclosures ==
[   32.0s] == 13. outputs ==
[   32.1s] == manifest + report written; wall 32s, peak rss 4.02 GB ==
[   32.1s] == VERDICT: 0/8 dev_pass; no config passed all dev gates (0/8); val not consumed
[    0.0s] == 0. identity pins (engine v1.1 re-anchored, prereg rev 5) ==
[    0.0s]   engine: 7ad35014d72711cb expect 7ad35014d72711cb43ab6aedc232d70adf7eece60604b2a057ee039c9bd11e78 match=True
[    0.0s]   r16_config: 27f846a7330919a4 expect 27f846a7330919a4 match=True
[    0.0s]   p3r2_config: b49025b44c719685 expect b49025b44c719685 match=True
[    0.5s]   daily: d9a63f4cc3032926 expect d9a63f4cc3032926 match=True
[    0.5s]   split_factor: 2f436b2f13d09a9b expect 2f436b2f13d09a9b match=True
[    0.5s]   dividends: 46121c09cddde72e expect 46121c09cddde72e match=True
[    0.5s]   index_000300: 05aaa8183a11c674 expect 05aaa8183a11c674 match=True
[    3.5s]   stk_limit aggregate: 3c53abf3b0c39b42 (2432 files) match=True
[    3.5s]   python 3.11.15 | rss 0.27 GB
[    3.5s] == 1. calendar & signal days ==
[    3.6s]   71 signal days (2015-01-30..2020-11-30) (2020-12-31 dropped as signal, kept as expiry anchor)
[    3.6s] == 2. exposures ==
[    3.6s]   t200 behavioral anchor check: {"anchor_years": ["2016", "2017", "2018", "2019", "2020"], "reproduced_stats": {"2016": {"n_sessions": 244, "n_switches"
[    3.6s]   exposures: T200-40[0]=0.40 [T200-40][-1]=0.90; FIX75[0]=0.75 [FIX75][-1]=0.75
[    3.6s] == 3. pools (r16 build_history + signal_pools) ==
[    6.9s]   pools at 2015-01-30: n=1438; union of ranked symbols: 2937
[    6.9s] == 4. leg_log + 8/8 membership consistency ==
[    7.0s]   C05: membership mismatches=0, events mismatches=0 / 71
[    7.0s]   8/8 configs PASS (leg_log <-> independent buffer_membership + events)
[    7.0s] == 5. market frames ==
[    7.9s]   daily panel: 3841824 rows, 2937 symbols, max 2020-12-31
[    8.8s]   halfday: 7254698 rows kept of 18486939 total (panel x dev), 2935 symbols
[   17.6s]   limits: 3829171 rows (dev x panel)
[   20.0s]   splits 2894 rows, dividends 20138 rows (panel)
[   20.0s]   rss after frames: 3.11 GB
[   22.0s]   host diagnostics: 2937 official series; market-level half-market days (pm<50% am, >500 am rows): ['2016-01-07']
[   22.0s] == 7. static intent frames (engine-side lifecycle, prereg rev 2) ==
[   22.0s]   C05: intents 1395 (buy_open 774, sell_full 268, rescale->reduce 353; R16 skips {'r16_at_target': 501, 'r16_feemin_skipped': 320}); m5-b uniqueness PASS
[   22.0s]   total intents: 1395
[   22.0s] == 8. per-config intent-mode engine runs ==
[   22.0s]   C05: panel 188 symbols, daily 270206 / half 518093 / limits 269531 rows, intents 1395, rss 5.16 GB
[   25.2s]   C05: engine done in 3.2s; intents 1395 activated 1395 orders 18827 filled 737 override 518 expired 127 cap 0 | rss 4.72 GB
[   25.2s] == 9. intent_layer reconciliation ==
[   25.2s]   C05: reconciliation PASS (activated 1395/1395, orders 18827, done 1382, active-at-end 13, at_target_skips 8683, no_anchor_skips 1423)
[   25.2s] == 10. per-intent attribution & gate 8 ==
[   25.3s]   C05: gate8 mapped 53.3% (filled 737, rule-blocked 6, terminated 652, zero-emission 229); term {'expiry': 136, 'override_same_name': 515, 'cap_void': 0, 'suspension_abandon': 1}; pm-no-bar rehangs 7; no-limit sell voids 0 (gap days 0)
[   25.3s] == 11. metrics & gates ==
[   25.4s]   C05: net +3.88% excess +3.28pp adv 4/6 mdd -21.20% turn 1.59 w 11.1% exec 53.3% -> eliminated ['3_advantage_years_ge_5_of_6', '4_mdd_le_20pct_and_le_B1m', '8_execution_rate_ge_95pct']
[   25.4s] == gates: 0/8 dev_pass ==
[   25.4s] == 12. disclosures ==
[   25.6s] == 13. outputs ==
[   25.7s] == manifest + report written; wall 26s, peak rss 5.16 GB ==
[   25.7s] == VERDICT: 0/8 dev_pass; no config passed all dev gates (0/8); val not consumed
[    0.0s] == 0. identity pins (engine v1.1 re-anchored, prereg rev 5) ==
[    0.0s]   engine: 7ad35014d72711cb expect 7ad35014d72711cb43ab6aedc232d70adf7eece60604b2a057ee039c9bd11e78 match=True
[    0.0s]   r16_config: 27f846a7330919a4 expect 27f846a7330919a4 match=True
[    0.0s]   p3r2_config: b49025b44c719685 expect b49025b44c719685 match=True
[    1.4s]   daily: d9a63f4cc3032926 expect d9a63f4cc3032926 match=True
[    1.4s]   split_factor: 2f436b2f13d09a9b expect 2f436b2f13d09a9b match=True
[    1.4s]   dividends: 46121c09cddde72e expect 46121c09cddde72e match=True
[    1.4s]   index_000300: 05aaa8183a11c674 expect 05aaa8183a11c674 match=True
[    9.9s]   stk_limit aggregate: 3c53abf3b0c39b42 (2432 files) match=True
[    9.9s]   python 3.11.15 | rss 0.27 GB
[    9.9s] == 1. calendar & signal days ==
[   10.3s]   71 signal days (2015-01-30..2020-11-30) (2020-12-31 dropped as signal, kept as expiry anchor)
[   10.3s] == 2. exposures ==
[   10.3s]   t200 behavioral anchor check: {"anchor_years": ["2016", "2017", "2018", "2019", "2020"], "reproduced_stats": {"2016": {"n_sessions": 244, "n_switches"
[   10.3s]   exposures: T200-40[0]=0.40 [T200-40][-1]=0.90; FIX75[0]=0.75 [FIX75][-1]=0.75
[   10.3s] == 3. pools (r16 build_history + signal_pools) ==
[   23.6s]   pools at 2015-01-30: n=1438; union of ranked symbols: 2937
[   23.6s] == 4. leg_log + 8/8 membership consistency ==
[   23.9s]   C05: membership mismatches=0, events mismatches=0 / 71
[   23.9s]   8/8 configs PASS (leg_log <-> independent buffer_membership + events)
[   23.9s] == 5. market frames ==
[   27.9s]   daily panel: 3841824 rows, 2937 symbols, max 2020-12-31
[   31.8s]   halfday: 7254698 rows kept of 18486939 total (panel x dev), 2935 symbols
[   66.7s]   limits: 3829171 rows (dev x panel)
[   83.2s]   splits 2894 rows, dividends 20138 rows (panel)
[   83.2s]   rss after frames: 2.52 GB
[   92.7s]   host diagnostics: 2937 official series; market-level half-market days (pm<50% am, >500 am rows): ['2016-01-07']
[   92.7s] == 7. static intent frames (engine-side lifecycle, prereg rev 2) ==
[   92.7s]   C05: intents 1395 (buy_open 774, sell_full 268, rescale->reduce 353; R16 skips {'r16_at_target': 501, 'r16_feemin_skipped': 320}); m5-b uniqueness PASS
[   92.7s]   total intents: 1395
[   92.7s] == 8. per-config intent-mode engine runs ==
[   92.8s]   C05: panel 188 symbols, daily 270206 / half 518093 / limits 269531 rows, intents 1395, rss 4.52 GB
[  116.5s]   C05: engine done in 23.6s; intents 1395 activated 1395 orders 18827 filled 737 override 518 expired 127 cap 0 | rss 4.10 GB
[  116.5s] == 9. intent_layer reconciliation ==
[  116.5s]   C05: reconciliation PASS (activated 1395/1395, orders 18827, done 1382, active-at-end 13, at_target_skips 8683, no_anchor_skips 1423)
[  116.5s] == 10. per-intent attribution & gate 8 ==
[  116.9s]   C05: gate8 mapped 53.3% (filled 737, rule-blocked 6, terminated 652, zero-emission 229); term {'expiry': 136, 'override_same_name': 515, 'cap_void': 0, 'suspension_abandon': 1}; pm-no-bar rehangs 7; no-limit sell voids 0 (gap days 0)
[  116.9s] == 11. metrics & gates ==
[  117.7s]   C05: net +3.88% excess +3.28pp adv 4/6 mdd -21.20% turn 1.59 w 11.1% exec 53.3% -> eliminated ['3_advantage_years_ge_5_of_6', '4_mdd_le_20pct_and_le_B1m', '8_execution_rate_ge_95pct']
[  117.7s] == gates: 0/8 dev_pass ==
[  117.7s] == 12. disclosures ==
[  118.5s] == 13. outputs ==
[  118.7s] == manifest + report written; wall 119s, peak rss 4.52 GB ==
[  118.7s] == VERDICT: 0/8 dev_pass; no config passed all dev gates (0/8); val not consumed
