[    0.0s] == 0. identity pins (engine v1.3 frozen, prereg frozen) ==
[    0.0s]   engine: 31022babbc2858ea expect 84a2443ac28fe1b87e4a18f988fd38cc67cf706d5778e262f11465147234082c match=False
[    0.0s] !! FAIL: identity pin mismatch: engine
[    0.0s] == 0. identity pins (engine v1.3 frozen, prereg frozen) ==
[    0.0s]   engine: 31022babbc2858ea expect 31022babbc2858ea27a9142141fba9c14f7361294ea84e4257025ce820aa6076 match=True
[    0.0s]   r16_config: 27f846a7330919a4 expect 27f846a7330919a4 match=True
[    1.3s]   daily: d9a63f4cc3032926 expect d9a63f4cc3032926 match=True
[    1.3s]   halfday_manifest: 2a414174b5df2eee expect 2a414174b5df2eee match=True
[    1.3s]   split_factor: 2f436b2f13d09a9b expect 2f436b2f13d09a9b match=True
[    1.3s]   dividends: 46121c09cddde72e expect 46121c09cddde72e match=True
[    1.3s]   index_000300: 05aaa8183a11c674 expect 05aaa8183a11c674 match=True
[    1.3s]   f3r1_ew_composite: 9b93696b14fdd31f expect None match=True
[    1.3s]   f3r1_icw_composite: b09242ee542cf675 expect None match=True
[    1.3s]   f3r1_dedup_clusters: 7b80b95bbbbbc34d expect None match=True
[    1.3s]   f3r1_all120: df35f17604595b34 expect None match=True
[    1.3s]   f3r1_manifest: 9feb6080e985971a expect None match=True
[    1.3s]   f3r1_prereg_inherited: 858beb421421ccb4 expect None match=True
[    1.3s]   f3r1_metrics: 714fd8acb7174c2b expect None match=True
[    1.3s]   prereg: bd56fb5cfb5da4df expect None match=True
[    1.3s]   v3_prereg_inherited: 8e3c534fad39e3e7 expect None match=True
[    1.3s]   f3r2_config: d2a2136ebf1bd3d7 expect None match=True
[    1.3s]   v3_metrics_r306_anchor_source: 9e2cd4aafec15c08 expect None match=True
[    1.3s]   v3_r306_intents: c1e874bddb88d238 expect None match=True
[    1.4s]   v3_r306_fills: 2f509f6894d54787 expect None match=True
[    1.4s]   v3_r306_events: 6be782d8ac781c6a expect None match=True
[    1.4s]   v3_r306_daily: 123e4cb385368abc expect None match=True
[    1.4s]   v3_r306_clips: af1fb490c49790d8 expect None match=True
[    1.4s]   r16_metrics: 8d0b6ebbdea6ebb9 expect None match=True
[    1.4s]   etf_manifest: 8b5b3fe56c0e02fd expect None match=True
[   15.8s]   etf processed dir aggregate: 75777221a8b33502 (7 files); fund_adj batch re-verified (1169 chunks, 0 mismatches) aggregate matches manifest: True
[   15.8s]   python 3.11.15 | polars 1.44.2 | numpy 1.26.4 | rss 0.28 GB
[    0.0s] == 0. identity pins (engine v1.3 frozen, prereg frozen) ==
[    0.0s]   engine: 31022babbc2858ea expect 31022babbc2858ea27a9142141fba9c14f7361294ea84e4257025ce820aa6076 match=True
[    0.0s]   r16_config: 27f846a7330919a4 expect 27f846a7330919a4 match=True
[    1.6s]   daily: d9a63f4cc3032926 expect d9a63f4cc3032926 match=True
[    1.6s]   halfday_manifest: 2a414174b5df2eee expect 2a414174b5df2eee match=True
[    1.6s]   split_factor: 2f436b2f13d09a9b expect 2f436b2f13d09a9b match=True
[    1.6s]   dividends: 46121c09cddde72e expect 46121c09cddde72e match=True
[    1.6s]   index_000300: 05aaa8183a11c674 expect 05aaa8183a11c674 match=True
[    1.6s]   f3r1_ew_composite: ff3c21d1aceefa0b expect None match=True
[    1.7s]   f3r1_icw_composite: e125acb1cbb627ee expect None match=True
[    1.7s]   f3r1_dedup_clusters: b8113749759cecd5 expect None match=True
[    1.7s]   f3r1_all120: df35f17604595b34 expect None match=True
[    1.7s]   f3r1_manifest: 07e4812758c80eb4 expect None match=True
[    1.7s]   f3r1_prereg_inherited: 858beb421421ccb4 expect None match=True
[    1.7s]   f3r1_metrics: fc8ee1612c6c9237 expect None match=True
[    1.7s]   prereg: bd56fb5cfb5da4df expect None match=True
[    1.7s]   v3_prereg_inherited: 8e3c534fad39e3e7 expect None match=True
[    1.7s]   f3r2_config: d2a2136ebf1bd3d7 expect None match=True
[    1.7s]   v3_metrics_r306_anchor_source: 9e2cd4aafec15c08 expect None match=True
[    1.7s]   v3_r306_intents: c1e874bddb88d238 expect None match=True
[    1.7s]   v3_r306_fills: 2f509f6894d54787 expect None match=True
[    1.7s]   v3_r306_events: 6be782d8ac781c6a expect None match=True
[    1.7s]   v3_r306_daily: 123e4cb385368abc expect None match=True
[    1.7s]   v3_r306_clips: af1fb490c49790d8 expect None match=True
[    1.7s]   r16_metrics: 8d0b6ebbdea6ebb9 expect None match=True
[    1.7s]   etf_manifest: 8b5b3fe56c0e02fd expect None match=True
[   14.7s]   etf processed dir aggregate: 75777221a8b33502 (7 files); fund_adj batch re-verified (1169 chunks, 0 mismatches) aggregate matches manifest: True
[   14.7s]   python 3.11.15 | polars 1.44.2 | numpy 1.26.4 | rss 0.28 GB
[   14.7s] == 1. calendar & signal days ==
[   15.1s]   71 signal days (2015-01-30..2020-11-30; 2020-12-31 dropped as signal, kept as expiry anchor)
[   15.1s] == 2. exposures (T200-40) ==
[   15.2s]   t200 behavioral anchor check: {"anchor_years": ["2016", "2017", "2018", "2019", "2020"], "reproduced_stats": {"2016": {"n_sessions": 244, "n_switches"
[   15.2s]   exposures[2015-01-30]=0.40 [2020-11-30]=0.90
[   15.2s] == 3. pools (r16 build_history + signal_pools) ==
[   27.6s]   pools at 2015-01-30: n=1438; union of ranked symbols: 2937
[   27.6s] == 4. F3 composite sleeve: load composites + buffer membership ==
[   28.1s]   composite EW: 71 days, eligible min 810 median 1510 max 2260
[   29.2s]   composite ICW: 71 days, eligible min 810 median 1510 max 2260
[   29.6s]   sleeve EW: max members/month 3 (<= 3 req), entries 174 over 71 months, panel symbols 147 (cumulative both arms)
[   29.6s]   sleeve ICW: max members/month 3 (<= 3 req), entries 185 over 71 months, panel symbols 206 (cumulative both arms)
[   29.6s] == 5. market frames ==
[   32.1s]   daily panel: 3841824 rows, 2937 symbols
[   32.9s]   halfday: 7254698 rows kept of 18486939 total (panel x dev), 2935 symbols
[   40.3s]   limits: 3829171 rows (dev x panel)
[   43.0s]   splits 2894 rows, dividends 20138 rows (panel)
[   43.0s]   rss after frames: 3.10 GB
[   43.0s] == 6. ETF assets ==
[   43.0s]   etf panel dev rows: 13158 per member {'sh.513100': 1462, 'sh.513500': 1462, 'sh.510050': 1462, 'sz.159915': 1462, 'sz.159934': 1462, 'sh.511010': 1462, 'sh.510880': 1462, 'sh.510300': 1462, 'sh.518880': 1462}
[   43.0s]   assertion (ii) preclose nulls: 0
[   43.0s]   disclosure: member-dev rows with volume<=0: 0
[   43.0s]   assertion (iii): sse 1462 days, panel union 1462 days, missing [], extra []
[   43.1s]   factor coverage gaps per member: {'sh.511010': 0, 'sh.518880': 0, 'sh.510050': 0, 'sh.510300': 0, 'sz.159915': 0, 'sh.510880': 0, 'sh.513100': 0, 'sh.513500': 0, 'sz.159934': 0}
[   43.1s]   dividend events built: 18 {'sh.510050': 5, 'sh.510300': 6, 'sh.510880': 6, 'sh.511010': 1}
[   43.1s]     sh.510050 2016-11-29 div/share=0.053
[   43.1s]     sh.510050 2017-11-28 div/share=0.054
[   43.1s]     sh.510050 2018-12-03 div/share=0.049
[   43.1s]     sh.510050 2019-12-02 div/share=0.047
[   43.1s]     sh.510050 2020-11-30 div/share=0.051
[   43.1s]     sh.510300 2015-01-20 div/share=0.035
[   43.1s]     sh.510300 2016-01-20 div/share=0.051
[   43.1s]     sh.510300 2017-01-23 div/share=0.055
[   43.1s]     sh.510300 2018-01-23 div/share=0.046
[   43.1s]     sh.510300 2019-01-16 div/share=0.059
[   43.1s]     sh.510300 2019-12-11 div/share=0.062
[   43.1s]     sh.510880 2015-01-20 div/share=0.080
[   43.1s]     sh.510880 2016-01-20 div/share=0.050
[   43.1s]     sh.510880 2017-01-23 div/share=0.091
[   43.1s]     sh.510880 2018-01-23 div/share=0.109
[   43.1s]     sh.510880 2019-01-16 div/share=0.098
[   43.1s]     sh.510880 2020-01-17 div/share=0.144
[   43.1s]     sh.511010 2015-10-09 div/share=1.000
[   43.1s]   159934 dev mismatch rows: 1 [{"symbol": "sz.159934", "date": "2020-02-26", "preclose": 3.614, "prev_close": 3.622, "rel_diff": -0.002208724461623457, "factor_ratio": 1.0}]; dividend-rule events: 0 (frozen)
[   43.1s]   symbol_meta: 9 symbols (8 members + sz.159934), explicit band 0.10, t_plus 0 (assertion (i) basis)
[   43.1s] == 7. momentum ranking (adj close, month-end) ==
[   43.1s]   lookback 6m universe[sh.510050+sh.510300+sz.159915+sh.510880+sh.513100+sh.513500]: 65 ranking months (2015-07-31..2020-11-30)
[   43.1s] == 8. static intent frames ==
[   43.1s]   sleeve EW: intents 384
[   43.1s]   sleeve ICW: intents 395
[   43.1s]   F3R2-A0: intents 206 (etf 206, stock 0); m5-b + first-decision uniqueness PASS; S2 disjointness PASS
[   43.1s]   F3R2-EW: intents 526 (etf 142, stock 384); m5-b + first-decision uniqueness PASS; S2 disjointness PASS
[   43.1s]   F3R2-ICW: intents 537 (etf 142, stock 395); m5-b + first-decision uniqueness PASS; S2 disjointness PASS
[   43.1s] == 9. per-config engine input frames ==
[   43.2s]   stock frames (F3 sleeve union, 206 syms): daily 284050, half 545406, limits 283475
[   43.2s] == 10. F3R2-A0 regression anchor vs v3 R3-06 ==
[   43.5s]   F3R2-A0: engine 0.3s, intents 206 orders 172 filled 65 cap 0 | rss 3.31 GB
[   43.5s]   F3R2-A0 intents.equals(v3 R3-06 intents) = True (mine 206 rows / ref 206 rows)
[   43.5s]   F3R2-A0 fills.equals(v3 R3-06 fills) = True (mine 65 rows / ref 65 rows)
[   43.5s]   F3R2-A0 events.equals(v3 R3-06 events) = True (mine 383 rows / ref 383 rows)
[   43.5s]   F3R2-A0 daily.equals(v3 R3-06 daily) = True (mine 1462 rows / ref 1462 rows)
[   43.5s]   F3R2-A0 clips_final.equals(v3 R3-06 clips_final) = True (mine 5 rows / ref 5 rows)
[   43.5s]   F3R2-A0 net_cagr 0.1106293669 vs v3 R3-06 0.1106293669 -> True
[   43.5s]   F3R2-A0 regression anchor PASS (== v3 R3-06, 5/5 frames)
[   43.5s] == 11. remaining configs ==
[   45.2s]   F3R2-EW: engine 1.7s, intents 526 orders 4023 filled 266 cap 0 | rss 3.35 GB
[   46.8s]   F3R2-ICW: engine 1.6s, intents 537 orders 9426 filled 141 cap 0 | rss 3.39 GB
[   46.8s]   F3R2-A0: leg cap-voids 0 (OK); drift breaches 79 (recorded-only)
[   46.8s]   F3R2-EW: leg cap-voids 0 (OK); drift breaches 2 (recorded-only)
[   46.8s]   F3R2-ICW: leg cap-voids 0 (OK); drift breaches 99 (recorded-only)
[   46.8s] == 12. per-intent attribution ==
[   47.0s]   F3R2-A0: R16-mapped exec 33.0% (filled 65, rule-blocked 3, terminated 138); term {'expiry': 2, 'override_same_name': 136, 'cap_void': 0, 'suspension_abandon': 0}
[   47.0s]   F3R2-EW: R16-mapped exec 58.7% (filled 266, rule-blocked 43, terminated 217); term {'expiry': 7, 'override_same_name': 205, 'cap_void': 0, 'suspension_abandon': 5}
[   47.0s]   F3R2-ICW: R16-mapped exec 46.6% (filled 141, rule-blocked 109, terminated 287); term {'expiry': 10, 'override_same_name': 271, 'cap_void': 0, 'suspension_abandon': 6}
[   47.0s] == 13. metrics & gates ==
[   47.1s]   F3R2-A0: net +11.06% excess +10.46pp adv 5/6 mdd -16.22% turn 1.59 w 27.5% g8v3 0+0/0=n/a(0 armed) (8v2对照 0/0=n/a(0 armed)) goal10 True -> PASS
[   47.1s]   F3R2-EW: net +7.74% excess +7.14pp adv 4/6 mdd -24.88% turn 4.01 w 25.0% g8v3 0+0/2=0.0% (8v2对照 0/2=0.0%) goal10 False -> eliminated ['3_advantage_years_ge_5_of_6', '4_mdd_le_20pct_and_le_B1m', '8v3_final_delivery_ge_99pct']
[   47.2s]   F3R2-ICW: net +8.54% excess +7.94pp adv 5/6 mdd -27.69% turn 2.59 w 32.4% g8v3 0+0/1=0.0% (8v2对照 0/1=0.0%) goal10 False -> eliminated ['4_mdd_le_20pct_and_le_B1m', '8v3_final_delivery_ge_99pct']
[   47.2s] == gates: 0/2 dev_pass (arms only; F3R2-A0 anchor not re-adjudicated, verdict stays with v3) ==
[   47.2s] == 14. disclosures ==
[   47.3s] == 15. outputs ==
[   47.3s] == manifest + report written; wall 47s, peak rss 3.39 GB ==
[   47.3s] == VERDICT: 0/2 arms dev_pass; blocked=[]; no ARM passed all dev gates (0/2); F-line PAUSED per the F3R2 prereg stop clause (F3R3 is a separate user decision); val not consumed
