[2026-09-17T23:55:56] 共 514 个扫描单元, 已完成 0
[2026-09-17T23:55:56] [1/514] xiaodefa/20260913-1 mode=full
[2026-09-17T23:55:56] [2/514] xiaodefa/20260914-300114-status mode=full
[2026-09-17T23:55:56] [3/514] xiaodefa/20260914-minute-interface-probe mode=full
[2026-09-17T23:55:56] [4/514] xiaodefa/adj_factor/20260913-bulk1 mode=full
[2026-09-17T23:56:04] [5/514] xiaodefa/block_trade/20260913-bulk1 mode=full
[2026-09-17T23:56:06] [6/514] xiaodefa/bse_mapping/20260913-bulk1 mode=full
[2026-09-17T23:56:06] [7/514] xiaodefa/cb_basic/20260913-bulk1 mode=full
[2026-09-17T23:56:06] [8/514] xiaodefa/ccass_hold/20260913-bulk1 mode=full
[2026-09-17T23:56:08] [9/514] xiaodefa/ci_daily/20260913-bulk1 mode=full
[2026-09-17T23:56:10] [10/514] xiaodefa/cn_cpi/20260913-bulk1 mode=full
[2026-09-17T23:56:10] [11/514] xiaodefa/cn_m/20260913-bulk1 mode=full
[2026-09-17T23:56:10] [12/514] xiaodefa/cn_pmi/20260913-bulk1 mode=full
[2026-09-17T23:56:10] [13/514] xiaodefa/cn_ppi/20260913-bulk1 mode=full
[2026-09-17T23:56:10] [14/514] xiaodefa/cn_schedule/20260913-bulk1 mode=full
[2026-09-17T23:56:10] [15/514] xiaodefa/cyq_perf/20260913-bulk1 mode=full
[2026-09-17T23:56:26] [16/514] xiaodefa/daily_info/20260913-bulk1 mode=full
[2026-09-17T23:56:28] [17/514] xiaodefa/dc_daily/20260913-bulk1 mode=full
[2026-09-17T23:56:29] [18/514] xiaodefa/dc_index/20260913-bulk1 mode=full
[2026-09-17T23:56:29] [19/514] xiaodefa/etf_basic/20260913-bulk1 mode=full
[2026-09-17T23:56:29] [20/514] xiaodefa/etf_index/20260913-bulk1 mode=full
[2026-09-17T23:56:29] [21/514] xiaodefa/fund_basic/20260913-bulk1 mode=full
[2026-09-17T23:56:30] [22/514] xiaodefa/fund_company/20260913-bulk1 mode=full
[2026-09-17T23:56:30] [23/514] xiaodefa/ggt_daily/20260913-bulk1 mode=full
[2026-09-17T23:56:31] [24/514] xiaodefa/hk_hold/20260913-bulk1 mode=full
[2026-09-17T23:56:34] [25/514] xiaodefa/hm_detail/20260913-bulk1 mode=full
[2026-09-17T23:56:34] [26/514] xiaodefa/hs_const/20260913-bulk1 mode=full
[2026-09-17T23:56:34] [27/514] xiaodefa/idx_factor_pro/20260913-bulk1 mode=full
[2026-09-17T23:56:48] [28/514] xiaodefa/index_basic/20260913-bulk1 mode=full
[2026-09-17T23:56:48] [29/514] xiaodefa/index_classify/20260913-bulk1 mode=full
[2026-09-17T23:56:48] [30/514] xiaodefa/index_member_all/20260913-bulk1 mode=full
[2026-09-17T23:56:48] [31/514] xiaodefa/limit_list_d/20260913-bulk1 mode=full
[2026-09-17T23:56:50] [32/514] xiaodefa/minute-repairs-20260913-3 mode=full
[2026-09-17T23:56:50] [33/514] xiaodefa/minute-repairs-20260913-4 mode=full
[2026-09-17T23:56:50] [34/514] xiaodefa/minute-repairs-20260913-5 mode=full
[2026-09-17T23:56:50] [35/514] xiaodefa/minute-repairs-20260913-6 mode=full
[2026-09-17T23:56:50] [36/514] xiaodefa/minute-repairs-20260914-1 mode=full
[2026-09-17T23:56:50] [37/514] xiaodefa/minute-repairs-20260914-2 mode=full
[2026-09-17T23:56:50] [38/514] xiaodefa/minute-repairs-20260914-3 mode=full
[2026-09-17T23:56:50] [39/514] xiaodefa/moneyflow/20260913-bulk1 mode=full
[2026-09-17T23:57:26] [40/514] xiaodefa/namechange/20260913-bulk1 mode=full
[2026-09-17T23:57:26] [41/514] xiaodefa/pledge_detail/20260913-bulk1 mode=full
[2026-09-17T23:57:26] [42/514] xiaodefa/repairs-20260913-1 mode=full
[2026-09-17T23:57:26] [43/514] xiaodefa/repairs-20260913-2 mode=full
[2026-09-17T23:57:26] [44/514] xiaodefa/sf_month/20260913-bulk1 mode=full
[2026-09-17T23:57:26] [45/514] xiaodefa/st/20260913-bulk1 mode=full
[2026-09-17T23:57:26] [46/514] xiaodefa/stk_auction_c/20260913-bulk1 mode=full
[2026-09-17T23:57:31] [47/514] xiaodefa/stk_auction_o/20260913-bulk1 mode=full
[2026-09-17T23:57:36] [48/514] xiaodefa/stk_limit/20260913-bulk1 mode=full
[2026-09-17T23:57:56] [49/514] xiaodefa/stk_nineturn/20260913-bulk1 mode=full
[2026-09-17T23:58:02] [50/514] xiaodefa/stk_surv/20260913-bulk1 mode=full
[2026-09-17T23:58:02] [51/514] xiaodefa/stock_basic/20260913-bulk1 mode=full
[2026-09-17T23:58:02] [52/514] xiaodefa/stock_company/20260913-bulk1 mode=full
[2026-09-17T23:58:03] [53/514] xiaodefa/stock_hsgt/20260913-bulk1 mode=full
[2026-09-17T23:58:03] [54/514] xiaodefa/stock_st/20260913-bulk1 mode=full
[2026-09-17T23:58:03] [55/514] xiaodefa/suspend_d/20260913-bulk1 mode=full
[2026-09-17T23:58:05] [56/514] xiaodefa/sw_daily/20260913-bulk1 mode=full
[2026-09-17T23:58:14] [57/514] xiaodefa/sz_daily_info/20260913-bulk1 mode=full
[2026-09-17T23:58:16] [58/514] xiaodefa/tdx_index/20260913-bulk1 mode=full
[2026-09-17T23:58:16] [59/514] xiaodefa/ths_daily/20260913-bulk1 mode=full
[2026-09-17T23:58:19] [60/514] xiaodefa/ths_index/20260913-bulk1 mode=full
[2026-09-17T23:58:19] [61/514] xiaodefa/top10_floatholders/20260913-bulk1 mode=full
[2026-09-17T23:58:22] [62/514] xiaodefa/top10_holders/20260913-bulk1 mode=full
[2026-09-17T23:58:28] [63/514] xiaodefa/top_list/20260913-bulk1 mode=full
[2026-09-17T23:58:28] [64/514] xiaodefa/trade_cal/20260913-bulk1 mode=full
[2026-09-17T23:58:28] [65/514] tushare/balancesheet/20260909-r3 mode=full
[2026-09-17T23:58:35] [66/514] tushare/balancesheet/20260910-r1 mode=full
[2026-09-17T23:58:35] [67/514] tushare/cashflow/20260909-r3 mode=full
[2026-09-17T23:58:43] [68/514] tushare/cashflow/20260910-r1 mode=full
[2026-09-17T23:58:43] [69/514] tushare/daily_basic/20260909-r1 mode=full
[2026-09-17T23:58:48] [70/514] tushare/daily_basic/20260913-r2 mode=full
[2026-09-17T23:58:50] [71/514] tushare/disclosure_date/20260909-r1 mode=full
[2026-09-17T23:58:50] [72/514] tushare/dividend/20260909-r3 mode=full
[2026-09-17T23:58:51] [73/514] tushare/dividend/20260913-r2 mode=full
[2026-09-17T23:58:51] [74/514] tushare/events mode=full
[2026-09-17T23:58:51] [75/514] tushare/express/20260909-r1 mode=full
[2026-09-17T23:58:51] [76/514] tushare/fina_indicator/20260909-r3 mode=full
[2026-09-17T23:58:58] [77/514] tushare/fina_indicator/20260910-r1 mode=full
[2026-09-17T23:58:58] [78/514] tushare/forecast/20260909-r1 mode=full
[2026-09-17T23:58:58] [79/514] tushare/fund_basic/20260909-r1 mode=full
[2026-09-17T23:58:58] [80/514] tushare/income/20260909-r3 mode=full
[2026-09-17T23:59:06] [81/514] tushare/income/20260910-r1 mode=full
[2026-09-17T23:59:06] [82/514] tushare/index_daily/20260917-r1 mode=full
[2026-09-17T23:59:06] [83/514] tushare/index_member_all/20260909-r1 mode=full
[2026-09-17T23:59:06] [84/514] tushare/margin_detail/20260909-r1 mode=full
[2026-09-17T23:59:09] [85/514] tushare/r3 mode=full
[2026-09-17T23:59:09] [86/514] tushare/repurchase/20260909-r3 mode=full
[2026-09-17T23:59:09] [87/514] tushare/share_float/20260909-r3 mode=full
[2026-09-17T23:59:10] [88/514] tushare/statements mode=full
[2026-09-17T23:59:10] [89/514] tushare/stk_holdertrade/20260909-r3 mode=full
[2026-09-17T23:59:10] [90/514] tushare/stock_basic/20260909-r3 mode=full
[2026-09-17T23:59:10] [91/514] tushare/sw_index_daily/20260909-r1 mode=full
[2026-09-17T23:59:10] [92/514] tushare/sw_index_daily/20260909-r2 mode=full
[2026-09-17T23:59:10] [93/514] tushare/sw_index_daily/20260909-r3 mode=full
[2026-09-17T23:59:10] [94/514] tushare/sw_index_daily/20260909-r4-verify mode=full
[2026-09-17T23:59:10] [95/514] tushare/sw_index_daily_l2/20260909-r1 mode=full
[2026-09-17T23:59:10] [96/514] tushare/top_inst/20260909-r3 mode=full
[2026-09-17T23:59:12] [97/514] tushare/top_list/20260909-r1 mode=full
[2026-09-17T23:59:14] [98/514] tushare/trade_cal/20260909-r1 mode=full
[2026-09-17T23:59:14] [99/514] bigquant/intraday-t0-20260914 mode=full
[2026-09-17T23:59:14] [100/514] bigquant/minute-bulk-20260915-1/manifest mode=full
[2026-09-17T23:59:14] [101/514] bigquant/minute-bulk-20260915-1/years/2010 mode=parquet-meta
[2026-09-17T23:59:14] [102/514] bigquant/minute-bulk-20260915-1/years/2011 mode=parquet-meta
[2026-09-17T23:59:15] [103/514] bigquant/minute-bulk-20260915-1/years/2012 mode=parquet-meta
[2026-09-17T23:59:15] [104/514] bigquant/minute-bulk-20260915-1/years/2013 mode=parquet-meta
[2026-09-17T23:59:16] [105/514] bigquant/minute-bulk-20260915-1/years/2014 mode=parquet-meta
[2026-09-17T23:59:17] [106/514] bigquant/minute-bulk-20260915-1/years/2015 mode=sampled-csv
[2026-09-17T23:59:18] [107/514] bigquant/minute-bulk-20260915-1/years/2016 mode=sampled-csv
[2026-09-17T23:59:19] [108/514] bigquant/minute-bulk-20260915-1/years/2018 mode=sampled-csv
[2026-09-17T23:59:20] [109/514] bigquant/minute-bulk-20260915-1/years/2019 mode=sampled-csv
[2026-09-17T23:59:21] [110/514] bigquant/minute-bulk-20260915-1/years/2025 mode=frozen-name-only
[2026-09-17T23:59:21] [111/514] bigquant/minute-bulk-20260915-1/years/2026 mode=frozen-name-only
[2026-09-17T23:59:21] [112/514] bigquant/minute-check-20260914-1 mode=full
[2026-09-17T23:59:21] [113/514] bigquant/minute-repairs-20260914-1 mode=full
[2026-09-17T23:59:21] [114/514] em_fin/sh600030/20260904T013245 mode=json
[2026-09-17T23:59:21] [115/514] em_fin/sh600110/20260904T013306 mode=json
[2026-09-17T23:59:21] [116/514] em_fin/sh600150/20260904T013254 mode=json
[2026-09-17T23:59:21] [117/514] em_fin/sh600172/20260904T013249 mode=json
[2026-09-17T23:59:21] [118/514] em_fin/sh600176/20260904T013210 mode=json
[2026-09-17T23:59:21] [119/514] em_fin/sh600183/20260904T013210 mode=json
[2026-09-17T23:59:21] [120/514] em_fin/sh600186/20260904T013239 mode=json
[2026-09-17T23:59:21] [121/514] em_fin/sh600276/20260904T013230 mode=json
[2026-09-17T23:59:21] [122/514] em_fin/sh600397/20260904T013259 mode=json
[2026-09-17T23:59:21] [123/514] em_fin/sh600487/20260904T013208 mode=json
[2026-09-17T23:59:21] [124/514] em_fin/sh600519/20260904T013230 mode=json
[2026-09-17T23:59:21] [125/514] em_fin/sh600519/20260904T013638 mode=json
[2026-09-17T23:59:21] [126/514] em_fin/sh600584/20260904T013213 mode=json
[2026-09-17T23:59:21] [127/514] em_fin/sh600664/20260904T013237 mode=json
[2026-09-17T23:59:21] [128/514] em_fin/sh600869/20260904T013239 mode=json
[2026-09-17T23:59:21] [129/514] em_fin/sh600900/20260904T013251 mode=json
[2026-09-17T23:59:21] [130/514] em_fin/sh600988/20260904T013242 mode=json
[2026-09-17T23:59:21] [131/514] em_fin/sh600989/20260904T013307 mode=json
[2026-09-17T23:59:21] [132/514] em_fin/sh601138/20260904T013215 mode=json
[2026-09-17T23:59:21] [133/514] em_fin/sh601179/20260904T080501 mode=json
[2026-09-17T23:59:21] [134/514] em_fin/sh601179/20260904T080803 mode=json
[2026-09-17T23:59:21] [135/514] em_fin/sh601208/20260904T013235 mode=json
[2026-09-17T23:59:21] [136/514] em_fin/sh601212/20260904T013539 mode=json
[2026-09-17T23:59:21] [137/514] em_fin/sh601318/20260904T013236 mode=json
[2026-09-17T23:59:21] [138/514] em_fin/sh601398/20260904T013245 mode=json
[2026-09-17T23:59:21] [139/514] em_fin/sh601718/20260904T212449 mode=json
[2026-09-17T23:59:21] [140/514] em_fin/sh601869/20260904T013221 mode=json
[2026-09-17T23:59:21] [141/514] em_fin/sh601899/20260904T013212 mode=json
[2026-09-17T23:59:21] [142/514] em_fin/sh603083/20260904T013227 mode=json
[2026-09-17T23:59:21] [143/514] em_fin/sh603186/20260904T013227 mode=json
[2026-09-17T23:59:21] [144/514] em_fin/sh603228/20260904T013233 mode=json
[2026-09-17T23:59:21] [145/514] em_fin/sh603256/20260904T013246 mode=json
[2026-09-17T23:59:21] [146/514] em_fin/sh603259/20260904T013211 mode=json
[2026-09-17T23:59:21] [147/514] em_fin/sh603538/20260904T013304 mode=json
[2026-09-17T23:59:21] [148/514] em_fin/sh603618/20260904T013250 mode=json
[2026-09-17T23:59:21] [149/514] em_fin/sh603629/20260904T013223 mode=json
[2026-09-17T23:59:21] [150/514] em_fin/sh603799/20260904T013253 mode=json
[2026-09-17T23:59:21] [151/514] em_fin/sh603893/20260904T013250 mode=json
[2026-09-17T23:59:21] [152/514] em_fin/sh603986/20260904T013207 mode=json
[2026-09-17T23:59:21] [153/514] em_fin/sh603987/20260904T212438 mode=json
[2026-09-17T23:59:21] [154/514] em_fin/sh603993/20260904T013229 mode=json
[2026-09-17T23:59:21] [155/514] em_fin/sh688008/20260904T013214 mode=json
[2026-09-17T23:59:21] [156/514] em_fin/sh688012/20260904T013216 mode=json
[2026-09-17T23:59:21] [157/514] em_fin/sh688017/20260904T013247 mode=json
[2026-09-17T23:59:21] [158/514] em_fin/sh688041/20260904T013219 mode=json
[2026-09-17T23:59:21] [159/514] em_fin/sh688048/20260904T013538 mode=json
[2026-09-17T23:59:21] [160/514] em_fin/sh688072/20260904T013229 mode=json
[2026-09-17T23:59:21] [161/514] em_fin/sh688110/20260904T013300 mode=json
[2026-09-17T23:59:21] [162/514] em_fin/sh688143/20260904T013246 mode=json
[2026-09-17T23:59:21] [163/514] em_fin/sh688146/20260904T013228 mode=json
[2026-09-17T23:59:21] [164/514] em_fin/sh688167/20260904T013243 mode=json
[2026-09-17T23:59:21] [165/514] em_fin/sh688183/20260904T013259 mode=json
[2026-09-17T23:59:21] [166/514] em_fin/sh688195/20260904T013256 mode=json
[2026-09-17T23:59:21] [167/514] em_fin/sh688205/20260904T013307 mode=json
[2026-09-17T23:59:21] [168/514] em_fin/sh688256/20260904T013209 mode=json
[2026-09-17T23:59:21] [169/514] em_fin/sh688300/20260904T013247 mode=json
[2026-09-17T23:59:21] [170/514] em_fin/sh688313/20260904T013233 mode=json
[2026-09-17T23:59:21] [171/514] em_fin/sh688347/20260904T013226 mode=json
[2026-09-17T23:59:21] [172/514] em_fin/sh688361/20260904T013238 mode=json
[2026-09-17T23:59:21] [173/514] em_fin/sh688498/20260904T013218 mode=json
[2026-09-17T23:59:21] [174/514] em_fin/sh688521/20260904T013235 mode=json
[2026-09-17T23:59:21] [175/514] em_fin/sh688525/20260904T013218 mode=json
[2026-09-17T23:59:21] [176/514] em_fin/sh688627/20260904T013252 mode=json
[2026-09-17T23:59:21] [177/514] em_fin/sh688702/20260904T013243 mode=json
[2026-09-17T23:59:21] [178/514] em_fin/sh688766/20260904T013217 mode=json
[2026-09-17T23:59:21] [179/514] em_fin/sh688981/20260904T013222 mode=json
[2026-09-17T23:59:21] [180/514] em_fin/sz000100/20260904T013255 mode=json
[2026-09-17T23:59:21] [181/514] em_fin/sz000338/20260904T013253 mode=json
[2026-09-17T23:59:21] [182/514] em_fin/sz000506/20260904T013256 mode=json
[2026-09-17T23:59:21] [183/514] em_fin/sz000636/20260904T013212 mode=json
[2026-09-17T23:59:21] [184/514] em_fin/sz000657/20260904T013217 mode=json
[2026-09-17T23:59:21] [185/514] em_fin/sz000703/20260904T013259 mode=json
[2026-09-17T23:59:21] [186/514] em_fin/sz000811/20260904T013303 mode=json
[2026-09-17T23:59:21] [187/514] em_fin/sz000988/20260904T013226 mode=json
[2026-09-17T23:59:21] [188/514] em_fin/sz001309/20260904T013216 mode=json
[2026-09-17T23:59:21] [189/514] em_fin/sz002008/20260904T013228 mode=json
[2026-09-17T23:59:21] [190/514] em_fin/sz002080/20260904T013244 mode=json
[2026-09-17T23:59:21] [191/514] em_fin/sz002081/20260904T013303 mode=json
[2026-09-17T23:59:21] [192/514] em_fin/sz002131/20260904T013249 mode=json
[2026-09-17T23:59:21] [193/514] em_fin/sz002384/20260904T013209 mode=json
[2026-09-17T23:59:21] [194/514] em_fin/sz002407/20260904T013220 mode=json
[2026-09-17T23:59:21] [195/514] em_fin/sz002428/20260904T013213 mode=json
[2026-09-17T23:59:21] [196/514] em_fin/sz002437/20260904T013244 mode=json
[2026-09-17T23:59:21] [197/514] em_fin/sz002536/20260904T013256 mode=json
[2026-09-17T23:59:21] [198/514] em_fin/sz002558/20260904T013305 mode=json
[2026-09-17T23:59:21] [199/514] em_fin/sz002580/20260904T013540 mode=json
[2026-09-17T23:59:21] [200/514] em_fin/sz002594/20260904T013539 mode=json
[2026-09-17T23:59:21] [201/514] em_fin/sz002716/20260904T013241 mode=json
[2026-09-17T23:59:21] [202/514] em_fin/sz002821/20260904T013257 mode=json
[2026-09-17T23:59:21] [203/514] em_fin/sz002837/20260904T013251 mode=json
[2026-09-17T23:59:21] [204/514] em_fin/sz002851/20260904T013232 mode=json
[2026-09-17T23:59:21] [205/514] em_fin/sz002916/20260904T013240 mode=json
[2026-09-17T23:59:21] [206/514] em_fin/sz300058/20260904T013224 mode=json
[2026-09-17T23:59:21] [207/514] em_fin/sz300189/20260904T013302 mode=json
[2026-09-17T23:59:21] [208/514] em_fin/sz300274/20260904T013219 mode=json
[2026-09-17T23:59:21] [209/514] em_fin/sz300285/20260904T013215 mode=json
[2026-09-17T23:59:21] [210/514] em_fin/sz300308/20260904T013207 mode=json
[2026-09-17T23:59:21] [211/514] em_fin/sz300394/20260904T013208 mode=json
[2026-09-17T23:59:21] [212/514] em_fin/sz300395/20260904T013254 mode=json
[2026-09-17T23:59:21] [213/514] em_fin/sz300454/20260904T013258 mode=json
[2026-09-17T23:59:21] [214/514] em_fin/sz300475/20260904T013224 mode=json
[2026-09-17T23:59:21] [215/514] em_fin/sz300476/20260904T013211 mode=json
[2026-09-17T23:59:21] [216/514] em_fin/sz300489/20260904T013237 mode=json
[2026-09-17T23:59:21] [217/514] em_fin/sz300502/20260904T013207 mode=json
[2026-09-17T23:59:21] [218/514] em_fin/sz300548/20260904T013238 mode=json
[2026-09-17T23:59:21] [219/514] em_fin/sz300570/20260904T013234 mode=json
[2026-09-17T23:59:21] [220/514] em_fin/sz300604/20260904T013225 mode=json
[2026-09-17T23:59:21] [221/514] em_fin/sz300620/20260904T013231 mode=json
[2026-09-17T23:59:21] [222/514] em_fin/sz300666/20260904T013231 mode=json
[2026-09-17T23:59:21] [223/514] em_fin/sz300672/20260904T013305 mode=json
[2026-09-17T23:59:21] [224/514] em_fin/sz300684/20260904T013257 mode=json
[2026-09-17T23:59:21] [225/514] em_fin/sz300750/20260904T013214 mode=json
[2026-09-17T23:59:21] [226/514] em_fin/sz300757/20260904T013232 mode=json
[2026-09-17T23:59:21] [227/514] em_fin/sz300759/20260904T013234 mode=json
[2026-09-17T23:59:21] [228/514] em_fin/sz300857/20260904T013223 mode=json
[2026-09-17T23:59:21] [229/514] em_fin/sz300903/20260904T013252 mode=json
[2026-09-17T23:59:21] [230/514] em_fin/sz301018/20260904T013301 mode=json
[2026-09-17T23:59:21] [231/514] em_fin/sz301165/20260904T013242 mode=json
[2026-09-17T23:59:21] [232/514] em_fin/sz301171/20260904T013248 mode=json
[2026-09-17T23:59:21] [233/514] em_fin/sz301217/20260904T013225 mode=json
[2026-09-17T23:59:21] [234/514] em_fin/sz301308/20260904T013220 mode=json
[2026-09-17T23:59:21] [235/514] em_fin/sz301396/20260904T013240 mode=json
[2026-09-17T23:59:21] [236/514] em_fin/sz301511/20260904T013236 mode=json
[2026-09-17T23:59:21] [237/514] em_fin/sz301526/20260904T013222 mode=json
[2026-09-17T23:59:21] [238/514] em_fin/sz301536/20260904T013306 mode=json
[2026-09-17T23:59:21] [239/514] ths/sh510050/20260903T040924 mode=json
[2026-09-17T23:59:21] [240/514] ths/sh510050/20260903T042255 mode=json
[2026-09-17T23:59:21] [241/514] ths/sh510300/20260903T040925 mode=json
[2026-09-17T23:59:21] [242/514] ths/sh510300/20260903T042252 mode=json
[2026-09-17T23:59:21] [243/514] ths/sh510500/20260903T040925 mode=json
[2026-09-17T23:59:21] [244/514] ths/sh510500/20260903T042253 mode=json
[2026-09-17T23:59:21] [245/514] ths/sh510880/20260903T040930 mode=json
[2026-09-17T23:59:21] [246/514] ths/sh510880/20260903T042259 mode=json
[2026-09-17T23:59:21] [247/514] ths/sh512010/20260903T040927 mode=json
[2026-09-17T23:59:21] [248/514] ths/sh512010/20260903T042259 mode=json
[2026-09-17T23:59:21] [249/514] ths/sh512100/20260903T040926 mode=json
[2026-09-17T23:59:21] [250/514] ths/sh512100/20260903T042253 mode=json
[2026-09-17T23:59:21] [251/514] ths/sh512170/20260903T042258 mode=json
[2026-09-17T23:59:21] [252/514] ths/sh512200/20260903T042308 mode=json
[2026-09-17T23:59:21] [253/514] ths/sh512400/20260903T040928 mode=json
[2026-09-17T23:59:21] [254/514] ths/sh512400/20260903T042255 mode=json
[2026-09-17T23:59:21] [255/514] ths/sh512480/20260903T040927 mode=json
[2026-09-17T23:59:21] [256/514] ths/sh512690/20260903T040927 mode=json
[2026-09-17T23:59:21] [257/514] ths/sh512690/20260903T042301 mode=json
[2026-09-17T23:59:21] [258/514] ths/sh512710/20260903T042304 mode=json
[2026-09-17T23:59:21] [259/514] ths/sh512800/20260903T040928 mode=json
[2026-09-17T23:59:21] [260/514] ths/sh512800/20260903T042256 mode=json
[2026-09-17T23:59:21] [261/514] ths/sh512880/20260903T040926 mode=json
[2026-09-17T23:59:21] [262/514] ths/sh512880/20260903T042254 mode=json
[2026-09-17T23:59:22] [263/514] ths/sh512890/20260903T042256 mode=json
[2026-09-17T23:59:22] [264/514] ths/sh512980/20260903T042303 mode=json
[2026-09-17T23:59:22] [265/514] ths/sh513100/20260903T040930 mode=json
[2026-09-17T23:59:22] [266/514] ths/sh515030/20260903T042307 mode=json
[2026-09-17T23:59:22] [267/514] ths/sh515170/20260903T042309 mode=json
[2026-09-17T23:59:22] [268/514] ths/sh515210/20260903T042308 mode=json
[2026-09-17T23:59:22] [269/514] ths/sh515220/20260903T042257 mode=json
[2026-09-17T23:59:22] [270/514] ths/sh515790/20260903T040929 mode=json
[2026-09-17T23:59:22] [271/514] ths/sh515790/20260903T042305 mode=json
[2026-09-17T23:59:22] [272/514] ths/sh515800/20260903T042308 mode=json
[2026-09-17T23:59:22] [273/514] ths/sh515880/20260903T042252 mode=json
[2026-09-17T23:59:22] [274/514] ths/sh516150/20260903T042306 mode=json
[2026-09-17T23:59:22] [275/514] ths/sh516160/20260903T040929 mode=json
[2026-09-17T23:59:22] [276/514] ths/sh516510/20260903T042305 mode=json
[2026-09-17T23:59:22] [277/514] ths/sh516970/20260903T042311 mode=json
[2026-09-17T23:59:22] [278/514] ths/sh517520/20260903T042255 mode=json
[2026-09-17T23:59:22] [279/514] ths/sh518880/20260903T040930 mode=json
[2026-09-17T23:59:22] [280/514] ths/sh518880/20260903T042251 mode=json
[2026-09-17T23:59:22] [281/514] ths/sh560080/20260903T042310 mode=json
[2026-09-17T23:59:22] [282/514] ths/sh560170/20260903T042312 mode=json
[2026-09-17T23:59:22] [283/514] ths/sh560280/20260903T042307 mode=json
[2026-09-17T23:59:22] [284/514] ths/sh561360/20260903T042309 mode=json
[2026-09-17T23:59:22] [285/514] ths/sh562800/20260903T042303 mode=json
[2026-09-17T23:59:22] [286/514] ths/sh563300/20260903T042257 mode=json
[2026-09-17T23:59:22] [287/514] ths/sh588000/20260903T042251 mode=json
[2026-09-17T23:59:22] [288/514] ths/sh588170/20260903T042250 mode=json
[2026-09-17T23:59:22] [289/514] ths/sh588220/20260903T042258 mode=json
[2026-09-17T23:59:22] [290/514] ths/sz159301/20260903T042312 mode=json
[2026-09-17T23:59:22] [291/514] ths/sz159530/20260903T042258 mode=json
[2026-09-17T23:59:22] [292/514] ths/sz159565/20260903T042311 mode=json
[2026-09-17T23:59:22] [293/514] ths/sz159611/20260903T042301 mode=json
[2026-09-17T23:59:22] [294/514] ths/sz159732/20260903T042302 mode=json
[2026-09-17T23:59:22] [295/514] ths/sz159745/20260903T042311 mode=json
[2026-09-17T23:59:22] [296/514] ths/sz159755/20260903T042302 mode=json
[2026-09-17T23:59:22] [297/514] ths/sz159766/20260903T042306 mode=json
[2026-09-17T23:59:22] [298/514] ths/sz159819/20260903T042300 mode=json
[2026-09-17T23:59:22] [299/514] ths/sz159852/20260903T042259 mode=json
[2026-09-17T23:59:22] [300/514] ths/sz159865/20260903T042304 mode=json
[2026-09-17T23:59:22] [301/514] ths/sz159869/20260903T042300 mode=json
[2026-09-17T23:59:22] [302/514] ths/sz159870/20260903T042301 mode=json
[2026-09-17T23:59:22] [303/514] ths/sz159915/20260903T040926 mode=json
[2026-09-17T23:59:22] [304/514] ths/sz159915/20260903T042252 mode=json
[2026-09-17T23:59:22] [305/514] ths/sz159949/20260903T042254 mode=json
[2026-09-17T23:59:22] [306/514] ths/sz159985/20260903T042303 mode=json
[2026-09-17T23:59:22] [307/514] ths/sz159992/20260903T042256 mode=json
[2026-09-17T23:59:22] [308/514] ths/sz159996/20260903T042310 mode=json
[2026-09-17T23:59:22] [309/514] ths/sz159998/20260903T042309 mode=json
[2026-09-17T23:59:22] [310/514] tx/sh510050/20260904T185651 mode=json
[2026-09-17T23:59:22] [311/514] tx/sh510300/20260904T185625 mode=json
[2026-09-17T23:59:22] [312/514] tx/sh510500/20260904T185633 mode=json
[2026-09-17T23:59:22] [313/514] tx/sh510880/20260904T185713 mode=json
[2026-09-17T23:59:22] [314/514] tx/sh512010/20260904T185716 mode=json
[2026-09-17T23:59:22] [315/514] tx/sh512100/20260904T185628 mode=json
[2026-09-17T23:59:22] [316/514] tx/sh512170/20260904T185705 mode=json
[2026-09-17T23:59:22] [317/514] tx/sh512200/20260904T185756 mode=json
[2026-09-17T23:59:22] [318/514] tx/sh512400/20260904T185643 mode=json
[2026-09-17T23:59:22] [319/514] tx/sh512690/20260904T185723 mode=json
[2026-09-17T23:59:22] [320/514] tx/sh512710/20260904T185741 mode=json
[2026-09-17T23:59:22] [321/514] tx/sh512800/20260904T185656 mode=json
[2026-09-17T23:59:22] [322/514] tx/sh512880/20260904T185637 mode=json
[2026-09-17T23:59:22] [323/514] tx/sh512890/20260904T185659 mode=json
[2026-09-17T23:59:22] [324/514] tx/sh512980/20260904T185736 mode=json
[2026-09-17T23:59:22] [325/514] tx/sh515030/20260904T185752 mode=json
[2026-09-17T23:59:22] [326/514] tx/sh515170/20260904T185805 mode=json
[2026-09-17T23:59:22] [327/514] tx/sh515210/20260904T185758 mode=json
[2026-09-17T23:59:22] [328/514] tx/sh515220/20260904T185701 mode=json
[2026-09-17T23:59:22] [329/514] tx/sh515790/20260904T185745 mode=json
[2026-09-17T23:59:22] [330/514] tx/sh515800/20260904T185801 mode=json
[2026-09-17T23:59:22] [331/514] tx/sh515880/20260904T185620 mode=json
[2026-09-17T23:59:22] [332/514] tx/sh516150/20260904T185748 mode=json
[2026-09-17T23:59:22] [333/514] tx/sh516510/20260904T185747 mode=json
[2026-09-17T23:59:22] [334/514] tx/sh516970/20260904T185814 mode=json
[2026-09-17T23:59:22] [335/514] tx/sh517520/20260904T185651 mode=json
[2026-09-17T23:59:22] [336/514] tx/sh518880/20260904T185611 mode=json
[2026-09-17T23:59:22] [337/514] tx/sh560080/20260904T185810 mode=json
[2026-09-17T23:59:22] [338/514] tx/sh560170/20260904T185815 mode=json
[2026-09-17T23:59:22] [339/514] tx/sh560280/20260904T185753 mode=json
[2026-09-17T23:59:22] [340/514] tx/sh561360/20260904T185806 mode=json
[2026-09-17T23:59:22] [341/514] tx/sh562800/20260904T185738 mode=json
[2026-09-17T23:59:22] [342/514] tx/sh563300/20260904T185659 mode=json
[2026-09-17T23:59:22] [343/514] tx/sh588000/20260904T185607 mode=json
[2026-09-17T23:59:22] [344/514] tx/sh588170/20260904T080651 mode=json
[2026-09-17T23:59:22] [345/514] tx/sh588170/20260904T213728 mode=json
[2026-09-17T23:59:22] [346/514] tx/sh588220/20260904T185702 mode=json
[2026-09-17T23:59:22] [347/514] tx/sh600030/20260904T012630 mode=json
[2026-09-17T23:59:22] [348/514] tx/sh600110/20260904T012833 mode=json
[2026-09-17T23:59:22] [349/514] tx/sh600150/20260904T012722 mode=json
[2026-09-17T23:59:22] [350/514] tx/sh600172/20260904T012648 mode=json
[2026-09-17T23:59:22] [351/514] tx/sh600176/20260904T012315 mode=json
[2026-09-17T23:59:22] [352/514] tx/sh600183/20260904T012319 mode=json
[2026-09-17T23:59:22] [353/514] tx/sh600183/20260904T012916 mode=json
[2026-09-17T23:59:22] [354/514] tx/sh600183/20260904T013145 mode=json
[2026-09-17T23:59:22] [355/514] tx/sh600186/20260904T012556 mode=json
[2026-09-17T23:59:22] [356/514] tx/sh600276/20260904T012504 mode=json
[2026-09-17T23:59:22] [357/514] tx/sh600397/20260904T012755 mode=json
[2026-09-17T23:59:22] [358/514] tx/sh600487/20260904T012306 mode=json
[2026-09-17T23:59:22] [359/514] tx/sh600519/20260904T012508 mode=json
[2026-09-17T23:59:22] [360/514] tx/sh600519/20260904T012925 mode=json
[2026-09-17T23:59:22] [361/514] tx/sh600519/20260904T013141 mode=json
[2026-09-17T23:59:22] [362/514] tx/sh600519/20260904T013637 mode=json
[2026-09-17T23:59:22] [363/514] tx/sh600584/20260904T012341 mode=json
[2026-09-17T23:59:22] [364/514] tx/sh600664/20260904T012547 mode=json
[2026-09-17T23:59:22] [365/514] tx/sh600869/20260904T012600 mode=json
[2026-09-17T23:59:22] [366/514] tx/sh600900/20260904T012701 mode=json
[2026-09-17T23:59:22] [367/514] tx/sh600988/20260904T012614 mode=json
[2026-09-17T23:59:22] [368/514] tx/sh600989/20260904T012835 mode=json
[2026-09-17T23:59:22] [369/514] tx/sh601138/20260904T012350 mode=json
[2026-09-17T23:59:22] [370/514] tx/sh601179/20260904T080459 mode=json
[2026-09-17T23:59:22] [371/514] tx/sh601179/20260904T080802 mode=json
[2026-09-17T23:59:22] [372/514] tx/sh601208/20260904T012535 mode=json
[2026-09-17T23:59:22] [373/514] tx/sh601212/20260904T012801 mode=json
[2026-09-17T23:59:22] [374/514] tx/sh601318/20260904T012539 mode=json
[2026-09-17T23:59:22] [375/514] tx/sh601398/20260904T012634 mode=json
[2026-09-17T23:59:22] [376/514] tx/sh601718/20260904T091546 mode=json
[2026-09-17T23:59:22] [377/514] tx/sh601718/20260904T212447 mode=json
[2026-09-17T23:59:22] [378/514] tx/sh601869/20260904T012421 mode=json
[2026-09-17T23:59:22] [379/514] tx/sh601899/20260904T012334 mode=json
[2026-09-17T23:59:22] [380/514] tx/sh603083/20260904T012447 mode=json
[2026-09-17T23:59:22] [381/514] tx/sh603186/20260904T012449 mode=json
[2026-09-17T23:59:22] [382/514] tx/sh603228/20260904T012522 mode=json
[2026-09-17T23:59:22] [383/514] tx/sh603256/20260904T012637 mode=json
[2026-09-17T23:59:22] [384/514] tx/sh603259/20260904T012322 mode=json
[2026-09-17T23:59:22] [385/514] tx/sh603538/20260904T012821 mode=json
[2026-09-17T23:59:22] [386/514] tx/sh603618/20260904T012656 mode=json
[2026-09-17T23:59:22] [387/514] tx/sh603629/20260904T012426 mode=json
[2026-09-17T23:59:22] [388/514] tx/sh603799/20260904T012714 mode=json
[2026-09-17T23:59:22] [389/514] tx/sh603893/20260904T012657 mode=json
[2026-09-17T23:59:22] [390/514] tx/sh603986/20260904T012258 mode=json
[2026-09-17T23:59:23] [391/514] tx/sh603987/20260904T091542 mode=json
[2026-09-17T23:59:23] [392/514] tx/sh603987/20260904T212436 mode=json
[2026-09-17T23:59:23] [393/514] tx/sh603993/20260904T012459 mode=json
[2026-09-17T23:59:23] [394/514] tx/sh688008/20260904T012347 mode=json
[2026-09-17T23:59:23] [395/514] tx/sh688012/20260904T012356 mode=json
[2026-09-17T23:59:23] [396/514] tx/sh688017/20260904T012643 mode=json
[2026-09-17T23:59:23] [397/514] tx/sh688041/20260904T012412 mode=json
[2026-09-17T23:59:23] [398/514] tx/sh688048/20260904T012616 mode=json
[2026-09-17T23:59:23] [399/514] tx/sh688072/20260904T012501 mode=json
[2026-09-17T23:59:23] [400/514] tx/sh688110/20260904T012759 mode=json
[2026-09-17T23:59:23] [401/514] tx/sh688143/20260904T012638 mode=json
[2026-09-17T23:59:23] [402/514] tx/sh688146/20260904T012451 mode=json
[2026-09-17T23:59:23] [403/514] tx/sh688167/20260904T012618 mode=json
[2026-09-17T23:59:23] [404/514] tx/sh688183/20260904T012757 mode=json
[2026-09-17T23:59:23] [405/514] tx/sh688195/20260904T012735 mode=json
[2026-09-17T23:59:23] [406/514] tx/sh688205/20260904T012837 mode=json
[2026-09-17T23:59:23] [407/514] tx/sh688256/20260904T012308 mode=json
[2026-09-17T23:59:23] [408/514] tx/sh688300/20260904T012641 mode=json
[2026-09-17T23:59:23] [409/514] tx/sh688313/20260904T012524 mode=json
[2026-09-17T23:59:23] [410/514] tx/sh688347/20260904T012444 mode=json
[2026-09-17T23:59:23] [411/514] tx/sh688361/20260904T012549 mode=json
[2026-09-17T23:59:23] [412/514] tx/sh688498/20260904T012405 mode=json
[2026-09-17T23:59:23] [413/514] tx/sh688521/20260904T012531 mode=json
[2026-09-17T23:59:23] [414/514] tx/sh688525/20260904T012407 mode=json
[2026-09-17T23:59:23] [415/514] tx/sh688627/20260904T012707 mode=json
[2026-09-17T23:59:23] [416/514] tx/sh688702/20260904T012617 mode=json
[2026-09-17T23:59:23] [417/514] tx/sh688766/20260904T012400 mode=json
[2026-09-17T23:59:23] [418/514] tx/sh688981/20260904T012423 mode=json
[2026-09-17T23:59:23] [419/514] tx/sz000100/20260904T012730 mode=json
[2026-09-17T23:59:23] [420/514] tx/sz000338/20260904T012710 mode=json
[2026-09-17T23:59:23] [421/514] tx/sz000338/20260904T012928 mode=json
[2026-09-17T23:59:23] [422/514] tx/sz000338/20260904T013148 mode=json
[2026-09-17T23:59:23] [423/514] tx/sz000506/20260904T012739 mode=json
[2026-09-17T23:59:23] [424/514] tx/sz000636/20260904T012330 mode=json
[2026-09-17T23:59:23] [425/514] tx/sz000657/20260904T012403 mode=json
[2026-09-17T23:59:23] [426/514] tx/sz000703/20260904T012751 mode=json
[2026-09-17T23:59:23] [427/514] tx/sz000811/20260904T012815 mode=json
[2026-09-17T23:59:23] [428/514] tx/sz000988/20260904T012443 mode=json
[2026-09-17T23:59:23] [429/514] tx/sz001309/20260904T012358 mode=json
[2026-09-17T23:59:23] [430/514] tx/sz002008/20260904T012455 mode=json
[2026-09-17T23:59:23] [431/514] tx/sz002080/20260904T012622 mode=json
[2026-09-17T23:59:23] [432/514] tx/sz002081/20260904T012811 mode=json
[2026-09-17T23:59:23] [433/514] tx/sz002131/20260904T012652 mode=json
[2026-09-17T23:59:23] [434/514] tx/sz002384/20260904T012311 mode=json
[2026-09-17T23:59:23] [435/514] tx/sz002407/20260904T012416 mode=json
[2026-09-17T23:59:23] [436/514] tx/sz002428/20260904T012337 mode=json
[2026-09-17T23:59:23] [437/514] tx/sz002437/20260904T012626 mode=json
[2026-09-17T23:59:23] [438/514] tx/sz002536/20260904T012733 mode=json
[2026-09-17T23:59:23] [439/514] tx/sz002558/20260904T012828 mode=json
[2026-09-17T23:59:23] [440/514] tx/sz002580/20260904T012819 mode=json
[2026-09-17T23:59:23] [441/514] tx/sz002594/20260904T012726 mode=json
[2026-09-17T23:59:23] [442/514] tx/sz002716/20260904T012609 mode=json
[2026-09-17T23:59:23] [443/514] tx/sz002821/20260904T012742 mode=json
[2026-09-17T23:59:23] [444/514] tx/sz002837/20260904T012704 mode=json
[2026-09-17T23:59:23] [445/514] tx/sz002851/20260904T012519 mode=json
[2026-09-17T23:59:23] [446/514] tx/sz002916/20260904T012605 mode=json
[2026-09-17T23:59:23] [447/514] tx/sz159301/20260904T185816 mode=json
[2026-09-17T23:59:23] [448/514] tx/sz159530/20260904T185702 mode=json
[2026-09-17T23:59:23] [449/514] tx/sz159565/20260904T185814 mode=json
[2026-09-17T23:59:23] [450/514] tx/sz159611/20260904T185726 mode=json
[2026-09-17T23:59:23] [451/514] tx/sz159732/20260904T185728 mode=json
[2026-09-17T23:59:23] [452/514] tx/sz159745/20260904T185812 mode=json
[2026-09-17T23:59:23] [453/514] tx/sz159755/20260904T185730 mode=json
[2026-09-17T23:59:23] [454/514] tx/sz159766/20260904T185750 mode=json
[2026-09-17T23:59:23] [455/514] tx/sz159819/20260904T185718 mode=json
[2026-09-17T23:59:23] [456/514] tx/sz159852/20260904T185707 mode=json
[2026-09-17T23:59:23] [457/514] tx/sz159865/20260904T185743 mode=json
[2026-09-17T23:59:23] [458/514] tx/sz159869/20260904T185720 mode=json
[2026-09-17T23:59:23] [459/514] tx/sz159870/20260904T185724 mode=json
[2026-09-17T23:59:23] [460/514] tx/sz159915/20260904T185617 mode=json
[2026-09-17T23:59:23] [461/514] tx/sz159949/20260904T185641 mode=json
[2026-09-17T23:59:23] [462/514] tx/sz159985/20260904T185733 mode=json
[2026-09-17T23:59:23] [463/514] tx/sz159992/20260904T185653 mode=json
[2026-09-17T23:59:23] [464/514] tx/sz159996/20260904T185808 mode=json
[2026-09-17T23:59:23] [465/514] tx/sz159998/20260904T185803 mode=json
[2026-09-17T23:59:23] [466/514] tx/sz300058/20260904T012431 mode=json
[2026-09-17T23:59:23] [467/514] tx/sz300189/20260904T012807 mode=json
[2026-09-17T23:59:23] [468/514] tx/sz300274/20260904T012411 mode=json
[2026-09-17T23:59:23] [469/514] tx/sz300274/20260904T012922 mode=json
[2026-09-17T23:59:23] [470/514] tx/sz300274/20260904T013152 mode=json
[2026-09-17T23:59:23] [471/514] tx/sz300285/20260904T012354 mode=json
[2026-09-17T23:59:23] [472/514] tx/sz300308/20260904T012251 mode=json
[2026-09-17T23:59:23] [473/514] tx/sz300394/20260904T012302 mode=json
[2026-09-17T23:59:23] [474/514] tx/sz300395/20260904T012718 mode=json
[2026-09-17T23:59:23] [475/514] tx/sz300454/20260904T012748 mode=json
[2026-09-17T23:59:23] [476/514] tx/sz300475/20260904T012435 mode=json
[2026-09-17T23:59:23] [477/514] tx/sz300476/20260904T012326 mode=json
[2026-09-17T23:59:23] [478/514] tx/sz300489/20260904T012543 mode=json
[2026-09-17T23:59:23] [479/514] tx/sz300502/20260904T012255 mode=json
[2026-09-17T23:59:23] [480/514] tx/sz300548/20260904T012553 mode=json
[2026-09-17T23:59:23] [481/514] tx/sz300570/20260904T012527 mode=json
[2026-09-17T23:59:23] [482/514] tx/sz300604/20260904T012438 mode=json
[2026-09-17T23:59:23] [483/514] tx/sz300620/20260904T012511 mode=json
[2026-09-17T23:59:23] [484/514] tx/sz300666/20260904T012514 mode=json
[2026-09-17T23:59:23] [485/514] tx/sz300672/20260904T012824 mode=json
[2026-09-17T23:59:23] [486/514] tx/sz300684/20260904T012745 mode=json
[2026-09-17T23:59:23] [487/514] tx/sz300684/20260904T012931 mode=json
[2026-09-17T23:59:23] [488/514] tx/sz300750/20260904T012344 mode=json
[2026-09-17T23:59:23] [489/514] tx/sz300750/20260904T012918 mode=json
[2026-09-17T23:59:23] [490/514] tx/sz300757/20260904T012517 mode=json
[2026-09-17T23:59:23] [491/514] tx/sz300759/20260904T012529 mode=json
[2026-09-17T23:59:23] [492/514] tx/sz300857/20260904T012427 mode=json
[2026-09-17T23:59:23] [493/514] tx/sz300903/20260904T012706 mode=json
[2026-09-17T23:59:23] [494/514] tx/sz301018/20260904T012803 mode=json
[2026-09-17T23:59:23] [495/514] tx/sz301165/20260904T012610 mode=json
[2026-09-17T23:59:23] [496/514] tx/sz301171/20260904T012644 mode=json
[2026-09-17T23:59:23] [497/514] tx/sz301217/20260904T012440 mode=json
[2026-09-17T23:59:23] [498/514] tx/sz301308/20260904T012418 mode=json
[2026-09-17T23:59:23] [499/514] tx/sz301396/20260904T012602 mode=json
[2026-09-17T23:59:23] [500/514] tx/sz301511/20260904T012540 mode=json
[2026-09-17T23:59:23] [501/514] tx/sz301526/20260904T012421 mode=json
[2026-09-17T23:59:23] [502/514] tx/sz301536/20260904T012829 mode=json
[2026-09-17T23:59:23] [503/514] user_dataset/2026-09-03/上证 mode=zip
[2026-09-17T23:59:23] [504/514] user_dataset/2026-09-03/深证 mode=zip
[2026-09-17T23:59:23] [505/514] user_minute_1m/20260913-143215/2015 mode=inventory-only
[2026-09-17T23:59:23] [506/514] user_minute_1m/20260913-143215/2016 mode=inventory-only
[2026-09-17T23:59:23] [507/514] user_minute_1m/20260913-143215/2017 mode=inventory-only
[2026-09-17T23:59:23] [508/514] user_minute_1m/20260913-143215/2018 mode=inventory-only
[2026-09-17T23:59:24] [509/514] user_minute_1m/20260913-143215/2019 mode=inventory-only
[2026-09-17T23:59:24] [510/514] user_minute_1m/20260913-2020-2024/2020 mode=inventory-only
[2026-09-17T23:59:24] [511/514] user_minute_1m/20260913-2020-2024/2021 mode=inventory-only
[2026-09-17T23:59:24] [512/514] user_minute_1m/20260913-2020-2024/2022 mode=inventory-only
[2026-09-17T23:59:24] [513/514] user_minute_1m/20260913-2020-2024/2023 mode=inventory-only
[2026-09-17T23:59:24] [514/514] user_minute_1m/20260913-2020-2024/2024 mode=inventory-only
[2026-09-17T23:59:24] 扫描循环结束: aborted=False, 剩余 0
FINAL_STATUS all-units-processed
ELAPSED 216.4s
