[2026-09-17T23:37:27] 共 513 个扫描单元, 已完成 0
[2026-09-17T23:37:27] [1/513] xiaodefa/20260913-1 mode=full
[2026-09-17T23:37:27] [2/513] xiaodefa/20260914-300114-status mode=full
[2026-09-17T23:37:27] [3/513] xiaodefa/20260914-minute-interface-probe mode=full
[2026-09-17T23:37:27] [4/513] xiaodefa/adj_factor/20260913-bulk1 mode=full
[2026-09-17T23:37:39] [5/513] xiaodefa/block_trade/20260913-bulk1 mode=full
[2026-09-17T23:37:41] [6/513] xiaodefa/bse_mapping/20260913-bulk1 mode=full
[2026-09-17T23:37:41] [7/513] xiaodefa/cb_basic/20260913-bulk1 mode=full
[2026-09-17T23:37:41] [8/513] xiaodefa/ccass_hold/20260913-bulk1 mode=full
[2026-09-17T23:37:42] [9/513] xiaodefa/ci_daily/20260913-bulk1 mode=full
[2026-09-17T23:37:44] [10/513] xiaodefa/cn_cpi/20260913-bulk1 mode=full
[2026-09-17T23:37:44] [11/513] xiaodefa/cn_m/20260913-bulk1 mode=full
[2026-09-17T23:37:44] [12/513] xiaodefa/cn_pmi/20260913-bulk1 mode=full
[2026-09-17T23:37:44] [13/513] xiaodefa/cn_ppi/20260913-bulk1 mode=full
[2026-09-17T23:37:44] [14/513] xiaodefa/cn_schedule/20260913-bulk1 mode=full
[2026-09-17T23:37:44] [15/513] xiaodefa/cyq_perf/20260913-bulk1 mode=full
[2026-09-17T23:37:59] [16/513] xiaodefa/daily_info/20260913-bulk1 mode=full
[2026-09-17T23:38:01] [17/513] xiaodefa/dc_daily/20260913-bulk1 mode=full
[2026-09-17T23:38:02] [18/513] xiaodefa/dc_index/20260913-bulk1 mode=full
[2026-09-17T23:38:03] [19/513] xiaodefa/etf_basic/20260913-bulk1 mode=full
[2026-09-17T23:38:03] [20/513] xiaodefa/etf_index/20260913-bulk1 mode=full
[2026-09-17T23:38:03] [21/513] xiaodefa/fund_basic/20260913-bulk1 mode=full
[2026-09-17T23:38:03] [22/513] xiaodefa/fund_company/20260913-bulk1 mode=full
[2026-09-17T23:38:03] [23/513] xiaodefa/ggt_daily/20260913-bulk1 mode=full
[2026-09-17T23:38:04] [24/513] xiaodefa/hk_hold/20260913-bulk1 mode=full
[2026-09-17T23:38:06] [25/513] xiaodefa/hm_detail/20260913-bulk1 mode=full
[2026-09-17T23:38:07] [26/513] xiaodefa/hs_const/20260913-bulk1 mode=full
[2026-09-17T23:38:07] [27/513] xiaodefa/idx_factor_pro/20260913-bulk1 mode=full
[2026-09-17T23:38:22] [28/513] xiaodefa/index_basic/20260913-bulk1 mode=full
[2026-09-17T23:38:22] [29/513] xiaodefa/index_classify/20260913-bulk1 mode=full
[2026-09-17T23:38:22] [30/513] xiaodefa/index_member_all/20260913-bulk1 mode=full
[2026-09-17T23:38:22] [31/513] xiaodefa/limit_list_d/20260913-bulk1 mode=full
[2026-09-17T23:38:24] [32/513] xiaodefa/minute-repairs-20260913-3 mode=full
[2026-09-17T23:38:24] [33/513] xiaodefa/minute-repairs-20260913-4 mode=full
[2026-09-17T23:38:24] [34/513] xiaodefa/minute-repairs-20260913-5 mode=full
[2026-09-17T23:38:24] [35/513] xiaodefa/minute-repairs-20260913-6 mode=full
[2026-09-17T23:38:24] [36/513] xiaodefa/minute-repairs-20260914-1 mode=full
[2026-09-17T23:38:24] [37/513] xiaodefa/minute-repairs-20260914-2 mode=full
[2026-09-17T23:38:24] [38/513] xiaodefa/minute-repairs-20260914-3 mode=full
[2026-09-17T23:38:24] [39/513] xiaodefa/moneyflow/20260913-bulk1 mode=full
[2026-09-17T23:39:02] [40/513] xiaodefa/namechange/20260913-bulk1 mode=full
[2026-09-17T23:39:02] [41/513] xiaodefa/pledge_detail/20260913-bulk1 mode=full
[2026-09-17T23:39:02] [42/513] xiaodefa/repairs-20260913-1 mode=full
[2026-09-17T23:39:02] [43/513] xiaodefa/repairs-20260913-2 mode=full
[2026-09-17T23:39:02] [44/513] xiaodefa/sf_month/20260913-bulk1 mode=full
[2026-09-17T23:39:02] [45/513] xiaodefa/st/20260913-bulk1 mode=full
[2026-09-17T23:39:02] [46/513] xiaodefa/stk_auction_c/20260913-bulk1 mode=full
[2026-09-17T23:39:07] [47/513] xiaodefa/stk_auction_o/20260913-bulk1 mode=full
[2026-09-17T23:39:13] [48/513] xiaodefa/stk_limit/20260913-bulk1 mode=full
[2026-09-17T23:39:33] [49/513] xiaodefa/stk_nineturn/20260913-bulk1 mode=full
[2026-09-17T23:39:39] [50/513] xiaodefa/stk_surv/20260913-bulk1 mode=full
[2026-09-17T23:39:40] [51/513] xiaodefa/stock_basic/20260913-bulk1 mode=full
[2026-09-17T23:39:40] [52/513] xiaodefa/stock_company/20260913-bulk1 mode=full
[2026-09-17T23:39:40] [53/513] xiaodefa/stock_hsgt/20260913-bulk1 mode=full
[2026-09-17T23:39:40] [54/513] xiaodefa/stock_st/20260913-bulk1 mode=full
[2026-09-17T23:39:40] [55/513] xiaodefa/suspend_d/20260913-bulk1 mode=full
[2026-09-17T23:39:42] [56/513] xiaodefa/sw_daily/20260913-bulk1 mode=full
[2026-09-17T23:39:51] [57/513] xiaodefa/sz_daily_info/20260913-bulk1 mode=full
[2026-09-17T23:39:53] [58/513] xiaodefa/tdx_index/20260913-bulk1 mode=full
[2026-09-17T23:39:53] [59/513] xiaodefa/ths_daily/20260913-bulk1 mode=full
[2026-09-17T23:39:56] [60/513] xiaodefa/ths_index/20260913-bulk1 mode=full
[2026-09-17T23:39:56] [61/513] xiaodefa/top10_floatholders/20260913-bulk1 mode=full
[2026-09-17T23:39:58] [62/513] xiaodefa/top10_holders/20260913-bulk1 mode=full
[2026-09-17T23:40:03] [63/513] xiaodefa/top_list/20260913-bulk1 mode=full
[2026-09-17T23:40:03] [64/513] xiaodefa/trade_cal/20260913-bulk1 mode=full
[2026-09-17T23:40:03] [65/513] tushare/balancesheet/20260909-r3 mode=full
[2026-09-17T23:40:10] [66/513] tushare/balancesheet/20260910-r1 mode=full
[2026-09-17T23:40:10] [67/513] tushare/cashflow/20260909-r3 mode=full
[2026-09-17T23:40:17] [68/513] tushare/cashflow/20260910-r1 mode=full
[2026-09-17T23:40:17] [69/513] tushare/daily_basic/20260909-r1 mode=full
[2026-09-17T23:40:22] [70/513] tushare/daily_basic/20260913-r2 mode=full
[2026-09-17T23:40:23] [71/513] tushare/disclosure_date/20260909-r1 mode=full
[2026-09-17T23:40:23] [72/513] tushare/dividend/20260909-r3 mode=full
[2026-09-17T23:40:24] [73/513] tushare/dividend/20260913-r2 mode=full
[2026-09-17T23:40:24] [74/513] tushare/events mode=full
[2026-09-17T23:40:24] [75/513] tushare/express/20260909-r1 mode=full
[2026-09-17T23:40:24] [76/513] tushare/fina_indicator/20260909-r3 mode=full
[2026-09-17T23:40:32] [77/513] tushare/fina_indicator/20260910-r1 mode=full
[2026-09-17T23:40:32] [78/513] tushare/forecast/20260909-r1 mode=full
[2026-09-17T23:40:33] [79/513] tushare/fund_basic/20260909-r1 mode=full
[2026-09-17T23:40:33] [80/513] tushare/income/20260909-r3 mode=full
[2026-09-17T23:40:40] [81/513] tushare/income/20260910-r1 mode=full
[2026-09-17T23:40:40] [82/513] tushare/index_member_all/20260909-r1 mode=full
[2026-09-17T23:40:40] [83/513] tushare/margin_detail/20260909-r1 mode=full
[2026-09-17T23:40:43] [84/513] tushare/r3 mode=full
[2026-09-17T23:40:43] [85/513] tushare/repurchase/20260909-r3 mode=full
[2026-09-17T23:40:43] [86/513] tushare/share_float/20260909-r3 mode=full
[2026-09-17T23:40:44] [87/513] tushare/statements mode=full
[2026-09-17T23:40:44] [88/513] tushare/stk_holdertrade/20260909-r3 mode=full
[2026-09-17T23:40:44] [89/513] tushare/stock_basic/20260909-r3 mode=full
[2026-09-17T23:40:44] [90/513] tushare/sw_index_daily/20260909-r1 mode=full
[2026-09-17T23:40:44] [91/513] tushare/sw_index_daily/20260909-r2 mode=full
[2026-09-17T23:40:44] [92/513] tushare/sw_index_daily/20260909-r3 mode=full
[2026-09-17T23:40:44] [93/513] tushare/sw_index_daily/20260909-r4-verify mode=full
[2026-09-17T23:40:44] [94/513] tushare/sw_index_daily_l2/20260909-r1 mode=full
[2026-09-17T23:40:44] [95/513] tushare/top_inst/20260909-r3 mode=full
[2026-09-17T23:40:46] [96/513] tushare/top_list/20260909-r1 mode=full
[2026-09-17T23:40:47] [97/513] tushare/trade_cal/20260909-r1 mode=full
[2026-09-17T23:40:47] [98/513] bigquant/intraday-t0-20260914 mode=full
[2026-09-17T23:40:47] [99/513] bigquant/minute-bulk-20260915-1/manifest mode=full
[2026-09-17T23:40:48] [100/513] bigquant/minute-bulk-20260915-1/years/2010 mode=parquet-meta
[2026-09-17T23:40:48] [101/513] bigquant/minute-bulk-20260915-1/years/2011 mode=parquet-meta
[2026-09-17T23:40:49] [102/513] bigquant/minute-bulk-20260915-1/years/2012 mode=parquet-meta
[2026-09-17T23:40:49] [103/513] bigquant/minute-bulk-20260915-1/years/2013 mode=parquet-meta
[2026-09-17T23:40:50] [104/513] bigquant/minute-bulk-20260915-1/years/2014 mode=parquet-meta
[2026-09-17T23:40:51] [105/513] bigquant/minute-bulk-20260915-1/years/2015 mode=sampled-csv
[2026-09-17T23:40:52] [106/513] bigquant/minute-bulk-20260915-1/years/2016 mode=sampled-csv
[2026-09-17T23:40:53] [107/513] bigquant/minute-bulk-20260915-1/years/2018 mode=sampled-csv
[2026-09-17T23:40:54] [108/513] bigquant/minute-bulk-20260915-1/years/2019 mode=sampled-csv
[2026-09-17T23:40:55] [109/513] bigquant/minute-bulk-20260915-1/years/2025 mode=frozen-name-only
[2026-09-17T23:40:55] [110/513] bigquant/minute-bulk-20260915-1/years/2026 mode=frozen-name-only
[2026-09-17T23:40:55] [111/513] bigquant/minute-check-20260914-1 mode=full
[2026-09-17T23:40:55] [112/513] bigquant/minute-repairs-20260914-1 mode=full
[2026-09-17T23:40:55] [113/513] em_fin/sh600030/20260904T013245 mode=json
[2026-09-17T23:40:55] [114/513] em_fin/sh600110/20260904T013306 mode=json
[2026-09-17T23:40:55] [115/513] em_fin/sh600150/20260904T013254 mode=json
[2026-09-17T23:40:55] [116/513] em_fin/sh600172/20260904T013249 mode=json
[2026-09-17T23:40:55] [117/513] em_fin/sh600176/20260904T013210 mode=json
[2026-09-17T23:40:55] [118/513] em_fin/sh600183/20260904T013210 mode=json
[2026-09-17T23:40:55] [119/513] em_fin/sh600186/20260904T013239 mode=json
[2026-09-17T23:40:55] [120/513] em_fin/sh600276/20260904T013230 mode=json
[2026-09-17T23:40:55] [121/513] em_fin/sh600397/20260904T013259 mode=json
[2026-09-17T23:40:55] [122/513] em_fin/sh600487/20260904T013208 mode=json
[2026-09-17T23:40:55] [123/513] em_fin/sh600519/20260904T013230 mode=json
[2026-09-17T23:40:55] [124/513] em_fin/sh600519/20260904T013638 mode=json
[2026-09-17T23:40:55] [125/513] em_fin/sh600584/20260904T013213 mode=json
[2026-09-17T23:40:55] [126/513] em_fin/sh600664/20260904T013237 mode=json
[2026-09-17T23:40:55] [127/513] em_fin/sh600869/20260904T013239 mode=json
[2026-09-17T23:40:55] [128/513] em_fin/sh600900/20260904T013251 mode=json
[2026-09-17T23:40:55] [129/513] em_fin/sh600988/20260904T013242 mode=json
[2026-09-17T23:40:55] [130/513] em_fin/sh600989/20260904T013307 mode=json
[2026-09-17T23:40:55] [131/513] em_fin/sh601138/20260904T013215 mode=json
[2026-09-17T23:40:55] [132/513] em_fin/sh601179/20260904T080501 mode=json
[2026-09-17T23:40:55] [133/513] em_fin/sh601179/20260904T080803 mode=json
[2026-09-17T23:40:55] [134/513] em_fin/sh601208/20260904T013235 mode=json
[2026-09-17T23:40:55] [135/513] em_fin/sh601212/20260904T013539 mode=json
[2026-09-17T23:40:55] [136/513] em_fin/sh601318/20260904T013236 mode=json
[2026-09-17T23:40:55] [137/513] em_fin/sh601398/20260904T013245 mode=json
[2026-09-17T23:40:55] [138/513] em_fin/sh601718/20260904T212449 mode=json
[2026-09-17T23:40:55] [139/513] em_fin/sh601869/20260904T013221 mode=json
[2026-09-17T23:40:55] [140/513] em_fin/sh601899/20260904T013212 mode=json
[2026-09-17T23:40:55] [141/513] em_fin/sh603083/20260904T013227 mode=json
[2026-09-17T23:40:55] [142/513] em_fin/sh603186/20260904T013227 mode=json
[2026-09-17T23:40:55] [143/513] em_fin/sh603228/20260904T013233 mode=json
[2026-09-17T23:40:55] [144/513] em_fin/sh603256/20260904T013246 mode=json
[2026-09-17T23:40:55] [145/513] em_fin/sh603259/20260904T013211 mode=json
[2026-09-17T23:40:55] [146/513] em_fin/sh603538/20260904T013304 mode=json
[2026-09-17T23:40:55] [147/513] em_fin/sh603618/20260904T013250 mode=json
[2026-09-17T23:40:55] [148/513] em_fin/sh603629/20260904T013223 mode=json
[2026-09-17T23:40:55] [149/513] em_fin/sh603799/20260904T013253 mode=json
[2026-09-17T23:40:55] [150/513] em_fin/sh603893/20260904T013250 mode=json
[2026-09-17T23:40:55] [151/513] em_fin/sh603986/20260904T013207 mode=json
[2026-09-17T23:40:55] [152/513] em_fin/sh603987/20260904T212438 mode=json
[2026-09-17T23:40:55] [153/513] em_fin/sh603993/20260904T013229 mode=json
[2026-09-17T23:40:55] [154/513] em_fin/sh688008/20260904T013214 mode=json
[2026-09-17T23:40:55] [155/513] em_fin/sh688012/20260904T013216 mode=json
[2026-09-17T23:40:55] [156/513] em_fin/sh688017/20260904T013247 mode=json
[2026-09-17T23:40:55] [157/513] em_fin/sh688041/20260904T013219 mode=json
[2026-09-17T23:40:55] [158/513] em_fin/sh688048/20260904T013538 mode=json
[2026-09-17T23:40:55] [159/513] em_fin/sh688072/20260904T013229 mode=json
[2026-09-17T23:40:55] [160/513] em_fin/sh688110/20260904T013300 mode=json
[2026-09-17T23:40:55] [161/513] em_fin/sh688143/20260904T013246 mode=json
[2026-09-17T23:40:55] [162/513] em_fin/sh688146/20260904T013228 mode=json
[2026-09-17T23:40:55] [163/513] em_fin/sh688167/20260904T013243 mode=json
[2026-09-17T23:40:55] [164/513] em_fin/sh688183/20260904T013259 mode=json
[2026-09-17T23:40:55] [165/513] em_fin/sh688195/20260904T013256 mode=json
[2026-09-17T23:40:55] [166/513] em_fin/sh688205/20260904T013307 mode=json
[2026-09-17T23:40:55] [167/513] em_fin/sh688256/20260904T013209 mode=json
[2026-09-17T23:40:55] [168/513] em_fin/sh688300/20260904T013247 mode=json
[2026-09-17T23:40:55] [169/513] em_fin/sh688313/20260904T013233 mode=json
[2026-09-17T23:40:55] [170/513] em_fin/sh688347/20260904T013226 mode=json
[2026-09-17T23:40:55] [171/513] em_fin/sh688361/20260904T013238 mode=json
[2026-09-17T23:40:55] [172/513] em_fin/sh688498/20260904T013218 mode=json
[2026-09-17T23:40:55] [173/513] em_fin/sh688521/20260904T013235 mode=json
[2026-09-17T23:40:55] [174/513] em_fin/sh688525/20260904T013218 mode=json
[2026-09-17T23:40:55] [175/513] em_fin/sh688627/20260904T013252 mode=json
[2026-09-17T23:40:55] [176/513] em_fin/sh688702/20260904T013243 mode=json
[2026-09-17T23:40:55] [177/513] em_fin/sh688766/20260904T013217 mode=json
[2026-09-17T23:40:55] [178/513] em_fin/sh688981/20260904T013222 mode=json
[2026-09-17T23:40:55] [179/513] em_fin/sz000100/20260904T013255 mode=json
[2026-09-17T23:40:55] [180/513] em_fin/sz000338/20260904T013253 mode=json
[2026-09-17T23:40:55] [181/513] em_fin/sz000506/20260904T013256 mode=json
[2026-09-17T23:40:55] [182/513] em_fin/sz000636/20260904T013212 mode=json
[2026-09-17T23:40:55] [183/513] em_fin/sz000657/20260904T013217 mode=json
[2026-09-17T23:40:55] [184/513] em_fin/sz000703/20260904T013259 mode=json
[2026-09-17T23:40:55] [185/513] em_fin/sz000811/20260904T013303 mode=json
[2026-09-17T23:40:55] [186/513] em_fin/sz000988/20260904T013226 mode=json
[2026-09-17T23:40:55] [187/513] em_fin/sz001309/20260904T013216 mode=json
[2026-09-17T23:40:55] [188/513] em_fin/sz002008/20260904T013228 mode=json
[2026-09-17T23:40:55] [189/513] em_fin/sz002080/20260904T013244 mode=json
[2026-09-17T23:40:55] [190/513] em_fin/sz002081/20260904T013303 mode=json
[2026-09-17T23:40:55] [191/513] em_fin/sz002131/20260904T013249 mode=json
[2026-09-17T23:40:55] [192/513] em_fin/sz002384/20260904T013209 mode=json
[2026-09-17T23:40:55] [193/513] em_fin/sz002407/20260904T013220 mode=json
[2026-09-17T23:40:55] [194/513] em_fin/sz002428/20260904T013213 mode=json
[2026-09-17T23:40:55] [195/513] em_fin/sz002437/20260904T013244 mode=json
[2026-09-17T23:40:55] [196/513] em_fin/sz002536/20260904T013256 mode=json
[2026-09-17T23:40:55] [197/513] em_fin/sz002558/20260904T013305 mode=json
[2026-09-17T23:40:55] [198/513] em_fin/sz002580/20260904T013540 mode=json
[2026-09-17T23:40:55] [199/513] em_fin/sz002594/20260904T013539 mode=json
[2026-09-17T23:40:55] [200/513] em_fin/sz002716/20260904T013241 mode=json
[2026-09-17T23:40:55] [201/513] em_fin/sz002821/20260904T013257 mode=json
[2026-09-17T23:40:55] [202/513] em_fin/sz002837/20260904T013251 mode=json
[2026-09-17T23:40:55] [203/513] em_fin/sz002851/20260904T013232 mode=json
[2026-09-17T23:40:55] [204/513] em_fin/sz002916/20260904T013240 mode=json
[2026-09-17T23:40:55] [205/513] em_fin/sz300058/20260904T013224 mode=json
[2026-09-17T23:40:55] [206/513] em_fin/sz300189/20260904T013302 mode=json
[2026-09-17T23:40:55] [207/513] em_fin/sz300274/20260904T013219 mode=json
[2026-09-17T23:40:55] [208/513] em_fin/sz300285/20260904T013215 mode=json
[2026-09-17T23:40:55] [209/513] em_fin/sz300308/20260904T013207 mode=json
[2026-09-17T23:40:55] [210/513] em_fin/sz300394/20260904T013208 mode=json
[2026-09-17T23:40:55] [211/513] em_fin/sz300395/20260904T013254 mode=json
[2026-09-17T23:40:55] [212/513] em_fin/sz300454/20260904T013258 mode=json
[2026-09-17T23:40:55] [213/513] em_fin/sz300475/20260904T013224 mode=json
[2026-09-17T23:40:55] [214/513] em_fin/sz300476/20260904T013211 mode=json
[2026-09-17T23:40:55] [215/513] em_fin/sz300489/20260904T013237 mode=json
[2026-09-17T23:40:55] [216/513] em_fin/sz300502/20260904T013207 mode=json
[2026-09-17T23:40:55] [217/513] em_fin/sz300548/20260904T013238 mode=json
[2026-09-17T23:40:55] [218/513] em_fin/sz300570/20260904T013234 mode=json
[2026-09-17T23:40:55] [219/513] em_fin/sz300604/20260904T013225 mode=json
[2026-09-17T23:40:55] [220/513] em_fin/sz300620/20260904T013231 mode=json
[2026-09-17T23:40:55] [221/513] em_fin/sz300666/20260904T013231 mode=json
[2026-09-17T23:40:55] [222/513] em_fin/sz300672/20260904T013305 mode=json
[2026-09-17T23:40:55] [223/513] em_fin/sz300684/20260904T013257 mode=json
[2026-09-17T23:40:55] [224/513] em_fin/sz300750/20260904T013214 mode=json
[2026-09-17T23:40:56] [225/513] em_fin/sz300757/20260904T013232 mode=json
[2026-09-17T23:40:56] [226/513] em_fin/sz300759/20260904T013234 mode=json
[2026-09-17T23:40:56] [227/513] em_fin/sz300857/20260904T013223 mode=json
[2026-09-17T23:40:56] [228/513] em_fin/sz300903/20260904T013252 mode=json
[2026-09-17T23:40:56] [229/513] em_fin/sz301018/20260904T013301 mode=json
[2026-09-17T23:40:56] [230/513] em_fin/sz301165/20260904T013242 mode=json
[2026-09-17T23:40:56] [231/513] em_fin/sz301171/20260904T013248 mode=json
[2026-09-17T23:40:56] [232/513] em_fin/sz301217/20260904T013225 mode=json
[2026-09-17T23:40:56] [233/513] em_fin/sz301308/20260904T013220 mode=json
[2026-09-17T23:40:56] [234/513] em_fin/sz301396/20260904T013240 mode=json
[2026-09-17T23:40:56] [235/513] em_fin/sz301511/20260904T013236 mode=json
[2026-09-17T23:40:56] [236/513] em_fin/sz301526/20260904T013222 mode=json
[2026-09-17T23:40:56] [237/513] em_fin/sz301536/20260904T013306 mode=json
[2026-09-17T23:40:56] [238/513] ths/sh510050/20260903T040924 mode=json
[2026-09-17T23:40:56] [239/513] ths/sh510050/20260903T042255 mode=json
[2026-09-17T23:40:56] [240/513] ths/sh510300/20260903T040925 mode=json
[2026-09-17T23:40:56] [241/513] ths/sh510300/20260903T042252 mode=json
[2026-09-17T23:40:56] [242/513] ths/sh510500/20260903T040925 mode=json
[2026-09-17T23:40:56] [243/513] ths/sh510500/20260903T042253 mode=json
[2026-09-17T23:40:56] [244/513] ths/sh510880/20260903T040930 mode=json
[2026-09-17T23:40:56] [245/513] ths/sh510880/20260903T042259 mode=json
[2026-09-17T23:40:56] [246/513] ths/sh512010/20260903T040927 mode=json
[2026-09-17T23:40:56] [247/513] ths/sh512010/20260903T042259 mode=json
[2026-09-17T23:40:56] [248/513] ths/sh512100/20260903T040926 mode=json
[2026-09-17T23:40:56] [249/513] ths/sh512100/20260903T042253 mode=json
[2026-09-17T23:40:56] [250/513] ths/sh512170/20260903T042258 mode=json
[2026-09-17T23:40:56] [251/513] ths/sh512200/20260903T042308 mode=json
[2026-09-17T23:40:56] [252/513] ths/sh512400/20260903T040928 mode=json
[2026-09-17T23:40:56] [253/513] ths/sh512400/20260903T042255 mode=json
[2026-09-17T23:40:56] [254/513] ths/sh512480/20260903T040927 mode=json
[2026-09-17T23:40:56] [255/513] ths/sh512690/20260903T040927 mode=json
[2026-09-17T23:40:56] [256/513] ths/sh512690/20260903T042301 mode=json
[2026-09-17T23:40:56] [257/513] ths/sh512710/20260903T042304 mode=json
[2026-09-17T23:40:56] [258/513] ths/sh512800/20260903T040928 mode=json
[2026-09-17T23:40:56] [259/513] ths/sh512800/20260903T042256 mode=json
[2026-09-17T23:40:56] [260/513] ths/sh512880/20260903T040926 mode=json
[2026-09-17T23:40:56] [261/513] ths/sh512880/20260903T042254 mode=json
[2026-09-17T23:40:56] [262/513] ths/sh512890/20260903T042256 mode=json
[2026-09-17T23:40:56] [263/513] ths/sh512980/20260903T042303 mode=json
[2026-09-17T23:40:56] [264/513] ths/sh513100/20260903T040930 mode=json
[2026-09-17T23:40:56] [265/513] ths/sh515030/20260903T042307 mode=json
[2026-09-17T23:40:56] [266/513] ths/sh515170/20260903T042309 mode=json
[2026-09-17T23:40:56] [267/513] ths/sh515210/20260903T042308 mode=json
[2026-09-17T23:40:56] [268/513] ths/sh515220/20260903T042257 mode=json
[2026-09-17T23:40:56] [269/513] ths/sh515790/20260903T040929 mode=json
[2026-09-17T23:40:56] [270/513] ths/sh515790/20260903T042305 mode=json
[2026-09-17T23:40:56] [271/513] ths/sh515800/20260903T042308 mode=json
[2026-09-17T23:40:56] [272/513] ths/sh515880/20260903T042252 mode=json
[2026-09-17T23:40:56] [273/513] ths/sh516150/20260903T042306 mode=json
[2026-09-17T23:40:56] [274/513] ths/sh516160/20260903T040929 mode=json
[2026-09-17T23:40:56] [275/513] ths/sh516510/20260903T042305 mode=json
[2026-09-17T23:40:56] [276/513] ths/sh516970/20260903T042311 mode=json
[2026-09-17T23:40:56] [277/513] ths/sh517520/20260903T042255 mode=json
[2026-09-17T23:40:56] [278/513] ths/sh518880/20260903T040930 mode=json
[2026-09-17T23:40:56] [279/513] ths/sh518880/20260903T042251 mode=json
[2026-09-17T23:40:56] [280/513] ths/sh560080/20260903T042310 mode=json
[2026-09-17T23:40:56] [281/513] ths/sh560170/20260903T042312 mode=json
[2026-09-17T23:40:56] [282/513] ths/sh560280/20260903T042307 mode=json
[2026-09-17T23:40:56] [283/513] ths/sh561360/20260903T042309 mode=json
[2026-09-17T23:40:56] [284/513] ths/sh562800/20260903T042303 mode=json
[2026-09-17T23:40:56] [285/513] ths/sh563300/20260903T042257 mode=json
[2026-09-17T23:40:56] [286/513] ths/sh588000/20260903T042251 mode=json
[2026-09-17T23:40:56] [287/513] ths/sh588170/20260903T042250 mode=json
[2026-09-17T23:40:56] [288/513] ths/sh588220/20260903T042258 mode=json
[2026-09-17T23:40:56] [289/513] ths/sz159301/20260903T042312 mode=json
[2026-09-17T23:40:56] [290/513] ths/sz159530/20260903T042258 mode=json
[2026-09-17T23:40:56] [291/513] ths/sz159565/20260903T042311 mode=json
[2026-09-17T23:40:56] [292/513] ths/sz159611/20260903T042301 mode=json
[2026-09-17T23:40:56] [293/513] ths/sz159732/20260903T042302 mode=json
[2026-09-17T23:40:56] [294/513] ths/sz159745/20260903T042311 mode=json
[2026-09-17T23:40:56] [295/513] ths/sz159755/20260903T042302 mode=json
[2026-09-17T23:40:56] [296/513] ths/sz159766/20260903T042306 mode=json
[2026-09-17T23:40:56] [297/513] ths/sz159819/20260903T042300 mode=json
[2026-09-17T23:40:56] [298/513] ths/sz159852/20260903T042259 mode=json
[2026-09-17T23:40:56] [299/513] ths/sz159865/20260903T042304 mode=json
[2026-09-17T23:40:56] [300/513] ths/sz159869/20260903T042300 mode=json
[2026-09-17T23:40:56] [301/513] ths/sz159870/20260903T042301 mode=json
[2026-09-17T23:40:56] [302/513] ths/sz159915/20260903T040926 mode=json
[2026-09-17T23:40:56] [303/513] ths/sz159915/20260903T042252 mode=json
[2026-09-17T23:40:56] [304/513] ths/sz159949/20260903T042254 mode=json
[2026-09-17T23:40:56] [305/513] ths/sz159985/20260903T042303 mode=json
[2026-09-17T23:40:56] [306/513] ths/sz159992/20260903T042256 mode=json
[2026-09-17T23:40:56] [307/513] ths/sz159996/20260903T042310 mode=json
[2026-09-17T23:40:56] [308/513] ths/sz159998/20260903T042309 mode=json
[2026-09-17T23:40:56] [309/513] tx/sh510050/20260904T185651 mode=json
[2026-09-17T23:40:56] [310/513] tx/sh510300/20260904T185625 mode=json
[2026-09-17T23:40:56] [311/513] tx/sh510500/20260904T185633 mode=json
[2026-09-17T23:40:56] [312/513] tx/sh510880/20260904T185713 mode=json
[2026-09-17T23:40:56] [313/513] tx/sh512010/20260904T185716 mode=json
[2026-09-17T23:40:56] [314/513] tx/sh512100/20260904T185628 mode=json
[2026-09-17T23:40:56] [315/513] tx/sh512170/20260904T185705 mode=json
[2026-09-17T23:40:56] [316/513] tx/sh512200/20260904T185756 mode=json
[2026-09-17T23:40:56] [317/513] tx/sh512400/20260904T185643 mode=json
[2026-09-17T23:40:56] [318/513] tx/sh512690/20260904T185723 mode=json
[2026-09-17T23:40:56] [319/513] tx/sh512710/20260904T185741 mode=json
[2026-09-17T23:40:56] [320/513] tx/sh512800/20260904T185656 mode=json
[2026-09-17T23:40:56] [321/513] tx/sh512880/20260904T185637 mode=json
[2026-09-17T23:40:56] [322/513] tx/sh512890/20260904T185659 mode=json
[2026-09-17T23:40:56] [323/513] tx/sh512980/20260904T185736 mode=json
[2026-09-17T23:40:56] [324/513] tx/sh515030/20260904T185752 mode=json
[2026-09-17T23:40:56] [325/513] tx/sh515170/20260904T185805 mode=json
[2026-09-17T23:40:56] [326/513] tx/sh515210/20260904T185758 mode=json
[2026-09-17T23:40:56] [327/513] tx/sh515220/20260904T185701 mode=json
[2026-09-17T23:40:56] [328/513] tx/sh515790/20260904T185745 mode=json
[2026-09-17T23:40:56] [329/513] tx/sh515800/20260904T185801 mode=json
[2026-09-17T23:40:56] [330/513] tx/sh515880/20260904T185620 mode=json
[2026-09-17T23:40:56] [331/513] tx/sh516150/20260904T185748 mode=json
[2026-09-17T23:40:56] [332/513] tx/sh516510/20260904T185747 mode=json
[2026-09-17T23:40:56] [333/513] tx/sh516970/20260904T185814 mode=json
[2026-09-17T23:40:56] [334/513] tx/sh517520/20260904T185651 mode=json
[2026-09-17T23:40:56] [335/513] tx/sh518880/20260904T185611 mode=json
[2026-09-17T23:40:56] [336/513] tx/sh560080/20260904T185810 mode=json
[2026-09-17T23:40:56] [337/513] tx/sh560170/20260904T185815 mode=json
[2026-09-17T23:40:56] [338/513] tx/sh560280/20260904T185753 mode=json
[2026-09-17T23:40:56] [339/513] tx/sh561360/20260904T185806 mode=json
[2026-09-17T23:40:56] [340/513] tx/sh562800/20260904T185738 mode=json
[2026-09-17T23:40:56] [341/513] tx/sh563300/20260904T185659 mode=json
[2026-09-17T23:40:56] [342/513] tx/sh588000/20260904T185607 mode=json
[2026-09-17T23:40:56] [343/513] tx/sh588170/20260904T080651 mode=json
[2026-09-17T23:40:56] [344/513] tx/sh588170/20260904T213728 mode=json
[2026-09-17T23:40:56] [345/513] tx/sh588220/20260904T185702 mode=json
[2026-09-17T23:40:56] [346/513] tx/sh600030/20260904T012630 mode=json
[2026-09-17T23:40:56] [347/513] tx/sh600110/20260904T012833 mode=json
[2026-09-17T23:40:57] [348/513] tx/sh600150/20260904T012722 mode=json
[2026-09-17T23:40:57] [349/513] tx/sh600172/20260904T012648 mode=json
[2026-09-17T23:40:57] [350/513] tx/sh600176/20260904T012315 mode=json
[2026-09-17T23:40:57] [351/513] tx/sh600183/20260904T012319 mode=json
[2026-09-17T23:40:57] [352/513] tx/sh600183/20260904T012916 mode=json
[2026-09-17T23:40:57] [353/513] tx/sh600183/20260904T013145 mode=json
[2026-09-17T23:40:57] [354/513] tx/sh600186/20260904T012556 mode=json
[2026-09-17T23:40:57] [355/513] tx/sh600276/20260904T012504 mode=json
[2026-09-17T23:40:57] [356/513] tx/sh600397/20260904T012755 mode=json
[2026-09-17T23:40:57] [357/513] tx/sh600487/20260904T012306 mode=json
[2026-09-17T23:40:57] [358/513] tx/sh600519/20260904T012508 mode=json
[2026-09-17T23:40:57] [359/513] tx/sh600519/20260904T012925 mode=json
[2026-09-17T23:40:57] [360/513] tx/sh600519/20260904T013141 mode=json
[2026-09-17T23:40:57] [361/513] tx/sh600519/20260904T013637 mode=json
[2026-09-17T23:40:57] [362/513] tx/sh600584/20260904T012341 mode=json
[2026-09-17T23:40:57] [363/513] tx/sh600664/20260904T012547 mode=json
[2026-09-17T23:40:57] [364/513] tx/sh600869/20260904T012600 mode=json
[2026-09-17T23:40:57] [365/513] tx/sh600900/20260904T012701 mode=json
[2026-09-17T23:40:57] [366/513] tx/sh600988/20260904T012614 mode=json
[2026-09-17T23:40:57] [367/513] tx/sh600989/20260904T012835 mode=json
[2026-09-17T23:40:57] [368/513] tx/sh601138/20260904T012350 mode=json
[2026-09-17T23:40:57] [369/513] tx/sh601179/20260904T080459 mode=json
[2026-09-17T23:40:57] [370/513] tx/sh601179/20260904T080802 mode=json
[2026-09-17T23:40:57] [371/513] tx/sh601208/20260904T012535 mode=json
[2026-09-17T23:40:57] [372/513] tx/sh601212/20260904T012801 mode=json
[2026-09-17T23:40:57] [373/513] tx/sh601318/20260904T012539 mode=json
[2026-09-17T23:40:57] [374/513] tx/sh601398/20260904T012634 mode=json
[2026-09-17T23:40:57] [375/513] tx/sh601718/20260904T091546 mode=json
[2026-09-17T23:40:57] [376/513] tx/sh601718/20260904T212447 mode=json
[2026-09-17T23:40:57] [377/513] tx/sh601869/20260904T012421 mode=json
[2026-09-17T23:40:57] [378/513] tx/sh601899/20260904T012334 mode=json
[2026-09-17T23:40:57] [379/513] tx/sh603083/20260904T012447 mode=json
[2026-09-17T23:40:57] [380/513] tx/sh603186/20260904T012449 mode=json
[2026-09-17T23:40:57] [381/513] tx/sh603228/20260904T012522 mode=json
[2026-09-17T23:40:57] [382/513] tx/sh603256/20260904T012637 mode=json
[2026-09-17T23:40:57] [383/513] tx/sh603259/20260904T012322 mode=json
[2026-09-17T23:40:57] [384/513] tx/sh603538/20260904T012821 mode=json
[2026-09-17T23:40:57] [385/513] tx/sh603618/20260904T012656 mode=json
[2026-09-17T23:40:57] [386/513] tx/sh603629/20260904T012426 mode=json
[2026-09-17T23:40:57] [387/513] tx/sh603799/20260904T012714 mode=json
[2026-09-17T23:40:57] [388/513] tx/sh603893/20260904T012657 mode=json
[2026-09-17T23:40:57] [389/513] tx/sh603986/20260904T012258 mode=json
[2026-09-17T23:40:57] [390/513] tx/sh603987/20260904T091542 mode=json
[2026-09-17T23:40:57] [391/513] tx/sh603987/20260904T212436 mode=json
[2026-09-17T23:40:57] [392/513] tx/sh603993/20260904T012459 mode=json
[2026-09-17T23:40:57] [393/513] tx/sh688008/20260904T012347 mode=json
[2026-09-17T23:40:57] [394/513] tx/sh688012/20260904T012356 mode=json
[2026-09-17T23:40:57] [395/513] tx/sh688017/20260904T012643 mode=json
[2026-09-17T23:40:57] [396/513] tx/sh688041/20260904T012412 mode=json
[2026-09-17T23:40:57] [397/513] tx/sh688048/20260904T012616 mode=json
[2026-09-17T23:40:57] [398/513] tx/sh688072/20260904T012501 mode=json
[2026-09-17T23:40:57] [399/513] tx/sh688110/20260904T012759 mode=json
[2026-09-17T23:40:57] [400/513] tx/sh688143/20260904T012638 mode=json
[2026-09-17T23:40:57] [401/513] tx/sh688146/20260904T012451 mode=json
[2026-09-17T23:40:57] [402/513] tx/sh688167/20260904T012618 mode=json
[2026-09-17T23:40:57] [403/513] tx/sh688183/20260904T012757 mode=json
[2026-09-17T23:40:57] [404/513] tx/sh688195/20260904T012735 mode=json
[2026-09-17T23:40:57] [405/513] tx/sh688205/20260904T012837 mode=json
[2026-09-17T23:40:57] [406/513] tx/sh688256/20260904T012308 mode=json
[2026-09-17T23:40:57] [407/513] tx/sh688300/20260904T012641 mode=json
[2026-09-17T23:40:57] [408/513] tx/sh688313/20260904T012524 mode=json
[2026-09-17T23:40:57] [409/513] tx/sh688347/20260904T012444 mode=json
[2026-09-17T23:40:57] [410/513] tx/sh688361/20260904T012549 mode=json
[2026-09-17T23:40:57] [411/513] tx/sh688498/20260904T012405 mode=json
[2026-09-17T23:40:57] [412/513] tx/sh688521/20260904T012531 mode=json
[2026-09-17T23:40:57] [413/513] tx/sh688525/20260904T012407 mode=json
[2026-09-17T23:40:57] [414/513] tx/sh688627/20260904T012707 mode=json
[2026-09-17T23:40:57] [415/513] tx/sh688702/20260904T012617 mode=json
[2026-09-17T23:40:57] [416/513] tx/sh688766/20260904T012400 mode=json
[2026-09-17T23:40:57] [417/513] tx/sh688981/20260904T012423 mode=json
[2026-09-17T23:40:57] [418/513] tx/sz000100/20260904T012730 mode=json
[2026-09-17T23:40:57] [419/513] tx/sz000338/20260904T012710 mode=json
[2026-09-17T23:40:57] [420/513] tx/sz000338/20260904T012928 mode=json
[2026-09-17T23:40:57] [421/513] tx/sz000338/20260904T013148 mode=json
[2026-09-17T23:40:57] [422/513] tx/sz000506/20260904T012739 mode=json
[2026-09-17T23:40:57] [423/513] tx/sz000636/20260904T012330 mode=json
[2026-09-17T23:40:57] [424/513] tx/sz000657/20260904T012403 mode=json
[2026-09-17T23:40:57] [425/513] tx/sz000703/20260904T012751 mode=json
[2026-09-17T23:40:57] [426/513] tx/sz000811/20260904T012815 mode=json
[2026-09-17T23:40:57] [427/513] tx/sz000988/20260904T012443 mode=json
[2026-09-17T23:40:57] [428/513] tx/sz001309/20260904T012358 mode=json
[2026-09-17T23:40:57] [429/513] tx/sz002008/20260904T012455 mode=json
[2026-09-17T23:40:57] [430/513] tx/sz002080/20260904T012622 mode=json
[2026-09-17T23:40:57] [431/513] tx/sz002081/20260904T012811 mode=json
[2026-09-17T23:40:57] [432/513] tx/sz002131/20260904T012652 mode=json
[2026-09-17T23:40:57] [433/513] tx/sz002384/20260904T012311 mode=json
[2026-09-17T23:40:57] [434/513] tx/sz002407/20260904T012416 mode=json
[2026-09-17T23:40:57] [435/513] tx/sz002428/20260904T012337 mode=json
[2026-09-17T23:40:57] [436/513] tx/sz002437/20260904T012626 mode=json
[2026-09-17T23:40:57] [437/513] tx/sz002536/20260904T012733 mode=json
[2026-09-17T23:40:57] [438/513] tx/sz002558/20260904T012828 mode=json
[2026-09-17T23:40:57] [439/513] tx/sz002580/20260904T012819 mode=json
[2026-09-17T23:40:57] [440/513] tx/sz002594/20260904T012726 mode=json
[2026-09-17T23:40:57] [441/513] tx/sz002716/20260904T012609 mode=json
[2026-09-17T23:40:57] [442/513] tx/sz002821/20260904T012742 mode=json
[2026-09-17T23:40:57] [443/513] tx/sz002837/20260904T012704 mode=json
[2026-09-17T23:40:57] [444/513] tx/sz002851/20260904T012519 mode=json
[2026-09-17T23:40:57] [445/513] tx/sz002916/20260904T012605 mode=json
[2026-09-17T23:40:57] [446/513] tx/sz159301/20260904T185816 mode=json
[2026-09-17T23:40:57] [447/513] tx/sz159530/20260904T185702 mode=json
[2026-09-17T23:40:57] [448/513] tx/sz159565/20260904T185814 mode=json
[2026-09-17T23:40:57] [449/513] tx/sz159611/20260904T185726 mode=json
[2026-09-17T23:40:57] [450/513] tx/sz159732/20260904T185728 mode=json
[2026-09-17T23:40:57] [451/513] tx/sz159745/20260904T185812 mode=json
[2026-09-17T23:40:57] [452/513] tx/sz159755/20260904T185730 mode=json
[2026-09-17T23:40:57] [453/513] tx/sz159766/20260904T185750 mode=json
[2026-09-17T23:40:57] [454/513] tx/sz159819/20260904T185718 mode=json
[2026-09-17T23:40:57] [455/513] tx/sz159852/20260904T185707 mode=json
[2026-09-17T23:40:57] [456/513] tx/sz159865/20260904T185743 mode=json
[2026-09-17T23:40:57] [457/513] tx/sz159869/20260904T185720 mode=json
[2026-09-17T23:40:57] [458/513] tx/sz159870/20260904T185724 mode=json
[2026-09-17T23:40:57] [459/513] tx/sz159915/20260904T185617 mode=json
[2026-09-17T23:40:57] [460/513] tx/sz159949/20260904T185641 mode=json
[2026-09-17T23:40:57] [461/513] tx/sz159985/20260904T185733 mode=json
[2026-09-17T23:40:57] [462/513] tx/sz159992/20260904T185653 mode=json
[2026-09-17T23:40:57] [463/513] tx/sz159996/20260904T185808 mode=json
[2026-09-17T23:40:57] [464/513] tx/sz159998/20260904T185803 mode=json
[2026-09-17T23:40:57] [465/513] tx/sz300058/20260904T012431 mode=json
[2026-09-17T23:40:57] [466/513] tx/sz300189/20260904T012807 mode=json
[2026-09-17T23:40:58] [467/513] tx/sz300274/20260904T012411 mode=json
[2026-09-17T23:40:58] [468/513] tx/sz300274/20260904T012922 mode=json
[2026-09-17T23:40:58] [469/513] tx/sz300274/20260904T013152 mode=json
[2026-09-17T23:40:58] [470/513] tx/sz300285/20260904T012354 mode=json
[2026-09-17T23:40:58] [471/513] tx/sz300308/20260904T012251 mode=json
[2026-09-17T23:40:58] [472/513] tx/sz300394/20260904T012302 mode=json
[2026-09-17T23:40:58] [473/513] tx/sz300395/20260904T012718 mode=json
[2026-09-17T23:40:58] [474/513] tx/sz300454/20260904T012748 mode=json
[2026-09-17T23:40:58] [475/513] tx/sz300475/20260904T012435 mode=json
[2026-09-17T23:40:58] [476/513] tx/sz300476/20260904T012326 mode=json
[2026-09-17T23:40:58] [477/513] tx/sz300489/20260904T012543 mode=json
[2026-09-17T23:40:58] [478/513] tx/sz300502/20260904T012255 mode=json
[2026-09-17T23:40:58] [479/513] tx/sz300548/20260904T012553 mode=json
[2026-09-17T23:40:58] [480/513] tx/sz300570/20260904T012527 mode=json
[2026-09-17T23:40:58] [481/513] tx/sz300604/20260904T012438 mode=json
[2026-09-17T23:40:58] [482/513] tx/sz300620/20260904T012511 mode=json
[2026-09-17T23:40:58] [483/513] tx/sz300666/20260904T012514 mode=json
[2026-09-17T23:40:58] [484/513] tx/sz300672/20260904T012824 mode=json
[2026-09-17T23:40:58] [485/513] tx/sz300684/20260904T012745 mode=json
[2026-09-17T23:40:58] [486/513] tx/sz300684/20260904T012931 mode=json
[2026-09-17T23:40:58] [487/513] tx/sz300750/20260904T012344 mode=json
[2026-09-17T23:40:58] [488/513] tx/sz300750/20260904T012918 mode=json
[2026-09-17T23:40:58] [489/513] tx/sz300757/20260904T012517 mode=json
[2026-09-17T23:40:58] [490/513] tx/sz300759/20260904T012529 mode=json
[2026-09-17T23:40:58] [491/513] tx/sz300857/20260904T012427 mode=json
[2026-09-17T23:40:58] [492/513] tx/sz300903/20260904T012706 mode=json
[2026-09-17T23:40:58] [493/513] tx/sz301018/20260904T012803 mode=json
[2026-09-17T23:40:58] [494/513] tx/sz301165/20260904T012610 mode=json
[2026-09-17T23:40:58] [495/513] tx/sz301171/20260904T012644 mode=json
[2026-09-17T23:40:58] [496/513] tx/sz301217/20260904T012440 mode=json
[2026-09-17T23:40:58] [497/513] tx/sz301308/20260904T012418 mode=json
[2026-09-17T23:40:58] [498/513] tx/sz301396/20260904T012602 mode=json
[2026-09-17T23:40:58] [499/513] tx/sz301511/20260904T012540 mode=json
[2026-09-17T23:40:58] [500/513] tx/sz301526/20260904T012421 mode=json
[2026-09-17T23:40:58] [501/513] tx/sz301536/20260904T012829 mode=json
[2026-09-17T23:40:58] [502/513] user_dataset/2026-09-03/上证 mode=zip
[2026-09-17T23:40:58] [503/513] user_dataset/2026-09-03/深证 mode=zip
[2026-09-17T23:40:58] [504/513] user_minute_1m/20260913-143215/2015 mode=inventory-only
[2026-09-17T23:40:58] [505/513] user_minute_1m/20260913-143215/2016 mode=inventory-only
[2026-09-17T23:40:58] [506/513] user_minute_1m/20260913-143215/2017 mode=inventory-only
[2026-09-17T23:40:58] [507/513] user_minute_1m/20260913-143215/2018 mode=inventory-only
[2026-09-17T23:40:58] [508/513] user_minute_1m/20260913-143215/2019 mode=inventory-only
[2026-09-17T23:40:58] [509/513] user_minute_1m/20260913-2020-2024/2020 mode=inventory-only
[2026-09-17T23:40:58] [510/513] user_minute_1m/20260913-2020-2024/2021 mode=inventory-only
[2026-09-17T23:40:58] [511/513] user_minute_1m/20260913-2020-2024/2022 mode=inventory-only
[2026-09-17T23:40:58] [512/513] user_minute_1m/20260913-2020-2024/2023 mode=inventory-only
[2026-09-17T23:40:58] [513/513] user_minute_1m/20260913-2020-2024/2024 mode=inventory-only
[2026-09-17T23:40:58] 扫描循环结束: aborted=False, 剩余 0
FINAL_STATUS all-units-processed
ELAPSED 242.7s
