[2026-09-17T23:46:31] 共 513 个扫描单元, 已完成 0
[2026-09-17T23:46:31] [1/513] xiaodefa/20260913-1 mode=full
[2026-09-17T23:46:31] [2/513] xiaodefa/20260914-300114-status mode=full
[2026-09-17T23:46:31] [3/513] xiaodefa/20260914-minute-interface-probe mode=full
[2026-09-17T23:46:31] [4/513] xiaodefa/adj_factor/20260913-bulk1 mode=full
[2026-09-17T23:46:37] [5/513] xiaodefa/block_trade/20260913-bulk1 mode=full
[2026-09-17T23:46:39] [6/513] xiaodefa/bse_mapping/20260913-bulk1 mode=full
[2026-09-17T23:46:39] [7/513] xiaodefa/cb_basic/20260913-bulk1 mode=full
[2026-09-17T23:46:39] [8/513] xiaodefa/ccass_hold/20260913-bulk1 mode=full
[2026-09-17T23:46:40] [9/513] xiaodefa/ci_daily/20260913-bulk1 mode=full
[2026-09-17T23:46:42] [10/513] xiaodefa/cn_cpi/20260913-bulk1 mode=full
[2026-09-17T23:46:42] [11/513] xiaodefa/cn_m/20260913-bulk1 mode=full
[2026-09-17T23:46:42] [12/513] xiaodefa/cn_pmi/20260913-bulk1 mode=full
[2026-09-17T23:46:42] [13/513] xiaodefa/cn_ppi/20260913-bulk1 mode=full
[2026-09-17T23:46:42] [14/513] xiaodefa/cn_schedule/20260913-bulk1 mode=full
[2026-09-17T23:46:42] [15/513] xiaodefa/cyq_perf/20260913-bulk1 mode=full
[2026-09-17T23:46:57] [16/513] xiaodefa/daily_info/20260913-bulk1 mode=full
[2026-09-17T23:46:59] [17/513] xiaodefa/dc_daily/20260913-bulk1 mode=full
[2026-09-17T23:47:00] [18/513] xiaodefa/dc_index/20260913-bulk1 mode=full
[2026-09-17T23:47:00] [19/513] xiaodefa/etf_basic/20260913-bulk1 mode=full
[2026-09-17T23:47:00] [20/513] xiaodefa/etf_index/20260913-bulk1 mode=full
[2026-09-17T23:47:00] [21/513] xiaodefa/fund_basic/20260913-bulk1 mode=full
[2026-09-17T23:47:00] [22/513] xiaodefa/fund_company/20260913-bulk1 mode=full
[2026-09-17T23:47:00] [23/513] xiaodefa/ggt_daily/20260913-bulk1 mode=full
[2026-09-17T23:47:02] [24/513] xiaodefa/hk_hold/20260913-bulk1 mode=full
[2026-09-17T23:47:04] [25/513] xiaodefa/hm_detail/20260913-bulk1 mode=full
[2026-09-17T23:47:04] [26/513] xiaodefa/hs_const/20260913-bulk1 mode=full
[2026-09-17T23:47:04] [27/513] xiaodefa/idx_factor_pro/20260913-bulk1 mode=full
[2026-09-17T23:47:19] [28/513] xiaodefa/index_basic/20260913-bulk1 mode=full
[2026-09-17T23:47:19] [29/513] xiaodefa/index_classify/20260913-bulk1 mode=full
[2026-09-17T23:47:19] [30/513] xiaodefa/index_member_all/20260913-bulk1 mode=full
[2026-09-17T23:47:19] [31/513] xiaodefa/limit_list_d/20260913-bulk1 mode=full
[2026-09-17T23:47:20] [32/513] xiaodefa/minute-repairs-20260913-3 mode=full
[2026-09-17T23:47:20] [33/513] xiaodefa/minute-repairs-20260913-4 mode=full
[2026-09-17T23:47:20] [34/513] xiaodefa/minute-repairs-20260913-5 mode=full
[2026-09-17T23:47:20] [35/513] xiaodefa/minute-repairs-20260913-6 mode=full
[2026-09-17T23:47:20] [36/513] xiaodefa/minute-repairs-20260914-1 mode=full
[2026-09-17T23:47:20] [37/513] xiaodefa/minute-repairs-20260914-2 mode=full
[2026-09-17T23:47:20] [38/513] xiaodefa/minute-repairs-20260914-3 mode=full
[2026-09-17T23:47:20] [39/513] xiaodefa/moneyflow/20260913-bulk1 mode=full
[2026-09-17T23:47:56] [40/513] xiaodefa/namechange/20260913-bulk1 mode=full
[2026-09-17T23:47:56] [41/513] xiaodefa/pledge_detail/20260913-bulk1 mode=full
[2026-09-17T23:47:56] [42/513] xiaodefa/repairs-20260913-1 mode=full
[2026-09-17T23:47:56] [43/513] xiaodefa/repairs-20260913-2 mode=full
[2026-09-17T23:47:56] [44/513] xiaodefa/sf_month/20260913-bulk1 mode=full
[2026-09-17T23:47:56] [45/513] xiaodefa/st/20260913-bulk1 mode=full
[2026-09-17T23:47:56] [46/513] xiaodefa/stk_auction_c/20260913-bulk1 mode=full
[2026-09-17T23:48:01] [47/513] xiaodefa/stk_auction_o/20260913-bulk1 mode=full
[2026-09-17T23:48:07] [48/513] xiaodefa/stk_limit/20260913-bulk1 mode=full
[2026-09-17T23:48:27] [49/513] xiaodefa/stk_nineturn/20260913-bulk1 mode=full
[2026-09-17T23:48:33] [50/513] xiaodefa/stk_surv/20260913-bulk1 mode=full
[2026-09-17T23:48:33] [51/513] xiaodefa/stock_basic/20260913-bulk1 mode=full
[2026-09-17T23:48:33] [52/513] xiaodefa/stock_company/20260913-bulk1 mode=full
[2026-09-17T23:48:33] [53/513] xiaodefa/stock_hsgt/20260913-bulk1 mode=full
[2026-09-17T23:48:33] [54/513] xiaodefa/stock_st/20260913-bulk1 mode=full
[2026-09-17T23:48:33] [55/513] xiaodefa/suspend_d/20260913-bulk1 mode=full
[2026-09-17T23:48:35] [56/513] xiaodefa/sw_daily/20260913-bulk1 mode=full
[2026-09-17T23:48:43] [57/513] xiaodefa/sz_daily_info/20260913-bulk1 mode=full
[2026-09-17T23:48:45] [58/513] xiaodefa/tdx_index/20260913-bulk1 mode=full
[2026-09-17T23:48:45] [59/513] xiaodefa/ths_daily/20260913-bulk1 mode=full
[2026-09-17T23:48:49] [60/513] xiaodefa/ths_index/20260913-bulk1 mode=full
[2026-09-17T23:48:49] [61/513] xiaodefa/top10_floatholders/20260913-bulk1 mode=full
[2026-09-17T23:48:51] [62/513] xiaodefa/top10_holders/20260913-bulk1 mode=full
[2026-09-17T23:48:57] [63/513] xiaodefa/top_list/20260913-bulk1 mode=full
[2026-09-17T23:48:57] [64/513] xiaodefa/trade_cal/20260913-bulk1 mode=full
[2026-09-17T23:48:57] [65/513] tushare/balancesheet/20260909-r3 mode=full
[2026-09-17T23:49:03] [66/513] tushare/balancesheet/20260910-r1 mode=full
[2026-09-17T23:49:03] [67/513] tushare/cashflow/20260909-r3 mode=full
[2026-09-17T23:49:09] [68/513] tushare/cashflow/20260910-r1 mode=full
[2026-09-17T23:49:09] [69/513] tushare/daily_basic/20260909-r1 mode=full
[2026-09-17T23:49:14] [70/513] tushare/daily_basic/20260913-r2 mode=full
[2026-09-17T23:49:16] [71/513] tushare/disclosure_date/20260909-r1 mode=full
[2026-09-17T23:49:16] [72/513] tushare/dividend/20260909-r3 mode=full
[2026-09-17T23:49:17] [73/513] tushare/dividend/20260913-r2 mode=full
[2026-09-17T23:49:17] [74/513] tushare/events mode=full
[2026-09-17T23:49:17] [75/513] tushare/express/20260909-r1 mode=full
[2026-09-17T23:49:17] [76/513] tushare/fina_indicator/20260909-r3 mode=full
[2026-09-17T23:49:24] [77/513] tushare/fina_indicator/20260910-r1 mode=full
[2026-09-17T23:49:24] [78/513] tushare/forecast/20260909-r1 mode=full
[2026-09-17T23:49:24] [79/513] tushare/fund_basic/20260909-r1 mode=full
[2026-09-17T23:49:24] [80/513] tushare/income/20260909-r3 mode=full
[2026-09-17T23:49:30] [81/513] tushare/income/20260910-r1 mode=full
[2026-09-17T23:49:30] [82/513] tushare/index_member_all/20260909-r1 mode=full
[2026-09-17T23:49:31] [83/513] tushare/margin_detail/20260909-r1 mode=full
[2026-09-17T23:49:33] [84/513] tushare/r3 mode=full
[2026-09-17T23:49:33] [85/513] tushare/repurchase/20260909-r3 mode=full
[2026-09-17T23:49:33] [86/513] tushare/share_float/20260909-r3 mode=full
[2026-09-17T23:49:34] [87/513] tushare/statements mode=full
[2026-09-17T23:49:34] [88/513] tushare/stk_holdertrade/20260909-r3 mode=full
[2026-09-17T23:49:34] [89/513] tushare/stock_basic/20260909-r3 mode=full
[2026-09-17T23:49:34] [90/513] tushare/sw_index_daily/20260909-r1 mode=full
[2026-09-17T23:49:34] [91/513] tushare/sw_index_daily/20260909-r2 mode=full
[2026-09-17T23:49:34] [92/513] tushare/sw_index_daily/20260909-r3 mode=full
[2026-09-17T23:49:34] [93/513] tushare/sw_index_daily/20260909-r4-verify mode=full
[2026-09-17T23:49:34] [94/513] tushare/sw_index_daily_l2/20260909-r1 mode=full
[2026-09-17T23:49:34] [95/513] tushare/top_inst/20260909-r3 mode=full
[2026-09-17T23:49:36] [96/513] tushare/top_list/20260909-r1 mode=full
[2026-09-17T23:49:37] [97/513] tushare/trade_cal/20260909-r1 mode=full
[2026-09-17T23:49:37] [98/513] bigquant/intraday-t0-20260914 mode=full
[2026-09-17T23:49:37] [99/513] bigquant/minute-bulk-20260915-1/manifest mode=full
[2026-09-17T23:49:37] [100/513] bigquant/minute-bulk-20260915-1/years/2010 mode=parquet-meta
[2026-09-17T23:49:38] [101/513] bigquant/minute-bulk-20260915-1/years/2011 mode=parquet-meta
[2026-09-17T23:49:38] [102/513] bigquant/minute-bulk-20260915-1/years/2012 mode=parquet-meta
[2026-09-17T23:49:38] [103/513] bigquant/minute-bulk-20260915-1/years/2013 mode=parquet-meta
[2026-09-17T23:49:39] [104/513] bigquant/minute-bulk-20260915-1/years/2014 mode=parquet-meta
[2026-09-17T23:49:40] [105/513] bigquant/minute-bulk-20260915-1/years/2015 mode=sampled-csv
[2026-09-17T23:49:41] [106/513] bigquant/minute-bulk-20260915-1/years/2016 mode=sampled-csv
[2026-09-17T23:49:42] [107/513] bigquant/minute-bulk-20260915-1/years/2018 mode=sampled-csv
[2026-09-17T23:49:43] [108/513] bigquant/minute-bulk-20260915-1/years/2019 mode=sampled-csv
[2026-09-17T23:49:43] [109/513] bigquant/minute-bulk-20260915-1/years/2025 mode=frozen-name-only
[2026-09-17T23:49:44] [110/513] bigquant/minute-bulk-20260915-1/years/2026 mode=frozen-name-only
[2026-09-17T23:49:44] [111/513] bigquant/minute-check-20260914-1 mode=full
[2026-09-17T23:49:44] [112/513] bigquant/minute-repairs-20260914-1 mode=full
[2026-09-17T23:49:44] [113/513] em_fin/sh600030/20260904T013245 mode=json
[2026-09-17T23:49:44] [114/513] em_fin/sh600110/20260904T013306 mode=json
[2026-09-17T23:49:44] [115/513] em_fin/sh600150/20260904T013254 mode=json
[2026-09-17T23:49:44] [116/513] em_fin/sh600172/20260904T013249 mode=json
[2026-09-17T23:49:44] [117/513] em_fin/sh600176/20260904T013210 mode=json
[2026-09-17T23:49:44] [118/513] em_fin/sh600183/20260904T013210 mode=json
[2026-09-17T23:49:44] [119/513] em_fin/sh600186/20260904T013239 mode=json
[2026-09-17T23:49:44] [120/513] em_fin/sh600276/20260904T013230 mode=json
[2026-09-17T23:49:44] [121/513] em_fin/sh600397/20260904T013259 mode=json
[2026-09-17T23:49:44] [122/513] em_fin/sh600487/20260904T013208 mode=json
[2026-09-17T23:49:44] [123/513] em_fin/sh600519/20260904T013230 mode=json
[2026-09-17T23:49:44] [124/513] em_fin/sh600519/20260904T013638 mode=json
[2026-09-17T23:49:44] [125/513] em_fin/sh600584/20260904T013213 mode=json
[2026-09-17T23:49:44] [126/513] em_fin/sh600664/20260904T013237 mode=json
[2026-09-17T23:49:44] [127/513] em_fin/sh600869/20260904T013239 mode=json
[2026-09-17T23:49:44] [128/513] em_fin/sh600900/20260904T013251 mode=json
[2026-09-17T23:49:44] [129/513] em_fin/sh600988/20260904T013242 mode=json
[2026-09-17T23:49:44] [130/513] em_fin/sh600989/20260904T013307 mode=json
[2026-09-17T23:49:44] [131/513] em_fin/sh601138/20260904T013215 mode=json
[2026-09-17T23:49:44] [132/513] em_fin/sh601179/20260904T080501 mode=json
[2026-09-17T23:49:44] [133/513] em_fin/sh601179/20260904T080803 mode=json
[2026-09-17T23:49:44] [134/513] em_fin/sh601208/20260904T013235 mode=json
[2026-09-17T23:49:44] [135/513] em_fin/sh601212/20260904T013539 mode=json
[2026-09-17T23:49:44] [136/513] em_fin/sh601318/20260904T013236 mode=json
[2026-09-17T23:49:44] [137/513] em_fin/sh601398/20260904T013245 mode=json
[2026-09-17T23:49:44] [138/513] em_fin/sh601718/20260904T212449 mode=json
[2026-09-17T23:49:44] [139/513] em_fin/sh601869/20260904T013221 mode=json
[2026-09-17T23:49:44] [140/513] em_fin/sh601899/20260904T013212 mode=json
[2026-09-17T23:49:44] [141/513] em_fin/sh603083/20260904T013227 mode=json
[2026-09-17T23:49:44] [142/513] em_fin/sh603186/20260904T013227 mode=json
[2026-09-17T23:49:44] [143/513] em_fin/sh603228/20260904T013233 mode=json
[2026-09-17T23:49:44] [144/513] em_fin/sh603256/20260904T013246 mode=json
[2026-09-17T23:49:44] [145/513] em_fin/sh603259/20260904T013211 mode=json
[2026-09-17T23:49:44] [146/513] em_fin/sh603538/20260904T013304 mode=json
[2026-09-17T23:49:44] [147/513] em_fin/sh603618/20260904T013250 mode=json
[2026-09-17T23:49:44] [148/513] em_fin/sh603629/20260904T013223 mode=json
[2026-09-17T23:49:44] [149/513] em_fin/sh603799/20260904T013253 mode=json
[2026-09-17T23:49:44] [150/513] em_fin/sh603893/20260904T013250 mode=json
[2026-09-17T23:49:44] [151/513] em_fin/sh603986/20260904T013207 mode=json
[2026-09-17T23:49:44] [152/513] em_fin/sh603987/20260904T212438 mode=json
[2026-09-17T23:49:44] [153/513] em_fin/sh603993/20260904T013229 mode=json
[2026-09-17T23:49:44] [154/513] em_fin/sh688008/20260904T013214 mode=json
[2026-09-17T23:49:44] [155/513] em_fin/sh688012/20260904T013216 mode=json
[2026-09-17T23:49:44] [156/513] em_fin/sh688017/20260904T013247 mode=json
[2026-09-17T23:49:44] [157/513] em_fin/sh688041/20260904T013219 mode=json
[2026-09-17T23:49:44] [158/513] em_fin/sh688048/20260904T013538 mode=json
[2026-09-17T23:49:44] [159/513] em_fin/sh688072/20260904T013229 mode=json
[2026-09-17T23:49:44] [160/513] em_fin/sh688110/20260904T013300 mode=json
[2026-09-17T23:49:44] [161/513] em_fin/sh688143/20260904T013246 mode=json
[2026-09-17T23:49:44] [162/513] em_fin/sh688146/20260904T013228 mode=json
[2026-09-17T23:49:44] [163/513] em_fin/sh688167/20260904T013243 mode=json
[2026-09-17T23:49:44] [164/513] em_fin/sh688183/20260904T013259 mode=json
[2026-09-17T23:49:44] [165/513] em_fin/sh688195/20260904T013256 mode=json
[2026-09-17T23:49:44] [166/513] em_fin/sh688205/20260904T013307 mode=json
[2026-09-17T23:49:44] [167/513] em_fin/sh688256/20260904T013209 mode=json
[2026-09-17T23:49:44] [168/513] em_fin/sh688300/20260904T013247 mode=json
[2026-09-17T23:49:44] [169/513] em_fin/sh688313/20260904T013233 mode=json
[2026-09-17T23:49:44] [170/513] em_fin/sh688347/20260904T013226 mode=json
[2026-09-17T23:49:44] [171/513] em_fin/sh688361/20260904T013238 mode=json
[2026-09-17T23:49:44] [172/513] em_fin/sh688498/20260904T013218 mode=json
[2026-09-17T23:49:44] [173/513] em_fin/sh688521/20260904T013235 mode=json
[2026-09-17T23:49:44] [174/513] em_fin/sh688525/20260904T013218 mode=json
[2026-09-17T23:49:44] [175/513] em_fin/sh688627/20260904T013252 mode=json
[2026-09-17T23:49:44] [176/513] em_fin/sh688702/20260904T013243 mode=json
[2026-09-17T23:49:44] [177/513] em_fin/sh688766/20260904T013217 mode=json
[2026-09-17T23:49:44] [178/513] em_fin/sh688981/20260904T013222 mode=json
[2026-09-17T23:49:44] [179/513] em_fin/sz000100/20260904T013255 mode=json
[2026-09-17T23:49:44] [180/513] em_fin/sz000338/20260904T013253 mode=json
[2026-09-17T23:49:44] [181/513] em_fin/sz000506/20260904T013256 mode=json
[2026-09-17T23:49:44] [182/513] em_fin/sz000636/20260904T013212 mode=json
[2026-09-17T23:49:44] [183/513] em_fin/sz000657/20260904T013217 mode=json
[2026-09-17T23:49:44] [184/513] em_fin/sz000703/20260904T013259 mode=json
[2026-09-17T23:49:44] [185/513] em_fin/sz000811/20260904T013303 mode=json
[2026-09-17T23:49:44] [186/513] em_fin/sz000988/20260904T013226 mode=json
[2026-09-17T23:49:44] [187/513] em_fin/sz001309/20260904T013216 mode=json
[2026-09-17T23:49:44] [188/513] em_fin/sz002008/20260904T013228 mode=json
[2026-09-17T23:49:44] [189/513] em_fin/sz002080/20260904T013244 mode=json
[2026-09-17T23:49:44] [190/513] em_fin/sz002081/20260904T013303 mode=json
[2026-09-17T23:49:44] [191/513] em_fin/sz002131/20260904T013249 mode=json
[2026-09-17T23:49:44] [192/513] em_fin/sz002384/20260904T013209 mode=json
[2026-09-17T23:49:44] [193/513] em_fin/sz002407/20260904T013220 mode=json
[2026-09-17T23:49:44] [194/513] em_fin/sz002428/20260904T013213 mode=json
[2026-09-17T23:49:44] [195/513] em_fin/sz002437/20260904T013244 mode=json
[2026-09-17T23:49:44] [196/513] em_fin/sz002536/20260904T013256 mode=json
[2026-09-17T23:49:44] [197/513] em_fin/sz002558/20260904T013305 mode=json
[2026-09-17T23:49:44] [198/513] em_fin/sz002580/20260904T013540 mode=json
[2026-09-17T23:49:44] [199/513] em_fin/sz002594/20260904T013539 mode=json
[2026-09-17T23:49:44] [200/513] em_fin/sz002716/20260904T013241 mode=json
[2026-09-17T23:49:44] [201/513] em_fin/sz002821/20260904T013257 mode=json
[2026-09-17T23:49:44] [202/513] em_fin/sz002837/20260904T013251 mode=json
[2026-09-17T23:49:44] [203/513] em_fin/sz002851/20260904T013232 mode=json
[2026-09-17T23:49:44] [204/513] em_fin/sz002916/20260904T013240 mode=json
[2026-09-17T23:49:44] [205/513] em_fin/sz300058/20260904T013224 mode=json
[2026-09-17T23:49:44] [206/513] em_fin/sz300189/20260904T013302 mode=json
[2026-09-17T23:49:44] [207/513] em_fin/sz300274/20260904T013219 mode=json
[2026-09-17T23:49:44] [208/513] em_fin/sz300285/20260904T013215 mode=json
[2026-09-17T23:49:44] [209/513] em_fin/sz300308/20260904T013207 mode=json
[2026-09-17T23:49:44] [210/513] em_fin/sz300394/20260904T013208 mode=json
[2026-09-17T23:49:44] [211/513] em_fin/sz300395/20260904T013254 mode=json
[2026-09-17T23:49:44] [212/513] em_fin/sz300454/20260904T013258 mode=json
[2026-09-17T23:49:44] [213/513] em_fin/sz300475/20260904T013224 mode=json
[2026-09-17T23:49:44] [214/513] em_fin/sz300476/20260904T013211 mode=json
[2026-09-17T23:49:44] [215/513] em_fin/sz300489/20260904T013237 mode=json
[2026-09-17T23:49:44] [216/513] em_fin/sz300502/20260904T013207 mode=json
[2026-09-17T23:49:44] [217/513] em_fin/sz300548/20260904T013238 mode=json
[2026-09-17T23:49:44] [218/513] em_fin/sz300570/20260904T013234 mode=json
[2026-09-17T23:49:44] [219/513] em_fin/sz300604/20260904T013225 mode=json
[2026-09-17T23:49:44] [220/513] em_fin/sz300620/20260904T013231 mode=json
[2026-09-17T23:49:44] [221/513] em_fin/sz300666/20260904T013231 mode=json
[2026-09-17T23:49:44] [222/513] em_fin/sz300672/20260904T013305 mode=json
[2026-09-17T23:49:44] [223/513] em_fin/sz300684/20260904T013257 mode=json
[2026-09-17T23:49:44] [224/513] em_fin/sz300750/20260904T013214 mode=json
[2026-09-17T23:49:44] [225/513] em_fin/sz300757/20260904T013232 mode=json
[2026-09-17T23:49:44] [226/513] em_fin/sz300759/20260904T013234 mode=json
[2026-09-17T23:49:44] [227/513] em_fin/sz300857/20260904T013223 mode=json
[2026-09-17T23:49:44] [228/513] em_fin/sz300903/20260904T013252 mode=json
[2026-09-17T23:49:44] [229/513] em_fin/sz301018/20260904T013301 mode=json
[2026-09-17T23:49:44] [230/513] em_fin/sz301165/20260904T013242 mode=json
[2026-09-17T23:49:44] [231/513] em_fin/sz301171/20260904T013248 mode=json
[2026-09-17T23:49:44] [232/513] em_fin/sz301217/20260904T013225 mode=json
[2026-09-17T23:49:44] [233/513] em_fin/sz301308/20260904T013220 mode=json
[2026-09-17T23:49:44] [234/513] em_fin/sz301396/20260904T013240 mode=json
[2026-09-17T23:49:44] [235/513] em_fin/sz301511/20260904T013236 mode=json
[2026-09-17T23:49:44] [236/513] em_fin/sz301526/20260904T013222 mode=json
[2026-09-17T23:49:44] [237/513] em_fin/sz301536/20260904T013306 mode=json
[2026-09-17T23:49:44] [238/513] ths/sh510050/20260903T040924 mode=json
[2026-09-17T23:49:44] [239/513] ths/sh510050/20260903T042255 mode=json
[2026-09-17T23:49:44] [240/513] ths/sh510300/20260903T040925 mode=json
[2026-09-17T23:49:44] [241/513] ths/sh510300/20260903T042252 mode=json
[2026-09-17T23:49:44] [242/513] ths/sh510500/20260903T040925 mode=json
[2026-09-17T23:49:44] [243/513] ths/sh510500/20260903T042253 mode=json
[2026-09-17T23:49:44] [244/513] ths/sh510880/20260903T040930 mode=json
[2026-09-17T23:49:44] [245/513] ths/sh510880/20260903T042259 mode=json
[2026-09-17T23:49:44] [246/513] ths/sh512010/20260903T040927 mode=json
[2026-09-17T23:49:44] [247/513] ths/sh512010/20260903T042259 mode=json
[2026-09-17T23:49:44] [248/513] ths/sh512100/20260903T040926 mode=json
[2026-09-17T23:49:44] [249/513] ths/sh512100/20260903T042253 mode=json
[2026-09-17T23:49:44] [250/513] ths/sh512170/20260903T042258 mode=json
[2026-09-17T23:49:44] [251/513] ths/sh512200/20260903T042308 mode=json
[2026-09-17T23:49:44] [252/513] ths/sh512400/20260903T040928 mode=json
[2026-09-17T23:49:44] [253/513] ths/sh512400/20260903T042255 mode=json
[2026-09-17T23:49:44] [254/513] ths/sh512480/20260903T040927 mode=json
[2026-09-17T23:49:44] [255/513] ths/sh512690/20260903T040927 mode=json
[2026-09-17T23:49:44] [256/513] ths/sh512690/20260903T042301 mode=json
[2026-09-17T23:49:44] [257/513] ths/sh512710/20260903T042304 mode=json
[2026-09-17T23:49:44] [258/513] ths/sh512800/20260903T040928 mode=json
[2026-09-17T23:49:44] [259/513] ths/sh512800/20260903T042256 mode=json
[2026-09-17T23:49:44] [260/513] ths/sh512880/20260903T040926 mode=json
[2026-09-17T23:49:44] [261/513] ths/sh512880/20260903T042254 mode=json
[2026-09-17T23:49:44] [262/513] ths/sh512890/20260903T042256 mode=json
[2026-09-17T23:49:44] [263/513] ths/sh512980/20260903T042303 mode=json
[2026-09-17T23:49:44] [264/513] ths/sh513100/20260903T040930 mode=json
[2026-09-17T23:49:44] [265/513] ths/sh515030/20260903T042307 mode=json
[2026-09-17T23:49:44] [266/513] ths/sh515170/20260903T042309 mode=json
[2026-09-17T23:49:44] [267/513] ths/sh515210/20260903T042308 mode=json
[2026-09-17T23:49:44] [268/513] ths/sh515220/20260903T042257 mode=json
[2026-09-17T23:49:44] [269/513] ths/sh515790/20260903T040929 mode=json
[2026-09-17T23:49:44] [270/513] ths/sh515790/20260903T042305 mode=json
[2026-09-17T23:49:44] [271/513] ths/sh515800/20260903T042308 mode=json
[2026-09-17T23:49:44] [272/513] ths/sh515880/20260903T042252 mode=json
[2026-09-17T23:49:44] [273/513] ths/sh516150/20260903T042306 mode=json
[2026-09-17T23:49:44] [274/513] ths/sh516160/20260903T040929 mode=json
[2026-09-17T23:49:44] [275/513] ths/sh516510/20260903T042305 mode=json
[2026-09-17T23:49:44] [276/513] ths/sh516970/20260903T042311 mode=json
[2026-09-17T23:49:44] [277/513] ths/sh517520/20260903T042255 mode=json
[2026-09-17T23:49:44] [278/513] ths/sh518880/20260903T040930 mode=json
[2026-09-17T23:49:44] [279/513] ths/sh518880/20260903T042251 mode=json
[2026-09-17T23:49:44] [280/513] ths/sh560080/20260903T042310 mode=json
[2026-09-17T23:49:44] [281/513] ths/sh560170/20260903T042312 mode=json
[2026-09-17T23:49:44] [282/513] ths/sh560280/20260903T042307 mode=json
[2026-09-17T23:49:44] [283/513] ths/sh561360/20260903T042309 mode=json
[2026-09-17T23:49:44] [284/513] ths/sh562800/20260903T042303 mode=json
[2026-09-17T23:49:44] [285/513] ths/sh563300/20260903T042257 mode=json
[2026-09-17T23:49:44] [286/513] ths/sh588000/20260903T042251 mode=json
[2026-09-17T23:49:44] [287/513] ths/sh588170/20260903T042250 mode=json
[2026-09-17T23:49:44] [288/513] ths/sh588220/20260903T042258 mode=json
[2026-09-17T23:49:44] [289/513] ths/sz159301/20260903T042312 mode=json
[2026-09-17T23:49:44] [290/513] ths/sz159530/20260903T042258 mode=json
[2026-09-17T23:49:44] [291/513] ths/sz159565/20260903T042311 mode=json
[2026-09-17T23:49:44] [292/513] ths/sz159611/20260903T042301 mode=json
[2026-09-17T23:49:44] [293/513] ths/sz159732/20260903T042302 mode=json
[2026-09-17T23:49:44] [294/513] ths/sz159745/20260903T042311 mode=json
[2026-09-17T23:49:45] [295/513] ths/sz159755/20260903T042302 mode=json
[2026-09-17T23:49:45] [296/513] ths/sz159766/20260903T042306 mode=json
[2026-09-17T23:49:45] [297/513] ths/sz159819/20260903T042300 mode=json
[2026-09-17T23:49:45] [298/513] ths/sz159852/20260903T042259 mode=json
[2026-09-17T23:49:45] [299/513] ths/sz159865/20260903T042304 mode=json
[2026-09-17T23:49:45] [300/513] ths/sz159869/20260903T042300 mode=json
[2026-09-17T23:49:45] [301/513] ths/sz159870/20260903T042301 mode=json
[2026-09-17T23:49:45] [302/513] ths/sz159915/20260903T040926 mode=json
[2026-09-17T23:49:45] [303/513] ths/sz159915/20260903T042252 mode=json
[2026-09-17T23:49:45] [304/513] ths/sz159949/20260903T042254 mode=json
[2026-09-17T23:49:45] [305/513] ths/sz159985/20260903T042303 mode=json
[2026-09-17T23:49:45] [306/513] ths/sz159992/20260903T042256 mode=json
[2026-09-17T23:49:45] [307/513] ths/sz159996/20260903T042310 mode=json
[2026-09-17T23:49:45] [308/513] ths/sz159998/20260903T042309 mode=json
[2026-09-17T23:49:45] [309/513] tx/sh510050/20260904T185651 mode=json
[2026-09-17T23:49:45] [310/513] tx/sh510300/20260904T185625 mode=json
[2026-09-17T23:49:45] [311/513] tx/sh510500/20260904T185633 mode=json
[2026-09-17T23:49:45] [312/513] tx/sh510880/20260904T185713 mode=json
[2026-09-17T23:49:45] [313/513] tx/sh512010/20260904T185716 mode=json
[2026-09-17T23:49:45] [314/513] tx/sh512100/20260904T185628 mode=json
[2026-09-17T23:49:45] [315/513] tx/sh512170/20260904T185705 mode=json
[2026-09-17T23:49:45] [316/513] tx/sh512200/20260904T185756 mode=json
[2026-09-17T23:49:45] [317/513] tx/sh512400/20260904T185643 mode=json
[2026-09-17T23:49:45] [318/513] tx/sh512690/20260904T185723 mode=json
[2026-09-17T23:49:45] [319/513] tx/sh512710/20260904T185741 mode=json
[2026-09-17T23:49:45] [320/513] tx/sh512800/20260904T185656 mode=json
[2026-09-17T23:49:45] [321/513] tx/sh512880/20260904T185637 mode=json
[2026-09-17T23:49:45] [322/513] tx/sh512890/20260904T185659 mode=json
[2026-09-17T23:49:45] [323/513] tx/sh512980/20260904T185736 mode=json
[2026-09-17T23:49:45] [324/513] tx/sh515030/20260904T185752 mode=json
[2026-09-17T23:49:45] [325/513] tx/sh515170/20260904T185805 mode=json
[2026-09-17T23:49:45] [326/513] tx/sh515210/20260904T185758 mode=json
[2026-09-17T23:49:45] [327/513] tx/sh515220/20260904T185701 mode=json
[2026-09-17T23:49:45] [328/513] tx/sh515790/20260904T185745 mode=json
[2026-09-17T23:49:45] [329/513] tx/sh515800/20260904T185801 mode=json
[2026-09-17T23:49:45] [330/513] tx/sh515880/20260904T185620 mode=json
[2026-09-17T23:49:45] [331/513] tx/sh516150/20260904T185748 mode=json
[2026-09-17T23:49:45] [332/513] tx/sh516510/20260904T185747 mode=json
[2026-09-17T23:49:45] [333/513] tx/sh516970/20260904T185814 mode=json
[2026-09-17T23:49:45] [334/513] tx/sh517520/20260904T185651 mode=json
[2026-09-17T23:49:45] [335/513] tx/sh518880/20260904T185611 mode=json
[2026-09-17T23:49:45] [336/513] tx/sh560080/20260904T185810 mode=json
[2026-09-17T23:49:45] [337/513] tx/sh560170/20260904T185815 mode=json
[2026-09-17T23:49:45] [338/513] tx/sh560280/20260904T185753 mode=json
[2026-09-17T23:49:45] [339/513] tx/sh561360/20260904T185806 mode=json
[2026-09-17T23:49:45] [340/513] tx/sh562800/20260904T185738 mode=json
[2026-09-17T23:49:45] [341/513] tx/sh563300/20260904T185659 mode=json
[2026-09-17T23:49:45] [342/513] tx/sh588000/20260904T185607 mode=json
[2026-09-17T23:49:45] [343/513] tx/sh588170/20260904T080651 mode=json
[2026-09-17T23:49:45] [344/513] tx/sh588170/20260904T213728 mode=json
[2026-09-17T23:49:45] [345/513] tx/sh588220/20260904T185702 mode=json
[2026-09-17T23:49:45] [346/513] tx/sh600030/20260904T012630 mode=json
[2026-09-17T23:49:45] [347/513] tx/sh600110/20260904T012833 mode=json
[2026-09-17T23:49:45] [348/513] tx/sh600150/20260904T012722 mode=json
[2026-09-17T23:49:45] [349/513] tx/sh600172/20260904T012648 mode=json
[2026-09-17T23:49:45] [350/513] tx/sh600176/20260904T012315 mode=json
[2026-09-17T23:49:45] [351/513] tx/sh600183/20260904T012319 mode=json
[2026-09-17T23:49:45] [352/513] tx/sh600183/20260904T012916 mode=json
[2026-09-17T23:49:45] [353/513] tx/sh600183/20260904T013145 mode=json
[2026-09-17T23:49:45] [354/513] tx/sh600186/20260904T012556 mode=json
[2026-09-17T23:49:45] [355/513] tx/sh600276/20260904T012504 mode=json
[2026-09-17T23:49:45] [356/513] tx/sh600397/20260904T012755 mode=json
[2026-09-17T23:49:45] [357/513] tx/sh600487/20260904T012306 mode=json
[2026-09-17T23:49:45] [358/513] tx/sh600519/20260904T012508 mode=json
[2026-09-17T23:49:45] [359/513] tx/sh600519/20260904T012925 mode=json
[2026-09-17T23:49:45] [360/513] tx/sh600519/20260904T013141 mode=json
[2026-09-17T23:49:45] [361/513] tx/sh600519/20260904T013637 mode=json
[2026-09-17T23:49:45] [362/513] tx/sh600584/20260904T012341 mode=json
[2026-09-17T23:49:45] [363/513] tx/sh600664/20260904T012547 mode=json
[2026-09-17T23:49:45] [364/513] tx/sh600869/20260904T012600 mode=json
[2026-09-17T23:49:45] [365/513] tx/sh600900/20260904T012701 mode=json
[2026-09-17T23:49:45] [366/513] tx/sh600988/20260904T012614 mode=json
[2026-09-17T23:49:45] [367/513] tx/sh600989/20260904T012835 mode=json
[2026-09-17T23:49:45] [368/513] tx/sh601138/20260904T012350 mode=json
[2026-09-17T23:49:45] [369/513] tx/sh601179/20260904T080459 mode=json
[2026-09-17T23:49:45] [370/513] tx/sh601179/20260904T080802 mode=json
[2026-09-17T23:49:45] [371/513] tx/sh601208/20260904T012535 mode=json
[2026-09-17T23:49:45] [372/513] tx/sh601212/20260904T012801 mode=json
[2026-09-17T23:49:45] [373/513] tx/sh601318/20260904T012539 mode=json
[2026-09-17T23:49:45] [374/513] tx/sh601398/20260904T012634 mode=json
[2026-09-17T23:49:45] [375/513] tx/sh601718/20260904T091546 mode=json
[2026-09-17T23:49:45] [376/513] tx/sh601718/20260904T212447 mode=json
[2026-09-17T23:49:45] [377/513] tx/sh601869/20260904T012421 mode=json
[2026-09-17T23:49:45] [378/513] tx/sh601899/20260904T012334 mode=json
[2026-09-17T23:49:45] [379/513] tx/sh603083/20260904T012447 mode=json
[2026-09-17T23:49:45] [380/513] tx/sh603186/20260904T012449 mode=json
[2026-09-17T23:49:45] [381/513] tx/sh603228/20260904T012522 mode=json
[2026-09-17T23:49:45] [382/513] tx/sh603256/20260904T012637 mode=json
[2026-09-17T23:49:45] [383/513] tx/sh603259/20260904T012322 mode=json
[2026-09-17T23:49:45] [384/513] tx/sh603538/20260904T012821 mode=json
[2026-09-17T23:49:45] [385/513] tx/sh603618/20260904T012656 mode=json
[2026-09-17T23:49:45] [386/513] tx/sh603629/20260904T012426 mode=json
[2026-09-17T23:49:45] [387/513] tx/sh603799/20260904T012714 mode=json
[2026-09-17T23:49:45] [388/513] tx/sh603893/20260904T012657 mode=json
[2026-09-17T23:49:45] [389/513] tx/sh603986/20260904T012258 mode=json
[2026-09-17T23:49:45] [390/513] tx/sh603987/20260904T091542 mode=json
[2026-09-17T23:49:45] [391/513] tx/sh603987/20260904T212436 mode=json
[2026-09-17T23:49:45] [392/513] tx/sh603993/20260904T012459 mode=json
[2026-09-17T23:49:45] [393/513] tx/sh688008/20260904T012347 mode=json
[2026-09-17T23:49:45] [394/513] tx/sh688012/20260904T012356 mode=json
[2026-09-17T23:49:45] [395/513] tx/sh688017/20260904T012643 mode=json
[2026-09-17T23:49:45] [396/513] tx/sh688041/20260904T012412 mode=json
[2026-09-17T23:49:45] [397/513] tx/sh688048/20260904T012616 mode=json
[2026-09-17T23:49:45] [398/513] tx/sh688072/20260904T012501 mode=json
[2026-09-17T23:49:45] [399/513] tx/sh688110/20260904T012759 mode=json
[2026-09-17T23:49:45] [400/513] tx/sh688143/20260904T012638 mode=json
[2026-09-17T23:49:45] [401/513] tx/sh688146/20260904T012451 mode=json
[2026-09-17T23:49:45] [402/513] tx/sh688167/20260904T012618 mode=json
[2026-09-17T23:49:45] [403/513] tx/sh688183/20260904T012757 mode=json
[2026-09-17T23:49:45] [404/513] tx/sh688195/20260904T012735 mode=json
[2026-09-17T23:49:45] [405/513] tx/sh688205/20260904T012837 mode=json
[2026-09-17T23:49:45] [406/513] tx/sh688256/20260904T012308 mode=json
[2026-09-17T23:49:45] [407/513] tx/sh688300/20260904T012641 mode=json
[2026-09-17T23:49:45] [408/513] tx/sh688313/20260904T012524 mode=json
[2026-09-17T23:49:45] [409/513] tx/sh688347/20260904T012444 mode=json
[2026-09-17T23:49:45] [410/513] tx/sh688361/20260904T012549 mode=json
[2026-09-17T23:49:45] [411/513] tx/sh688498/20260904T012405 mode=json
[2026-09-17T23:49:45] [412/513] tx/sh688521/20260904T012531 mode=json
[2026-09-17T23:49:45] [413/513] tx/sh688525/20260904T012407 mode=json
[2026-09-17T23:49:45] [414/513] tx/sh688627/20260904T012707 mode=json
[2026-09-17T23:49:45] [415/513] tx/sh688702/20260904T012617 mode=json
[2026-09-17T23:49:45] [416/513] tx/sh688766/20260904T012400 mode=json
[2026-09-17T23:49:45] [417/513] tx/sh688981/20260904T012423 mode=json
[2026-09-17T23:49:45] [418/513] tx/sz000100/20260904T012730 mode=json
[2026-09-17T23:49:45] [419/513] tx/sz000338/20260904T012710 mode=json
[2026-09-17T23:49:45] [420/513] tx/sz000338/20260904T012928 mode=json
[2026-09-17T23:49:45] [421/513] tx/sz000338/20260904T013148 mode=json
[2026-09-17T23:49:45] [422/513] tx/sz000506/20260904T012739 mode=json
[2026-09-17T23:49:45] [423/513] tx/sz000636/20260904T012330 mode=json
[2026-09-17T23:49:45] [424/513] tx/sz000657/20260904T012403 mode=json
[2026-09-17T23:49:45] [425/513] tx/sz000703/20260904T012751 mode=json
[2026-09-17T23:49:45] [426/513] tx/sz000811/20260904T012815 mode=json
[2026-09-17T23:49:45] [427/513] tx/sz000988/20260904T012443 mode=json
[2026-09-17T23:49:45] [428/513] tx/sz001309/20260904T012358 mode=json
[2026-09-17T23:49:45] [429/513] tx/sz002008/20260904T012455 mode=json
[2026-09-17T23:49:45] [430/513] tx/sz002080/20260904T012622 mode=json
[2026-09-17T23:49:45] [431/513] tx/sz002081/20260904T012811 mode=json
[2026-09-17T23:49:46] [432/513] tx/sz002131/20260904T012652 mode=json
[2026-09-17T23:49:46] [433/513] tx/sz002384/20260904T012311 mode=json
[2026-09-17T23:49:46] [434/513] tx/sz002407/20260904T012416 mode=json
[2026-09-17T23:49:46] [435/513] tx/sz002428/20260904T012337 mode=json
[2026-09-17T23:49:46] [436/513] tx/sz002437/20260904T012626 mode=json
[2026-09-17T23:49:46] [437/513] tx/sz002536/20260904T012733 mode=json
[2026-09-17T23:49:46] [438/513] tx/sz002558/20260904T012828 mode=json
[2026-09-17T23:49:46] [439/513] tx/sz002580/20260904T012819 mode=json
[2026-09-17T23:49:46] [440/513] tx/sz002594/20260904T012726 mode=json
[2026-09-17T23:49:46] [441/513] tx/sz002716/20260904T012609 mode=json
[2026-09-17T23:49:46] [442/513] tx/sz002821/20260904T012742 mode=json
[2026-09-17T23:49:46] [443/513] tx/sz002837/20260904T012704 mode=json
[2026-09-17T23:49:46] [444/513] tx/sz002851/20260904T012519 mode=json
[2026-09-17T23:49:46] [445/513] tx/sz002916/20260904T012605 mode=json
[2026-09-17T23:49:46] [446/513] tx/sz159301/20260904T185816 mode=json
[2026-09-17T23:49:46] [447/513] tx/sz159530/20260904T185702 mode=json
[2026-09-17T23:49:46] [448/513] tx/sz159565/20260904T185814 mode=json
[2026-09-17T23:49:46] [449/513] tx/sz159611/20260904T185726 mode=json
[2026-09-17T23:49:46] [450/513] tx/sz159732/20260904T185728 mode=json
[2026-09-17T23:49:46] [451/513] tx/sz159745/20260904T185812 mode=json
[2026-09-17T23:49:46] [452/513] tx/sz159755/20260904T185730 mode=json
[2026-09-17T23:49:46] [453/513] tx/sz159766/20260904T185750 mode=json
[2026-09-17T23:49:46] [454/513] tx/sz159819/20260904T185718 mode=json
[2026-09-17T23:49:46] [455/513] tx/sz159852/20260904T185707 mode=json
[2026-09-17T23:49:46] [456/513] tx/sz159865/20260904T185743 mode=json
[2026-09-17T23:49:46] [457/513] tx/sz159869/20260904T185720 mode=json
[2026-09-17T23:49:46] [458/513] tx/sz159870/20260904T185724 mode=json
[2026-09-17T23:49:46] [459/513] tx/sz159915/20260904T185617 mode=json
[2026-09-17T23:49:46] [460/513] tx/sz159949/20260904T185641 mode=json
[2026-09-17T23:49:46] [461/513] tx/sz159985/20260904T185733 mode=json
[2026-09-17T23:49:46] [462/513] tx/sz159992/20260904T185653 mode=json
[2026-09-17T23:49:46] [463/513] tx/sz159996/20260904T185808 mode=json
[2026-09-17T23:49:46] [464/513] tx/sz159998/20260904T185803 mode=json
[2026-09-17T23:49:46] [465/513] tx/sz300058/20260904T012431 mode=json
[2026-09-17T23:49:46] [466/513] tx/sz300189/20260904T012807 mode=json
[2026-09-17T23:49:46] [467/513] tx/sz300274/20260904T012411 mode=json
[2026-09-17T23:49:46] [468/513] tx/sz300274/20260904T012922 mode=json
[2026-09-17T23:49:46] [469/513] tx/sz300274/20260904T013152 mode=json
[2026-09-17T23:49:46] [470/513] tx/sz300285/20260904T012354 mode=json
[2026-09-17T23:49:46] [471/513] tx/sz300308/20260904T012251 mode=json
[2026-09-17T23:49:46] [472/513] tx/sz300394/20260904T012302 mode=json
[2026-09-17T23:49:46] [473/513] tx/sz300395/20260904T012718 mode=json
[2026-09-17T23:49:46] [474/513] tx/sz300454/20260904T012748 mode=json
[2026-09-17T23:49:46] [475/513] tx/sz300475/20260904T012435 mode=json
[2026-09-17T23:49:46] [476/513] tx/sz300476/20260904T012326 mode=json
[2026-09-17T23:49:46] [477/513] tx/sz300489/20260904T012543 mode=json
[2026-09-17T23:49:46] [478/513] tx/sz300502/20260904T012255 mode=json
[2026-09-17T23:49:46] [479/513] tx/sz300548/20260904T012553 mode=json
[2026-09-17T23:49:46] [480/513] tx/sz300570/20260904T012527 mode=json
[2026-09-17T23:49:46] [481/513] tx/sz300604/20260904T012438 mode=json
[2026-09-17T23:49:46] [482/513] tx/sz300620/20260904T012511 mode=json
[2026-09-17T23:49:46] [483/513] tx/sz300666/20260904T012514 mode=json
[2026-09-17T23:49:46] [484/513] tx/sz300672/20260904T012824 mode=json
[2026-09-17T23:49:46] [485/513] tx/sz300684/20260904T012745 mode=json
[2026-09-17T23:49:46] [486/513] tx/sz300684/20260904T012931 mode=json
[2026-09-17T23:49:46] [487/513] tx/sz300750/20260904T012344 mode=json
[2026-09-17T23:49:46] [488/513] tx/sz300750/20260904T012918 mode=json
[2026-09-17T23:49:46] [489/513] tx/sz300757/20260904T012517 mode=json
[2026-09-17T23:49:46] [490/513] tx/sz300759/20260904T012529 mode=json
[2026-09-17T23:49:46] [491/513] tx/sz300857/20260904T012427 mode=json
[2026-09-17T23:49:46] [492/513] tx/sz300903/20260904T012706 mode=json
[2026-09-17T23:49:46] [493/513] tx/sz301018/20260904T012803 mode=json
[2026-09-17T23:49:46] [494/513] tx/sz301165/20260904T012610 mode=json
[2026-09-17T23:49:46] [495/513] tx/sz301171/20260904T012644 mode=json
[2026-09-17T23:49:46] [496/513] tx/sz301217/20260904T012440 mode=json
[2026-09-17T23:49:46] [497/513] tx/sz301308/20260904T012418 mode=json
[2026-09-17T23:49:46] [498/513] tx/sz301396/20260904T012602 mode=json
[2026-09-17T23:49:46] [499/513] tx/sz301511/20260904T012540 mode=json
[2026-09-17T23:49:46] [500/513] tx/sz301526/20260904T012421 mode=json
[2026-09-17T23:49:46] [501/513] tx/sz301536/20260904T012829 mode=json
[2026-09-17T23:49:46] [502/513] user_dataset/2026-09-03/上证 mode=zip
[2026-09-17T23:49:46] [503/513] user_dataset/2026-09-03/深证 mode=zip
[2026-09-17T23:49:46] [504/513] user_minute_1m/20260913-143215/2015 mode=inventory-only
[2026-09-17T23:49:46] [505/513] user_minute_1m/20260913-143215/2016 mode=inventory-only
[2026-09-17T23:49:46] [506/513] user_minute_1m/20260913-143215/2017 mode=inventory-only
[2026-09-17T23:49:46] [507/513] user_minute_1m/20260913-143215/2018 mode=inventory-only
[2026-09-17T23:49:46] [508/513] user_minute_1m/20260913-143215/2019 mode=inventory-only
[2026-09-17T23:49:46] [509/513] user_minute_1m/20260913-2020-2024/2020 mode=inventory-only
[2026-09-17T23:49:46] [510/513] user_minute_1m/20260913-2020-2024/2021 mode=inventory-only
[2026-09-17T23:49:46] [511/513] user_minute_1m/20260913-2020-2024/2022 mode=inventory-only
[2026-09-17T23:49:46] [512/513] user_minute_1m/20260913-2020-2024/2023 mode=inventory-only
[2026-09-17T23:49:47] [513/513] user_minute_1m/20260913-2020-2024/2024 mode=inventory-only
[2026-09-17T23:49:47] 扫描循环结束: aborted=False, 剩余 0
FINAL_STATUS all-units-processed
ELAPSED 206.6s
