[2026-09-18T00:06:51] 共 514 个扫描单元, 已完成 0
[2026-09-18T00:06:51] [1/514] xiaodefa/20260913-1 mode=full
[2026-09-18T00:06:51] [2/514] xiaodefa/20260914-300114-status mode=full
[2026-09-18T00:06:51] [3/514] xiaodefa/20260914-minute-interface-probe mode=full
[2026-09-18T00:06:51] [4/514] xiaodefa/adj_factor/20260913-bulk1 mode=full
[2026-09-18T00:06:59] [5/514] xiaodefa/block_trade/20260913-bulk1 mode=full
[2026-09-18T00:07:01] [6/514] xiaodefa/bse_mapping/20260913-bulk1 mode=full
[2026-09-18T00:07:01] [7/514] xiaodefa/cb_basic/20260913-bulk1 mode=full
[2026-09-18T00:07:01] [8/514] xiaodefa/ccass_hold/20260913-bulk1 mode=full
[2026-09-18T00:07:03] [9/514] xiaodefa/ci_daily/20260913-bulk1 mode=full
[2026-09-18T00:07:05] [10/514] xiaodefa/cn_cpi/20260913-bulk1 mode=full
[2026-09-18T00:07:05] [11/514] xiaodefa/cn_m/20260913-bulk1 mode=full
[2026-09-18T00:07:05] [12/514] xiaodefa/cn_pmi/20260913-bulk1 mode=full
[2026-09-18T00:07:06] [13/514] xiaodefa/cn_ppi/20260913-bulk1 mode=full
[2026-09-18T00:07:06] [14/514] xiaodefa/cn_schedule/20260913-bulk1 mode=full
[2026-09-18T00:07:06] [15/514] xiaodefa/cyq_perf/20260913-bulk1 mode=full
[2026-09-18T00:07:18] [16/514] xiaodefa/daily_info/20260913-bulk1 mode=full
[2026-09-18T00:07:20] [17/514] xiaodefa/dc_daily/20260913-bulk1 mode=full
[2026-09-18T00:07:22] [18/514] xiaodefa/dc_index/20260913-bulk1 mode=full
[2026-09-18T00:07:22] [19/514] xiaodefa/etf_basic/20260913-bulk1 mode=full
[2026-09-18T00:07:22] [20/514] xiaodefa/etf_index/20260913-bulk1 mode=full
[2026-09-18T00:07:22] [21/514] xiaodefa/fund_basic/20260913-bulk1 mode=full
[2026-09-18T00:07:22] [22/514] xiaodefa/fund_company/20260913-bulk1 mode=full
[2026-09-18T00:07:22] [23/514] xiaodefa/ggt_daily/20260913-bulk1 mode=full
[2026-09-18T00:07:24] [24/514] xiaodefa/hk_hold/20260913-bulk1 mode=full
[2026-09-18T00:07:26] [25/514] xiaodefa/hm_detail/20260913-bulk1 mode=full
[2026-09-18T00:07:27] [26/514] xiaodefa/hs_const/20260913-bulk1 mode=full
[2026-09-18T00:07:27] [27/514] xiaodefa/idx_factor_pro/20260913-bulk1 mode=full
[2026-09-18T00:07:38] [28/514] xiaodefa/index_basic/20260913-bulk1 mode=full
[2026-09-18T00:07:38] [29/514] xiaodefa/index_classify/20260913-bulk1 mode=full
[2026-09-18T00:07:38] [30/514] xiaodefa/index_member_all/20260913-bulk1 mode=full
[2026-09-18T00:07:38] [31/514] xiaodefa/limit_list_d/20260913-bulk1 mode=full
[2026-09-18T00:07:40] [32/514] xiaodefa/minute-repairs-20260913-3 mode=full
[2026-09-18T00:07:40] [33/514] xiaodefa/minute-repairs-20260913-4 mode=full
[2026-09-18T00:07:40] [34/514] xiaodefa/minute-repairs-20260913-5 mode=full
[2026-09-18T00:07:40] [35/514] xiaodefa/minute-repairs-20260913-6 mode=full
[2026-09-18T00:07:40] [36/514] xiaodefa/minute-repairs-20260914-1 mode=full
[2026-09-18T00:07:40] [37/514] xiaodefa/minute-repairs-20260914-2 mode=full
[2026-09-18T00:07:40] [38/514] xiaodefa/minute-repairs-20260914-3 mode=full
[2026-09-18T00:07:40] [39/514] xiaodefa/moneyflow/20260913-bulk1 mode=full
[2026-09-18T00:08:09] [40/514] xiaodefa/namechange/20260913-bulk1 mode=full
[2026-09-18T00:08:09] [41/514] xiaodefa/pledge_detail/20260913-bulk1 mode=full
[2026-09-18T00:08:09] [42/514] xiaodefa/repairs-20260913-1 mode=full
[2026-09-18T00:08:09] [43/514] xiaodefa/repairs-20260913-2 mode=full
[2026-09-18T00:08:09] [44/514] xiaodefa/sf_month/20260913-bulk1 mode=full
[2026-09-18T00:08:09] [45/514] xiaodefa/st/20260913-bulk1 mode=full
[2026-09-18T00:08:09] [46/514] xiaodefa/stk_auction_c/20260913-bulk1 mode=full
[2026-09-18T00:08:14] [47/514] xiaodefa/stk_auction_o/20260913-bulk1 mode=full
[2026-09-18T00:08:19] [48/514] xiaodefa/stk_limit/20260913-bulk1 mode=full
[2026-09-18T00:08:35] [49/514] xiaodefa/stk_nineturn/20260913-bulk1 mode=full
[2026-09-18T00:08:40] [50/514] xiaodefa/stk_surv/20260913-bulk1 mode=full
[2026-09-18T00:08:41] [51/514] xiaodefa/stock_basic/20260913-bulk1 mode=full
[2026-09-18T00:08:41] [52/514] xiaodefa/stock_company/20260913-bulk1 mode=full
[2026-09-18T00:08:41] [53/514] xiaodefa/stock_hsgt/20260913-bulk1 mode=full
[2026-09-18T00:08:41] [54/514] xiaodefa/stock_st/20260913-bulk1 mode=full
[2026-09-18T00:08:41] [55/514] xiaodefa/suspend_d/20260913-bulk1 mode=full
[2026-09-18T00:08:43] [56/514] xiaodefa/sw_daily/20260913-bulk1 mode=full
[2026-09-18T00:08:50] [57/514] xiaodefa/sz_daily_info/20260913-bulk1 mode=full
[2026-09-18T00:08:52] [58/514] xiaodefa/tdx_index/20260913-bulk1 mode=full
[2026-09-18T00:08:52] [59/514] xiaodefa/ths_daily/20260913-bulk1 mode=full
[2026-09-18T00:08:55] [60/514] xiaodefa/ths_index/20260913-bulk1 mode=full
[2026-09-18T00:08:55] [61/514] xiaodefa/top10_floatholders/20260913-bulk1 mode=full
[2026-09-18T00:08:58] [62/514] xiaodefa/top10_holders/20260913-bulk1 mode=full
[2026-09-18T00:09:04] [63/514] xiaodefa/top_list/20260913-bulk1 mode=full
[2026-09-18T00:09:04] [64/514] xiaodefa/trade_cal/20260913-bulk1 mode=full
[2026-09-18T00:09:04] [65/514] tushare/balancesheet/20260909-r3 mode=full
[2026-09-18T00:09:11] [66/514] tushare/balancesheet/20260910-r1 mode=full
[2026-09-18T00:09:11] [67/514] tushare/cashflow/20260909-r3 mode=full
[2026-09-18T00:09:18] [68/514] tushare/cashflow/20260910-r1 mode=full
[2026-09-18T00:09:18] [69/514] tushare/daily_basic/20260909-r1 mode=full
[2026-09-18T00:09:22] [70/514] tushare/daily_basic/20260913-r2 mode=full
[2026-09-18T00:09:24] [71/514] tushare/disclosure_date/20260909-r1 mode=full
[2026-09-18T00:09:24] [72/514] tushare/dividend/20260909-r3 mode=full
[2026-09-18T00:09:26] [73/514] tushare/dividend/20260913-r2 mode=full
[2026-09-18T00:09:26] [74/514] tushare/events mode=full
[2026-09-18T00:09:26] [75/514] tushare/express/20260909-r1 mode=full
[2026-09-18T00:09:26] [76/514] tushare/fina_indicator/20260909-r3 mode=full
[2026-09-18T00:09:33] [77/514] tushare/fina_indicator/20260910-r1 mode=full
[2026-09-18T00:09:33] [78/514] tushare/forecast/20260909-r1 mode=full
[2026-09-18T00:09:33] [79/514] tushare/fund_basic/20260909-r1 mode=full
[2026-09-18T00:09:33] [80/514] tushare/income/20260909-r3 mode=full
[2026-09-18T00:09:40] [81/514] tushare/income/20260910-r1 mode=full
[2026-09-18T00:09:40] [82/514] tushare/index_daily/20260917-r1 mode=full
[2026-09-18T00:09:40] [83/514] tushare/index_member_all/20260909-r1 mode=full
[2026-09-18T00:09:40] [84/514] tushare/margin_detail/20260909-r1 mode=full
[2026-09-18T00:09:43] [85/514] tushare/r3 mode=full
[2026-09-18T00:09:43] [86/514] tushare/repurchase/20260909-r3 mode=full
[2026-09-18T00:09:43] [87/514] tushare/share_float/20260909-r3 mode=full
[2026-09-18T00:09:44] [88/514] tushare/statements mode=full
[2026-09-18T00:09:44] [89/514] tushare/stk_holdertrade/20260909-r3 mode=full
[2026-09-18T00:09:44] [90/514] tushare/stock_basic/20260909-r3 mode=full
[2026-09-18T00:09:44] [91/514] tushare/sw_index_daily/20260909-r1 mode=full
[2026-09-18T00:09:44] [92/514] tushare/sw_index_daily/20260909-r2 mode=full
[2026-09-18T00:09:44] [93/514] tushare/sw_index_daily/20260909-r3 mode=full
[2026-09-18T00:09:44] [94/514] tushare/sw_index_daily/20260909-r4-verify mode=full
[2026-09-18T00:09:44] [95/514] tushare/sw_index_daily_l2/20260909-r1 mode=full
[2026-09-18T00:09:44] [96/514] tushare/top_inst/20260909-r3 mode=full
[2026-09-18T00:09:46] [97/514] tushare/top_list/20260909-r1 mode=full
[2026-09-18T00:09:48] [98/514] tushare/trade_cal/20260909-r1 mode=full
[2026-09-18T00:09:48] [99/514] bigquant/intraday-t0-20260914 mode=full
[2026-09-18T00:09:48] [100/514] bigquant/minute-bulk-20260915-1/manifest mode=full
[2026-09-18T00:09:48] [101/514] bigquant/minute-bulk-20260915-1/years/2010 mode=parquet-meta
[2026-09-18T00:09:48] [102/514] bigquant/minute-bulk-20260915-1/years/2011 mode=parquet-meta
[2026-09-18T00:09:49] [103/514] bigquant/minute-bulk-20260915-1/years/2012 mode=parquet-meta
[2026-09-18T00:09:49] [104/514] bigquant/minute-bulk-20260915-1/years/2013 mode=parquet-meta
[2026-09-18T00:09:49] [105/514] bigquant/minute-bulk-20260915-1/years/2014 mode=parquet-meta
[2026-09-18T00:09:50] [106/514] bigquant/minute-bulk-20260915-1/years/2015 mode=sampled-csv
[2026-09-18T00:09:51] [107/514] bigquant/minute-bulk-20260915-1/years/2016 mode=sampled-csv
[2026-09-18T00:09:52] [108/514] bigquant/minute-bulk-20260915-1/years/2018 mode=sampled-csv
[2026-09-18T00:09:53] [109/514] bigquant/minute-bulk-20260915-1/years/2019 mode=sampled-csv
[2026-09-18T00:09:53] [110/514] bigquant/minute-bulk-20260915-1/years/2025 mode=frozen-name-only
[2026-09-18T00:09:53] [111/514] bigquant/minute-bulk-20260915-1/years/2026 mode=frozen-name-only
[2026-09-18T00:09:53] [112/514] bigquant/minute-check-20260914-1 mode=full
[2026-09-18T00:09:54] [113/514] bigquant/minute-repairs-20260914-1 mode=full
[2026-09-18T00:09:54] [114/514] em_fin/sh600030/20260904T013245 mode=json
[2026-09-18T00:09:54] [115/514] em_fin/sh600110/20260904T013306 mode=json
[2026-09-18T00:09:54] [116/514] em_fin/sh600150/20260904T013254 mode=json
[2026-09-18T00:09:54] [117/514] em_fin/sh600172/20260904T013249 mode=json
[2026-09-18T00:09:54] [118/514] em_fin/sh600176/20260904T013210 mode=json
[2026-09-18T00:09:54] [119/514] em_fin/sh600183/20260904T013210 mode=json
[2026-09-18T00:09:54] [120/514] em_fin/sh600186/20260904T013239 mode=json
[2026-09-18T00:09:54] [121/514] em_fin/sh600276/20260904T013230 mode=json
[2026-09-18T00:09:54] [122/514] em_fin/sh600397/20260904T013259 mode=json
[2026-09-18T00:09:54] [123/514] em_fin/sh600487/20260904T013208 mode=json
[2026-09-18T00:09:54] [124/514] em_fin/sh600519/20260904T013230 mode=json
[2026-09-18T00:09:54] [125/514] em_fin/sh600519/20260904T013638 mode=json
[2026-09-18T00:09:54] [126/514] em_fin/sh600584/20260904T013213 mode=json
[2026-09-18T00:09:54] [127/514] em_fin/sh600664/20260904T013237 mode=json
[2026-09-18T00:09:54] [128/514] em_fin/sh600869/20260904T013239 mode=json
[2026-09-18T00:09:54] [129/514] em_fin/sh600900/20260904T013251 mode=json
[2026-09-18T00:09:54] [130/514] em_fin/sh600988/20260904T013242 mode=json
[2026-09-18T00:09:54] [131/514] em_fin/sh600989/20260904T013307 mode=json
[2026-09-18T00:09:54] [132/514] em_fin/sh601138/20260904T013215 mode=json
[2026-09-18T00:09:54] [133/514] em_fin/sh601179/20260904T080501 mode=json
[2026-09-18T00:09:54] [134/514] em_fin/sh601179/20260904T080803 mode=json
[2026-09-18T00:09:54] [135/514] em_fin/sh601208/20260904T013235 mode=json
[2026-09-18T00:09:54] [136/514] em_fin/sh601212/20260904T013539 mode=json
[2026-09-18T00:09:54] [137/514] em_fin/sh601318/20260904T013236 mode=json
[2026-09-18T00:09:54] [138/514] em_fin/sh601398/20260904T013245 mode=json
[2026-09-18T00:09:54] [139/514] em_fin/sh601718/20260904T212449 mode=json
[2026-09-18T00:09:54] [140/514] em_fin/sh601869/20260904T013221 mode=json
[2026-09-18T00:09:54] [141/514] em_fin/sh601899/20260904T013212 mode=json
[2026-09-18T00:09:54] [142/514] em_fin/sh603083/20260904T013227 mode=json
[2026-09-18T00:09:54] [143/514] em_fin/sh603186/20260904T013227 mode=json
[2026-09-18T00:09:54] [144/514] em_fin/sh603228/20260904T013233 mode=json
[2026-09-18T00:09:54] [145/514] em_fin/sh603256/20260904T013246 mode=json
[2026-09-18T00:09:54] [146/514] em_fin/sh603259/20260904T013211 mode=json
[2026-09-18T00:09:54] [147/514] em_fin/sh603538/20260904T013304 mode=json
[2026-09-18T00:09:54] [148/514] em_fin/sh603618/20260904T013250 mode=json
[2026-09-18T00:09:54] [149/514] em_fin/sh603629/20260904T013223 mode=json
[2026-09-18T00:09:54] [150/514] em_fin/sh603799/20260904T013253 mode=json
[2026-09-18T00:09:54] [151/514] em_fin/sh603893/20260904T013250 mode=json
[2026-09-18T00:09:54] [152/514] em_fin/sh603986/20260904T013207 mode=json
[2026-09-18T00:09:54] [153/514] em_fin/sh603987/20260904T212438 mode=json
[2026-09-18T00:09:54] [154/514] em_fin/sh603993/20260904T013229 mode=json
[2026-09-18T00:09:54] [155/514] em_fin/sh688008/20260904T013214 mode=json
[2026-09-18T00:09:54] [156/514] em_fin/sh688012/20260904T013216 mode=json
[2026-09-18T00:09:54] [157/514] em_fin/sh688017/20260904T013247 mode=json
[2026-09-18T00:09:54] [158/514] em_fin/sh688041/20260904T013219 mode=json
[2026-09-18T00:09:54] [159/514] em_fin/sh688048/20260904T013538 mode=json
[2026-09-18T00:09:54] [160/514] em_fin/sh688072/20260904T013229 mode=json
[2026-09-18T00:09:54] [161/514] em_fin/sh688110/20260904T013300 mode=json
[2026-09-18T00:09:54] [162/514] em_fin/sh688143/20260904T013246 mode=json
[2026-09-18T00:09:54] [163/514] em_fin/sh688146/20260904T013228 mode=json
[2026-09-18T00:09:54] [164/514] em_fin/sh688167/20260904T013243 mode=json
[2026-09-18T00:09:54] [165/514] em_fin/sh688183/20260904T013259 mode=json
[2026-09-18T00:09:54] [166/514] em_fin/sh688195/20260904T013256 mode=json
[2026-09-18T00:09:54] [167/514] em_fin/sh688205/20260904T013307 mode=json
[2026-09-18T00:09:54] [168/514] em_fin/sh688256/20260904T013209 mode=json
[2026-09-18T00:09:54] [169/514] em_fin/sh688300/20260904T013247 mode=json
[2026-09-18T00:09:54] [170/514] em_fin/sh688313/20260904T013233 mode=json
[2026-09-18T00:09:54] [171/514] em_fin/sh688347/20260904T013226 mode=json
[2026-09-18T00:09:54] [172/514] em_fin/sh688361/20260904T013238 mode=json
[2026-09-18T00:09:54] [173/514] em_fin/sh688498/20260904T013218 mode=json
[2026-09-18T00:09:54] [174/514] em_fin/sh688521/20260904T013235 mode=json
[2026-09-18T00:09:54] [175/514] em_fin/sh688525/20260904T013218 mode=json
[2026-09-18T00:09:54] [176/514] em_fin/sh688627/20260904T013252 mode=json
[2026-09-18T00:09:54] [177/514] em_fin/sh688702/20260904T013243 mode=json
[2026-09-18T00:09:54] [178/514] em_fin/sh688766/20260904T013217 mode=json
[2026-09-18T00:09:54] [179/514] em_fin/sh688981/20260904T013222 mode=json
[2026-09-18T00:09:54] [180/514] em_fin/sz000100/20260904T013255 mode=json
[2026-09-18T00:09:54] [181/514] em_fin/sz000338/20260904T013253 mode=json
[2026-09-18T00:09:54] [182/514] em_fin/sz000506/20260904T013256 mode=json
[2026-09-18T00:09:54] [183/514] em_fin/sz000636/20260904T013212 mode=json
[2026-09-18T00:09:54] [184/514] em_fin/sz000657/20260904T013217 mode=json
[2026-09-18T00:09:54] [185/514] em_fin/sz000703/20260904T013259 mode=json
[2026-09-18T00:09:54] [186/514] em_fin/sz000811/20260904T013303 mode=json
[2026-09-18T00:09:54] [187/514] em_fin/sz000988/20260904T013226 mode=json
[2026-09-18T00:09:54] [188/514] em_fin/sz001309/20260904T013216 mode=json
[2026-09-18T00:09:54] [189/514] em_fin/sz002008/20260904T013228 mode=json
[2026-09-18T00:09:54] [190/514] em_fin/sz002080/20260904T013244 mode=json
[2026-09-18T00:09:54] [191/514] em_fin/sz002081/20260904T013303 mode=json
[2026-09-18T00:09:54] [192/514] em_fin/sz002131/20260904T013249 mode=json
[2026-09-18T00:09:54] [193/514] em_fin/sz002384/20260904T013209 mode=json
[2026-09-18T00:09:54] [194/514] em_fin/sz002407/20260904T013220 mode=json
[2026-09-18T00:09:54] [195/514] em_fin/sz002428/20260904T013213 mode=json
[2026-09-18T00:09:54] [196/514] em_fin/sz002437/20260904T013244 mode=json
[2026-09-18T00:09:54] [197/514] em_fin/sz002536/20260904T013256 mode=json
[2026-09-18T00:09:54] [198/514] em_fin/sz002558/20260904T013305 mode=json
[2026-09-18T00:09:54] [199/514] em_fin/sz002580/20260904T013540 mode=json
[2026-09-18T00:09:54] [200/514] em_fin/sz002594/20260904T013539 mode=json
[2026-09-18T00:09:54] [201/514] em_fin/sz002716/20260904T013241 mode=json
[2026-09-18T00:09:54] [202/514] em_fin/sz002821/20260904T013257 mode=json
[2026-09-18T00:09:54] [203/514] em_fin/sz002837/20260904T013251 mode=json
[2026-09-18T00:09:54] [204/514] em_fin/sz002851/20260904T013232 mode=json
[2026-09-18T00:09:54] [205/514] em_fin/sz002916/20260904T013240 mode=json
[2026-09-18T00:09:54] [206/514] em_fin/sz300058/20260904T013224 mode=json
[2026-09-18T00:09:54] [207/514] em_fin/sz300189/20260904T013302 mode=json
[2026-09-18T00:09:54] [208/514] em_fin/sz300274/20260904T013219 mode=json
[2026-09-18T00:09:54] [209/514] em_fin/sz300285/20260904T013215 mode=json
[2026-09-18T00:09:54] [210/514] em_fin/sz300308/20260904T013207 mode=json
[2026-09-18T00:09:54] [211/514] em_fin/sz300394/20260904T013208 mode=json
[2026-09-18T00:09:54] [212/514] em_fin/sz300395/20260904T013254 mode=json
[2026-09-18T00:09:54] [213/514] em_fin/sz300454/20260904T013258 mode=json
[2026-09-18T00:09:54] [214/514] em_fin/sz300475/20260904T013224 mode=json
[2026-09-18T00:09:54] [215/514] em_fin/sz300476/20260904T013211 mode=json
[2026-09-18T00:09:54] [216/514] em_fin/sz300489/20260904T013237 mode=json
[2026-09-18T00:09:54] [217/514] em_fin/sz300502/20260904T013207 mode=json
[2026-09-18T00:09:54] [218/514] em_fin/sz300548/20260904T013238 mode=json
[2026-09-18T00:09:54] [219/514] em_fin/sz300570/20260904T013234 mode=json
[2026-09-18T00:09:54] [220/514] em_fin/sz300604/20260904T013225 mode=json
[2026-09-18T00:09:54] [221/514] em_fin/sz300620/20260904T013231 mode=json
[2026-09-18T00:09:54] [222/514] em_fin/sz300666/20260904T013231 mode=json
[2026-09-18T00:09:54] [223/514] em_fin/sz300672/20260904T013305 mode=json
[2026-09-18T00:09:54] [224/514] em_fin/sz300684/20260904T013257 mode=json
[2026-09-18T00:09:54] [225/514] em_fin/sz300750/20260904T013214 mode=json
[2026-09-18T00:09:54] [226/514] em_fin/sz300757/20260904T013232 mode=json
[2026-09-18T00:09:54] [227/514] em_fin/sz300759/20260904T013234 mode=json
[2026-09-18T00:09:54] [228/514] em_fin/sz300857/20260904T013223 mode=json
[2026-09-18T00:09:54] [229/514] em_fin/sz300903/20260904T013252 mode=json
[2026-09-18T00:09:54] [230/514] em_fin/sz301018/20260904T013301 mode=json
[2026-09-18T00:09:54] [231/514] em_fin/sz301165/20260904T013242 mode=json
[2026-09-18T00:09:54] [232/514] em_fin/sz301171/20260904T013248 mode=json
[2026-09-18T00:09:54] [233/514] em_fin/sz301217/20260904T013225 mode=json
[2026-09-18T00:09:54] [234/514] em_fin/sz301308/20260904T013220 mode=json
[2026-09-18T00:09:54] [235/514] em_fin/sz301396/20260904T013240 mode=json
[2026-09-18T00:09:54] [236/514] em_fin/sz301511/20260904T013236 mode=json
[2026-09-18T00:09:54] [237/514] em_fin/sz301526/20260904T013222 mode=json
[2026-09-18T00:09:54] [238/514] em_fin/sz301536/20260904T013306 mode=json
[2026-09-18T00:09:54] [239/514] ths/sh510050/20260903T040924 mode=json
[2026-09-18T00:09:54] [240/514] ths/sh510050/20260903T042255 mode=json
[2026-09-18T00:09:54] [241/514] ths/sh510300/20260903T040925 mode=json
[2026-09-18T00:09:54] [242/514] ths/sh510300/20260903T042252 mode=json
[2026-09-18T00:09:54] [243/514] ths/sh510500/20260903T040925 mode=json
[2026-09-18T00:09:54] [244/514] ths/sh510500/20260903T042253 mode=json
[2026-09-18T00:09:54] [245/514] ths/sh510880/20260903T040930 mode=json
[2026-09-18T00:09:54] [246/514] ths/sh510880/20260903T042259 mode=json
[2026-09-18T00:09:54] [247/514] ths/sh512010/20260903T040927 mode=json
[2026-09-18T00:09:54] [248/514] ths/sh512010/20260903T042259 mode=json
[2026-09-18T00:09:54] [249/514] ths/sh512100/20260903T040926 mode=json
[2026-09-18T00:09:54] [250/514] ths/sh512100/20260903T042253 mode=json
[2026-09-18T00:09:54] [251/514] ths/sh512170/20260903T042258 mode=json
[2026-09-18T00:09:54] [252/514] ths/sh512200/20260903T042308 mode=json
[2026-09-18T00:09:54] [253/514] ths/sh512400/20260903T040928 mode=json
[2026-09-18T00:09:54] [254/514] ths/sh512400/20260903T042255 mode=json
[2026-09-18T00:09:54] [255/514] ths/sh512480/20260903T040927 mode=json
[2026-09-18T00:09:54] [256/514] ths/sh512690/20260903T040927 mode=json
[2026-09-18T00:09:54] [257/514] ths/sh512690/20260903T042301 mode=json
[2026-09-18T00:09:54] [258/514] ths/sh512710/20260903T042304 mode=json
[2026-09-18T00:09:54] [259/514] ths/sh512800/20260903T040928 mode=json
[2026-09-18T00:09:54] [260/514] ths/sh512800/20260903T042256 mode=json
[2026-09-18T00:09:54] [261/514] ths/sh512880/20260903T040926 mode=json
[2026-09-18T00:09:54] [262/514] ths/sh512880/20260903T042254 mode=json
[2026-09-18T00:09:54] [263/514] ths/sh512890/20260903T042256 mode=json
[2026-09-18T00:09:54] [264/514] ths/sh512980/20260903T042303 mode=json
[2026-09-18T00:09:54] [265/514] ths/sh513100/20260903T040930 mode=json
[2026-09-18T00:09:54] [266/514] ths/sh515030/20260903T042307 mode=json
[2026-09-18T00:09:54] [267/514] ths/sh515170/20260903T042309 mode=json
[2026-09-18T00:09:54] [268/514] ths/sh515210/20260903T042308 mode=json
[2026-09-18T00:09:54] [269/514] ths/sh515220/20260903T042257 mode=json
[2026-09-18T00:09:54] [270/514] ths/sh515790/20260903T040929 mode=json
[2026-09-18T00:09:54] [271/514] ths/sh515790/20260903T042305 mode=json
[2026-09-18T00:09:54] [272/514] ths/sh515800/20260903T042308 mode=json
[2026-09-18T00:09:54] [273/514] ths/sh515880/20260903T042252 mode=json
[2026-09-18T00:09:54] [274/514] ths/sh516150/20260903T042306 mode=json
[2026-09-18T00:09:54] [275/514] ths/sh516160/20260903T040929 mode=json
[2026-09-18T00:09:54] [276/514] ths/sh516510/20260903T042305 mode=json
[2026-09-18T00:09:54] [277/514] ths/sh516970/20260903T042311 mode=json
[2026-09-18T00:09:54] [278/514] ths/sh517520/20260903T042255 mode=json
[2026-09-18T00:09:54] [279/514] ths/sh518880/20260903T040930 mode=json
[2026-09-18T00:09:54] [280/514] ths/sh518880/20260903T042251 mode=json
[2026-09-18T00:09:54] [281/514] ths/sh560080/20260903T042310 mode=json
[2026-09-18T00:09:54] [282/514] ths/sh560170/20260903T042312 mode=json
[2026-09-18T00:09:54] [283/514] ths/sh560280/20260903T042307 mode=json
[2026-09-18T00:09:54] [284/514] ths/sh561360/20260903T042309 mode=json
[2026-09-18T00:09:54] [285/514] ths/sh562800/20260903T042303 mode=json
[2026-09-18T00:09:54] [286/514] ths/sh563300/20260903T042257 mode=json
[2026-09-18T00:09:54] [287/514] ths/sh588000/20260903T042251 mode=json
[2026-09-18T00:09:54] [288/514] ths/sh588170/20260903T042250 mode=json
[2026-09-18T00:09:54] [289/514] ths/sh588220/20260903T042258 mode=json
[2026-09-18T00:09:54] [290/514] ths/sz159301/20260903T042312 mode=json
[2026-09-18T00:09:54] [291/514] ths/sz159530/20260903T042258 mode=json
[2026-09-18T00:09:54] [292/514] ths/sz159565/20260903T042311 mode=json
[2026-09-18T00:09:54] [293/514] ths/sz159611/20260903T042301 mode=json
[2026-09-18T00:09:54] [294/514] ths/sz159732/20260903T042302 mode=json
[2026-09-18T00:09:54] [295/514] ths/sz159745/20260903T042311 mode=json
[2026-09-18T00:09:54] [296/514] ths/sz159755/20260903T042302 mode=json
[2026-09-18T00:09:54] [297/514] ths/sz159766/20260903T042306 mode=json
[2026-09-18T00:09:54] [298/514] ths/sz159819/20260903T042300 mode=json
[2026-09-18T00:09:54] [299/514] ths/sz159852/20260903T042259 mode=json
[2026-09-18T00:09:54] [300/514] ths/sz159865/20260903T042304 mode=json
[2026-09-18T00:09:54] [301/514] ths/sz159869/20260903T042300 mode=json
[2026-09-18T00:09:54] [302/514] ths/sz159870/20260903T042301 mode=json
[2026-09-18T00:09:54] [303/514] ths/sz159915/20260903T040926 mode=json
[2026-09-18T00:09:54] [304/514] ths/sz159915/20260903T042252 mode=json
[2026-09-18T00:09:54] [305/514] ths/sz159949/20260903T042254 mode=json
[2026-09-18T00:09:54] [306/514] ths/sz159985/20260903T042303 mode=json
[2026-09-18T00:09:54] [307/514] ths/sz159992/20260903T042256 mode=json
[2026-09-18T00:09:54] [308/514] ths/sz159996/20260903T042310 mode=json
[2026-09-18T00:09:54] [309/514] ths/sz159998/20260903T042309 mode=json
[2026-09-18T00:09:54] [310/514] tx/sh510050/20260904T185651 mode=json
[2026-09-18T00:09:54] [311/514] tx/sh510300/20260904T185625 mode=json
[2026-09-18T00:09:54] [312/514] tx/sh510500/20260904T185633 mode=json
[2026-09-18T00:09:54] [313/514] tx/sh510880/20260904T185713 mode=json
[2026-09-18T00:09:54] [314/514] tx/sh512010/20260904T185716 mode=json
[2026-09-18T00:09:54] [315/514] tx/sh512100/20260904T185628 mode=json
[2026-09-18T00:09:54] [316/514] tx/sh512170/20260904T185705 mode=json
[2026-09-18T00:09:54] [317/514] tx/sh512200/20260904T185756 mode=json
[2026-09-18T00:09:54] [318/514] tx/sh512400/20260904T185643 mode=json
[2026-09-18T00:09:54] [319/514] tx/sh512690/20260904T185723 mode=json
[2026-09-18T00:09:54] [320/514] tx/sh512710/20260904T185741 mode=json
[2026-09-18T00:09:54] [321/514] tx/sh512800/20260904T185656 mode=json
[2026-09-18T00:09:54] [322/514] tx/sh512880/20260904T185637 mode=json
[2026-09-18T00:09:54] [323/514] tx/sh512890/20260904T185659 mode=json
[2026-09-18T00:09:54] [324/514] tx/sh512980/20260904T185736 mode=json
[2026-09-18T00:09:54] [325/514] tx/sh515030/20260904T185752 mode=json
[2026-09-18T00:09:54] [326/514] tx/sh515170/20260904T185805 mode=json
[2026-09-18T00:09:54] [327/514] tx/sh515210/20260904T185758 mode=json
[2026-09-18T00:09:54] [328/514] tx/sh515220/20260904T185701 mode=json
[2026-09-18T00:09:54] [329/514] tx/sh515790/20260904T185745 mode=json
[2026-09-18T00:09:54] [330/514] tx/sh515800/20260904T185801 mode=json
[2026-09-18T00:09:54] [331/514] tx/sh515880/20260904T185620 mode=json
[2026-09-18T00:09:54] [332/514] tx/sh516150/20260904T185748 mode=json
[2026-09-18T00:09:54] [333/514] tx/sh516510/20260904T185747 mode=json
[2026-09-18T00:09:54] [334/514] tx/sh516970/20260904T185814 mode=json
[2026-09-18T00:09:54] [335/514] tx/sh517520/20260904T185651 mode=json
[2026-09-18T00:09:54] [336/514] tx/sh518880/20260904T185611 mode=json
[2026-09-18T00:09:54] [337/514] tx/sh560080/20260904T185810 mode=json
[2026-09-18T00:09:54] [338/514] tx/sh560170/20260904T185815 mode=json
[2026-09-18T00:09:54] [339/514] tx/sh560280/20260904T185753 mode=json
[2026-09-18T00:09:54] [340/514] tx/sh561360/20260904T185806 mode=json
[2026-09-18T00:09:54] [341/514] tx/sh562800/20260904T185738 mode=json
[2026-09-18T00:09:54] [342/514] tx/sh563300/20260904T185659 mode=json
[2026-09-18T00:09:54] [343/514] tx/sh588000/20260904T185607 mode=json
[2026-09-18T00:09:54] [344/514] tx/sh588170/20260904T080651 mode=json
[2026-09-18T00:09:54] [345/514] tx/sh588170/20260904T213728 mode=json
[2026-09-18T00:09:54] [346/514] tx/sh588220/20260904T185702 mode=json
[2026-09-18T00:09:54] [347/514] tx/sh600030/20260904T012630 mode=json
[2026-09-18T00:09:54] [348/514] tx/sh600110/20260904T012833 mode=json
[2026-09-18T00:09:55] [349/514] tx/sh600150/20260904T012722 mode=json
[2026-09-18T00:09:55] [350/514] tx/sh600172/20260904T012648 mode=json
[2026-09-18T00:09:55] [351/514] tx/sh600176/20260904T012315 mode=json
[2026-09-18T00:09:55] [352/514] tx/sh600183/20260904T012319 mode=json
[2026-09-18T00:09:55] [353/514] tx/sh600183/20260904T012916 mode=json
[2026-09-18T00:09:55] [354/514] tx/sh600183/20260904T013145 mode=json
[2026-09-18T00:09:55] [355/514] tx/sh600186/20260904T012556 mode=json
[2026-09-18T00:09:55] [356/514] tx/sh600276/20260904T012504 mode=json
[2026-09-18T00:09:55] [357/514] tx/sh600397/20260904T012755 mode=json
[2026-09-18T00:09:55] [358/514] tx/sh600487/20260904T012306 mode=json
[2026-09-18T00:09:55] [359/514] tx/sh600519/20260904T012508 mode=json
[2026-09-18T00:09:55] [360/514] tx/sh600519/20260904T012925 mode=json
[2026-09-18T00:09:55] [361/514] tx/sh600519/20260904T013141 mode=json
[2026-09-18T00:09:55] [362/514] tx/sh600519/20260904T013637 mode=json
[2026-09-18T00:09:55] [363/514] tx/sh600584/20260904T012341 mode=json
[2026-09-18T00:09:55] [364/514] tx/sh600664/20260904T012547 mode=json
[2026-09-18T00:09:55] [365/514] tx/sh600869/20260904T012600 mode=json
[2026-09-18T00:09:55] [366/514] tx/sh600900/20260904T012701 mode=json
[2026-09-18T00:09:55] [367/514] tx/sh600988/20260904T012614 mode=json
[2026-09-18T00:09:55] [368/514] tx/sh600989/20260904T012835 mode=json
[2026-09-18T00:09:55] [369/514] tx/sh601138/20260904T012350 mode=json
[2026-09-18T00:09:55] [370/514] tx/sh601179/20260904T080459 mode=json
[2026-09-18T00:09:55] [371/514] tx/sh601179/20260904T080802 mode=json
[2026-09-18T00:09:55] [372/514] tx/sh601208/20260904T012535 mode=json
[2026-09-18T00:09:55] [373/514] tx/sh601212/20260904T012801 mode=json
[2026-09-18T00:09:55] [374/514] tx/sh601318/20260904T012539 mode=json
[2026-09-18T00:09:55] [375/514] tx/sh601398/20260904T012634 mode=json
[2026-09-18T00:09:55] [376/514] tx/sh601718/20260904T091546 mode=json
[2026-09-18T00:09:55] [377/514] tx/sh601718/20260904T212447 mode=json
[2026-09-18T00:09:55] [378/514] tx/sh601869/20260904T012421 mode=json
[2026-09-18T00:09:55] [379/514] tx/sh601899/20260904T012334 mode=json
[2026-09-18T00:09:55] [380/514] tx/sh603083/20260904T012447 mode=json
[2026-09-18T00:09:55] [381/514] tx/sh603186/20260904T012449 mode=json
[2026-09-18T00:09:55] [382/514] tx/sh603228/20260904T012522 mode=json
[2026-09-18T00:09:55] [383/514] tx/sh603256/20260904T012637 mode=json
[2026-09-18T00:09:55] [384/514] tx/sh603259/20260904T012322 mode=json
[2026-09-18T00:09:55] [385/514] tx/sh603538/20260904T012821 mode=json
[2026-09-18T00:09:55] [386/514] tx/sh603618/20260904T012656 mode=json
[2026-09-18T00:09:55] [387/514] tx/sh603629/20260904T012426 mode=json
[2026-09-18T00:09:55] [388/514] tx/sh603799/20260904T012714 mode=json
[2026-09-18T00:09:55] [389/514] tx/sh603893/20260904T012657 mode=json
[2026-09-18T00:09:55] [390/514] tx/sh603986/20260904T012258 mode=json
[2026-09-18T00:09:55] [391/514] tx/sh603987/20260904T091542 mode=json
[2026-09-18T00:09:55] [392/514] tx/sh603987/20260904T212436 mode=json
[2026-09-18T00:09:55] [393/514] tx/sh603993/20260904T012459 mode=json
[2026-09-18T00:09:55] [394/514] tx/sh688008/20260904T012347 mode=json
[2026-09-18T00:09:55] [395/514] tx/sh688012/20260904T012356 mode=json
[2026-09-18T00:09:55] [396/514] tx/sh688017/20260904T012643 mode=json
[2026-09-18T00:09:55] [397/514] tx/sh688041/20260904T012412 mode=json
[2026-09-18T00:09:55] [398/514] tx/sh688048/20260904T012616 mode=json
[2026-09-18T00:09:55] [399/514] tx/sh688072/20260904T012501 mode=json
[2026-09-18T00:09:55] [400/514] tx/sh688110/20260904T012759 mode=json
[2026-09-18T00:09:55] [401/514] tx/sh688143/20260904T012638 mode=json
[2026-09-18T00:09:55] [402/514] tx/sh688146/20260904T012451 mode=json
[2026-09-18T00:09:55] [403/514] tx/sh688167/20260904T012618 mode=json
[2026-09-18T00:09:55] [404/514] tx/sh688183/20260904T012757 mode=json
[2026-09-18T00:09:55] [405/514] tx/sh688195/20260904T012735 mode=json
[2026-09-18T00:09:55] [406/514] tx/sh688205/20260904T012837 mode=json
[2026-09-18T00:09:55] [407/514] tx/sh688256/20260904T012308 mode=json
[2026-09-18T00:09:55] [408/514] tx/sh688300/20260904T012641 mode=json
[2026-09-18T00:09:55] [409/514] tx/sh688313/20260904T012524 mode=json
[2026-09-18T00:09:55] [410/514] tx/sh688347/20260904T012444 mode=json
[2026-09-18T00:09:55] [411/514] tx/sh688361/20260904T012549 mode=json
[2026-09-18T00:09:55] [412/514] tx/sh688498/20260904T012405 mode=json
[2026-09-18T00:09:55] [413/514] tx/sh688521/20260904T012531 mode=json
[2026-09-18T00:09:55] [414/514] tx/sh688525/20260904T012407 mode=json
[2026-09-18T00:09:55] [415/514] tx/sh688627/20260904T012707 mode=json
[2026-09-18T00:09:55] [416/514] tx/sh688702/20260904T012617 mode=json
[2026-09-18T00:09:55] [417/514] tx/sh688766/20260904T012400 mode=json
[2026-09-18T00:09:55] [418/514] tx/sh688981/20260904T012423 mode=json
[2026-09-18T00:09:55] [419/514] tx/sz000100/20260904T012730 mode=json
[2026-09-18T00:09:55] [420/514] tx/sz000338/20260904T012710 mode=json
[2026-09-18T00:09:55] [421/514] tx/sz000338/20260904T012928 mode=json
[2026-09-18T00:09:55] [422/514] tx/sz000338/20260904T013148 mode=json
[2026-09-18T00:09:55] [423/514] tx/sz000506/20260904T012739 mode=json
[2026-09-18T00:09:55] [424/514] tx/sz000636/20260904T012330 mode=json
[2026-09-18T00:09:55] [425/514] tx/sz000657/20260904T012403 mode=json
[2026-09-18T00:09:55] [426/514] tx/sz000703/20260904T012751 mode=json
[2026-09-18T00:09:55] [427/514] tx/sz000811/20260904T012815 mode=json
[2026-09-18T00:09:55] [428/514] tx/sz000988/20260904T012443 mode=json
[2026-09-18T00:09:55] [429/514] tx/sz001309/20260904T012358 mode=json
[2026-09-18T00:09:55] [430/514] tx/sz002008/20260904T012455 mode=json
[2026-09-18T00:09:55] [431/514] tx/sz002080/20260904T012622 mode=json
[2026-09-18T00:09:55] [432/514] tx/sz002081/20260904T012811 mode=json
[2026-09-18T00:09:55] [433/514] tx/sz002131/20260904T012652 mode=json
[2026-09-18T00:09:55] [434/514] tx/sz002384/20260904T012311 mode=json
[2026-09-18T00:09:55] [435/514] tx/sz002407/20260904T012416 mode=json
[2026-09-18T00:09:55] [436/514] tx/sz002428/20260904T012337 mode=json
[2026-09-18T00:09:55] [437/514] tx/sz002437/20260904T012626 mode=json
[2026-09-18T00:09:55] [438/514] tx/sz002536/20260904T012733 mode=json
[2026-09-18T00:09:55] [439/514] tx/sz002558/20260904T012828 mode=json
[2026-09-18T00:09:55] [440/514] tx/sz002580/20260904T012819 mode=json
[2026-09-18T00:09:55] [441/514] tx/sz002594/20260904T012726 mode=json
[2026-09-18T00:09:55] [442/514] tx/sz002716/20260904T012609 mode=json
[2026-09-18T00:09:55] [443/514] tx/sz002821/20260904T012742 mode=json
[2026-09-18T00:09:55] [444/514] tx/sz002837/20260904T012704 mode=json
[2026-09-18T00:09:55] [445/514] tx/sz002851/20260904T012519 mode=json
[2026-09-18T00:09:55] [446/514] tx/sz002916/20260904T012605 mode=json
[2026-09-18T00:09:55] [447/514] tx/sz159301/20260904T185816 mode=json
[2026-09-18T00:09:55] [448/514] tx/sz159530/20260904T185702 mode=json
[2026-09-18T00:09:55] [449/514] tx/sz159565/20260904T185814 mode=json
[2026-09-18T00:09:55] [450/514] tx/sz159611/20260904T185726 mode=json
[2026-09-18T00:09:55] [451/514] tx/sz159732/20260904T185728 mode=json
[2026-09-18T00:09:55] [452/514] tx/sz159745/20260904T185812 mode=json
[2026-09-18T00:09:55] [453/514] tx/sz159755/20260904T185730 mode=json
[2026-09-18T00:09:55] [454/514] tx/sz159766/20260904T185750 mode=json
[2026-09-18T00:09:55] [455/514] tx/sz159819/20260904T185718 mode=json
[2026-09-18T00:09:55] [456/514] tx/sz159852/20260904T185707 mode=json
[2026-09-18T00:09:55] [457/514] tx/sz159865/20260904T185743 mode=json
[2026-09-18T00:09:55] [458/514] tx/sz159869/20260904T185720 mode=json
[2026-09-18T00:09:55] [459/514] tx/sz159870/20260904T185724 mode=json
[2026-09-18T00:09:55] [460/514] tx/sz159915/20260904T185617 mode=json
[2026-09-18T00:09:55] [461/514] tx/sz159949/20260904T185641 mode=json
[2026-09-18T00:09:55] [462/514] tx/sz159985/20260904T185733 mode=json
[2026-09-18T00:09:55] [463/514] tx/sz159992/20260904T185653 mode=json
[2026-09-18T00:09:55] [464/514] tx/sz159996/20260904T185808 mode=json
[2026-09-18T00:09:55] [465/514] tx/sz159998/20260904T185803 mode=json
[2026-09-18T00:09:55] [466/514] tx/sz300058/20260904T012431 mode=json
[2026-09-18T00:09:55] [467/514] tx/sz300189/20260904T012807 mode=json
[2026-09-18T00:09:55] [468/514] tx/sz300274/20260904T012411 mode=json
[2026-09-18T00:09:55] [469/514] tx/sz300274/20260904T012922 mode=json
[2026-09-18T00:09:55] [470/514] tx/sz300274/20260904T013152 mode=json
[2026-09-18T00:09:55] [471/514] tx/sz300285/20260904T012354 mode=json
[2026-09-18T00:09:55] [472/514] tx/sz300308/20260904T012251 mode=json
[2026-09-18T00:09:55] [473/514] tx/sz300394/20260904T012302 mode=json
[2026-09-18T00:09:55] [474/514] tx/sz300395/20260904T012718 mode=json
[2026-09-18T00:09:55] [475/514] tx/sz300454/20260904T012748 mode=json
[2026-09-18T00:09:55] [476/514] tx/sz300475/20260904T012435 mode=json
[2026-09-18T00:09:55] [477/514] tx/sz300476/20260904T012326 mode=json
[2026-09-18T00:09:55] [478/514] tx/sz300489/20260904T012543 mode=json
[2026-09-18T00:09:55] [479/514] tx/sz300502/20260904T012255 mode=json
[2026-09-18T00:09:55] [480/514] tx/sz300548/20260904T012553 mode=json
[2026-09-18T00:09:55] [481/514] tx/sz300570/20260904T012527 mode=json
[2026-09-18T00:09:55] [482/514] tx/sz300604/20260904T012438 mode=json
[2026-09-18T00:09:55] [483/514] tx/sz300620/20260904T012511 mode=json
[2026-09-18T00:09:55] [484/514] tx/sz300666/20260904T012514 mode=json
[2026-09-18T00:09:55] [485/514] tx/sz300672/20260904T012824 mode=json
[2026-09-18T00:09:55] [486/514] tx/sz300684/20260904T012745 mode=json
[2026-09-18T00:09:55] [487/514] tx/sz300684/20260904T012931 mode=json
[2026-09-18T00:09:55] [488/514] tx/sz300750/20260904T012344 mode=json
[2026-09-18T00:09:55] [489/514] tx/sz300750/20260904T012918 mode=json
[2026-09-18T00:09:55] [490/514] tx/sz300757/20260904T012517 mode=json
[2026-09-18T00:09:55] [491/514] tx/sz300759/20260904T012529 mode=json
[2026-09-18T00:09:55] [492/514] tx/sz300857/20260904T012427 mode=json
[2026-09-18T00:09:55] [493/514] tx/sz300903/20260904T012706 mode=json
[2026-09-18T00:09:55] [494/514] tx/sz301018/20260904T012803 mode=json
[2026-09-18T00:09:55] [495/514] tx/sz301165/20260904T012610 mode=json
[2026-09-18T00:09:55] [496/514] tx/sz301171/20260904T012644 mode=json
[2026-09-18T00:09:55] [497/514] tx/sz301217/20260904T012440 mode=json
[2026-09-18T00:09:55] [498/514] tx/sz301308/20260904T012418 mode=json
[2026-09-18T00:09:55] [499/514] tx/sz301396/20260904T012602 mode=json
[2026-09-18T00:09:55] [500/514] tx/sz301511/20260904T012540 mode=json
[2026-09-18T00:09:55] [501/514] tx/sz301526/20260904T012421 mode=json
[2026-09-18T00:09:55] [502/514] tx/sz301536/20260904T012829 mode=json
[2026-09-18T00:09:55] [503/514] user_dataset/2026-09-03/上证 mode=zip
[2026-09-18T00:09:55] [504/514] user_dataset/2026-09-03/深证 mode=zip
[2026-09-18T00:09:55] [505/514] user_minute_1m/20260913-143215/2015 mode=inventory-only
[2026-09-18T00:09:56] [506/514] user_minute_1m/20260913-143215/2016 mode=inventory-only
[2026-09-18T00:09:56] [507/514] user_minute_1m/20260913-143215/2017 mode=inventory-only
[2026-09-18T00:09:56] [508/514] user_minute_1m/20260913-143215/2018 mode=inventory-only
[2026-09-18T00:09:56] [509/514] user_minute_1m/20260913-143215/2019 mode=inventory-only
[2026-09-18T00:09:56] [510/514] user_minute_1m/20260913-2020-2024/2020 mode=inventory-only
[2026-09-18T00:09:56] [511/514] user_minute_1m/20260913-2020-2024/2021 mode=inventory-only
[2026-09-18T00:09:56] [512/514] user_minute_1m/20260913-2020-2024/2022 mode=inventory-only
[2026-09-18T00:09:56] [513/514] user_minute_1m/20260913-2020-2024/2023 mode=inventory-only
[2026-09-18T00:09:56] [514/514] user_minute_1m/20260913-2020-2024/2024 mode=inventory-only
[2026-09-18T00:09:56] 扫描循环结束: aborted=False, 剩余 0
FINAL_STATUS all-units-processed
ELAPSED 193.1s
