2026-09-17T23:54:49 INFO run start; token_file=~/.quant-credentials/tushare-token (name only; content never logged)
2026-09-17T23:54:49 INFO params: indices=['000001.SH', '000300.SH', '000905.SH', '000852.SH', '399006.SZ'] range=[20150101,20241231] probe=000300.SH
2026-09-17T23:54:51 INFO probe OK rows=5
2026-09-17T23:54:51 INFO probe 000300.SH 20260917 close=4460.1557
2026-09-17T23:54:51 INFO probe 000300.SH 20260916 close=4480.2683
2026-09-17T23:54:51 INFO probe 000300.SH 20260915 close=4450.0402
2026-09-17T23:54:51 INFO probe 000300.SH 20260914 close=4480.0821
2026-09-17T23:54:51 INFO probe 000300.SH 20260911 close=4510.1554
2026-09-17T23:54:53 INFO 000001.SH 2015: rows=244
2026-09-17T23:54:54 INFO 000001.SH 2016: rows=244
2026-09-17T23:54:56 INFO 000001.SH 2017: rows=244
2026-09-17T23:54:58 INFO 000001.SH 2018: rows=243
2026-09-17T23:55:00 INFO 000001.SH 2019: rows=244
2026-09-17T23:55:01 INFO 000001.SH 2020: rows=243
2026-09-17T23:55:03 INFO 000001.SH 2021: rows=243
2026-09-17T23:55:05 INFO 000001.SH 2022: rows=242
2026-09-17T23:55:08 INFO 000001.SH 2023: rows=242
2026-09-17T23:55:10 INFO 000001.SH 2024: rows=242
2026-09-17T23:55:11 INFO 000001.SH: written rows=2431 dropped_out_of_range=0
2026-09-17T23:55:12 INFO 000300.SH 2015: rows=244
2026-09-17T23:55:15 INFO 000300.SH 2016: rows=244
2026-09-17T23:55:16 INFO 000300.SH 2017: rows=244
2026-09-17T23:55:18 INFO 000300.SH 2018: rows=243
2026-09-17T23:55:21 INFO 000300.SH 2019: rows=244
2026-09-17T23:55:24 INFO 000300.SH 2020: rows=243
2026-09-17T23:55:27 INFO 000300.SH 2021: rows=243
2026-09-17T23:55:32 INFO 000300.SH 2022: rows=242
2026-09-17T23:55:34 INFO 000300.SH 2023: rows=242
2026-09-17T23:55:36 INFO 000300.SH 2024: rows=242
2026-09-17T23:55:37 INFO 000300.SH: written rows=2431 dropped_out_of_range=0
2026-09-17T23:55:38 INFO 000905.SH 2015: rows=244
2026-09-17T23:55:40 INFO 000905.SH 2016: rows=244
2026-09-17T23:55:42 INFO 000905.SH 2017: rows=244
2026-09-17T23:55:51 INFO 000905.SH 2018: rows=243
2026-09-17T23:55:54 INFO 000905.SH 2019: rows=244
2026-09-17T23:55:58 INFO 000905.SH 2020: rows=243
2026-09-17T23:55:59 INFO 000905.SH 2021: rows=243
2026-09-17T23:56:02 INFO 000905.SH 2022: rows=242
2026-09-17T23:56:05 INFO 000905.SH 2023: rows=242
2026-09-17T23:56:06 INFO 000905.SH 2024: rows=242
2026-09-17T23:56:07 INFO 000905.SH: written rows=2431 dropped_out_of_range=0
2026-09-17T23:56:08 INFO 000852.SH 2015: rows=244
2026-09-17T23:56:10 INFO 000852.SH 2016: rows=244
2026-09-17T23:56:12 INFO 000852.SH 2017: rows=244
2026-09-17T23:56:13 INFO 000852.SH 2018: rows=243
2026-09-17T23:56:16 INFO 000852.SH 2019: rows=244
2026-09-17T23:56:18 INFO 000852.SH 2020: rows=243
2026-09-17T23:56:20 INFO 000852.SH 2021: rows=243
2026-09-17T23:56:22 INFO 000852.SH 2022: rows=242
2026-09-17T23:56:24 INFO 000852.SH 2023: rows=242
2026-09-17T23:56:26 INFO 000852.SH 2024: rows=242
2026-09-17T23:56:27 INFO 000852.SH: written rows=2431 dropped_out_of_range=0
2026-09-17T23:56:28 INFO 399006.SZ 2015: rows=244
2026-09-17T23:56:30 INFO 399006.SZ 2016: rows=244
2026-09-17T23:56:31 INFO 399006.SZ 2017: rows=244
2026-09-17T23:56:34 INFO 399006.SZ 2018: rows=243
2026-09-17T23:56:36 INFO 399006.SZ 2019: rows=244
2026-09-17T23:56:38 INFO 399006.SZ 2020: rows=243
2026-09-17T23:56:39 INFO 399006.SZ 2021: rows=243
2026-09-17T23:56:41 INFO 399006.SZ 2022: rows=242
2026-09-17T23:56:44 INFO 399006.SZ 2023: rows=242
2026-09-17T23:56:45 INFO 399006.SZ 2024: rows=242
2026-09-17T23:56:46 INFO 399006.SZ: written rows=2431 dropped_out_of_range=0
2026-09-17T23:56:46 INFO manifest written; chunks=['000001.SH', '000300.SH', '000905.SH', '000852.SH', '399006.SZ']
