[    0.0s] ETF pm-only smoke; window 2019-01-01..2019-12-31; legs ['sh.511010', 'sh.518880', 'sz.159934']
[    0.8s]   engine d4b6c3764780e6de OK; etf manifest 8b5b3fe56c0e02fd; etf parquet b7225d50523106f5; fund_daily agg 21b8bb5f0f05a849
[    0.8s] == 1. data: etf-daily-20260919 (three legs, 2019) ==
[    0.9s]   244 days x 3 legs, no nulls, no zero-volume rows; preclose deviations in window: 0
[    0.9s] == 2. engine frames (EMPTY half-day table: no ETF half-day bar) ==
[    0.9s]   daily 732 rows / 244 days / 3 legs; halfday 0 rows (empty by contract); limits 0; instruments 3
[    0.9s] == 3. provider: monthly 20%%-per-leg rebalance (pm decision points) ==
[    0.9s]   12 monthly rebalance decision points (2019-01-31 .. 2019-12-31)
[    0.9s] == 4. band engine run: execution_clock='halfday', etf_routing='pm_only' ==
[    0.9s]   engine 0.0s; fills 16; provider calls 488; injected 20; orders 26; expired_halfday 12; no_anchor None; terminated_cap 0; k3 armed 0
[    0.9s]   routing: halfday pm-only ETF (etf_routing='pm_only'): ETF pm decisions live the next day's pm session on the REAL daily bar; ETF am decisions are rejected; ETF fallbacks execute at pm opens
[    0.9s] == 5. link checks (routing / matching / fees / T+0 / ledger) ==
[    0.9s] == 6. outputs ==
[    1.0s] == done: 16 fills; failures=0; wall 1s; peak rss 0.38 GB ==
[    0.0s] ETF pm-only smoke; window 2019-01-01..2019-12-31; legs ['sh.511010', 'sh.518880', 'sz.159934']
[    0.9s]   engine d4b6c3764780e6de OK; etf manifest 8b5b3fe56c0e02fd; etf parquet b7225d50523106f5; fund_daily agg 21b8bb5f0f05a849
[    0.9s] == 1. data: etf-daily-20260919 (three legs, 2019) ==
[    1.0s]   244 days x 3 legs, no nulls, no zero-volume rows; preclose deviations in window: 0
[    1.0s] == 2. engine frames (EMPTY half-day table: no ETF half-day bar) ==
[    1.0s]   daily 732 rows / 244 days / 3 legs; halfday 0 rows (empty by contract); limits 0; instruments 3
[    1.0s] == 3. provider: monthly 20%%-per-leg rebalance (pm decision points) ==
[    1.0s]   12 monthly rebalance decision points (2019-01-31 .. 2019-12-31)
[    1.0s] == 4. band engine run: execution_clock='halfday', etf_routing='pm_only' ==
[    1.0s]   engine 0.0s; fills 16; provider calls 488; injected 20; orders 26; expired_halfday 12; no_anchor None; terminated_cap 0; k3 armed 0
[    1.0s]   routing: halfday pm-only ETF (etf_routing='pm_only'): ETF pm decisions live the next day's pm session on the REAL daily bar; ETF am decisions are rejected; ETF fallbacks execute at pm opens
[    1.0s] == 5. link checks (routing / matching / fees / T+0 / ledger) ==
[    1.0s] == 6. outputs ==
[    1.1s] == done: 16 fills; failures=0; wall 1s; peak rss 0.38 GB ==
[    0.0s] ETF pm-only smoke; window 2019-01-01..2019-12-31; legs ['sh.511010', 'sh.518880', 'sz.159934']
[    0.9s]   engine d4b6c3764780e6de OK; etf manifest 8b5b3fe56c0e02fd; etf parquet b7225d50523106f5; fund_daily agg 21b8bb5f0f05a849
[    0.9s] == 1. data: etf-daily-20260919 (three legs, 2019) ==
[    0.9s]   244 days x 3 legs, no nulls, no zero-volume rows; preclose deviations in window: 0
[    0.9s] == 2. engine frames (EMPTY half-day table: no ETF half-day bar) ==
[    0.9s]   daily 732 rows / 244 days / 3 legs; halfday 0 rows (empty by contract); limits 0; instruments 3
[    0.9s] == 3. provider: monthly 20%%-per-leg rebalance (pm decision points) ==
[    0.9s]   12 monthly rebalance decision points (2019-01-31 .. 2019-12-31)
[    0.9s] == 4. band engine run: execution_clock='halfday', etf_routing='pm_only' ==
[    0.9s]   engine 0.0s; fills 16; provider calls 488; injected 20; orders 26; expired_halfday 12; no_anchor None; terminated_cap 0; k3 armed 0
[    0.9s]   routing: halfday pm-only ETF (etf_routing='pm_only'): ETF pm decisions live the next day's pm session on the REAL daily bar; ETF am decisions are rejected; ETF fallbacks execute at pm opens
[    0.9s] == 5. link checks (routing / matching / fees / T+0 / ledger) ==
[    1.0s] == 6. outputs ==
[    1.0s] == done: 16 fills; failures=0; wall 1s; peak rss 0.38 GB ==
[    0.0s] ETF pm-only smoke; window 2019-01-01..2019-12-31; legs ['sh.511010', 'sh.518880', 'sz.159934']
[    0.9s]   engine d4b6c3764780e6de OK; etf manifest 8b5b3fe56c0e02fd; etf parquet b7225d50523106f5; fund_daily agg 21b8bb5f0f05a849
[    0.9s] == 1. data: etf-daily-20260919 (three legs, 2019) ==
[    0.9s]   244 days x 3 legs, no nulls, no zero-volume rows; preclose deviations in window: 0
[    0.9s] == 2. engine frames (EMPTY half-day table: no ETF half-day bar) ==
[    0.9s]   daily 732 rows / 244 days / 3 legs; halfday 0 rows (empty by contract); limits 0; instruments 3
[    0.9s] == 3. provider: monthly 20%%-per-leg rebalance (pm decision points) ==
[    0.9s]   12 monthly rebalance decision points (2019-01-31 .. 2019-12-31)
[    0.9s] == 4. band engine run: execution_clock='halfday', etf_routing='pm_only' ==
[    1.0s]   engine 0.0s; fills 16; provider calls 488; injected 20; orders 26; expired_halfday 12; no_anchor None; terminated_cap 0; k3 armed 0
[    1.0s]   routing: halfday pm-only ETF (etf_routing='pm_only'): ETF pm decisions live the next day's pm session on the REAL daily bar; ETF am decisions are rejected; ETF fallbacks execute at pm opens
[    1.0s] == 5. link checks (routing / matching / fees / T+0 / ledger) ==
[    1.0s] == 6. outputs ==
[    1.0s] == done: 16 fills; failures=0; wall 1s; peak rss 0.38 GB ==
