2026-09-17 20:29:37,734 INFO INFO mode=stk-limit batch=20260917-r1 window=20150101..20241231 sleep=1.00s budget=10min run_dir=artifacts\runs\20260917T193157-tushare-fund-batch-c48f2d
2026-09-17 20:29:37,734 INFO INFO token source: tushare-token (content never logged)
2026-09-17 20:29:38,504 INFO INFO trade days 2015-2024 (SSE open): 2431
2026-09-17 20:30:16,894 INFO INFO mode=stk-limit batch=20260917-r1 window=20150101..20241231 sleep=1.00s budget=10min run_dir=artifacts\runs\20260917T193157-tushare-fund-batch-c48f2d
2026-09-17 20:30:16,894 INFO INFO token source: tushare-token (content never logged)
2026-09-17 20:30:17,507 INFO INFO trade days 2015-2024 (SSE open): 2431
2026-09-17 20:30:17,999 ERROR chunk FAILED stk_limit 20150105
2026-09-17 20:30:19,361 ERROR chunk FAILED stk_limit 20150106
2026-09-17 20:30:21,130 ERROR chunk FAILED stk_limit 20150107
2026-09-17 20:30:22,226 INFO INFO stk_limit batch 20260917-r1 done: new=0 skipped=0 failed=3 status=completed-with-failures
2026-09-17 20:31:31,083 INFO INFO mode=stk-limit batch=20260917-r1 window=20150101..20241231 sleep=1.00s budget=10min run_dir=artifacts\runs\20260917T193157-tushare-fund-batch-c48f2d
2026-09-17 20:31:31,083 INFO INFO token source: tushare-token (content never logged)
2026-09-17 20:31:31,714 INFO INFO trade days 2015-2024 (SSE open): 2431
2026-09-17 20:31:32,349 INFO INFO [stk_limit 1/3] 20150105 rows=2591 attempts=1
2026-09-17 20:31:36,999 INFO INFO stk_limit batch 20260917-r1 done: new=3 skipped=0 failed=0 status=completed
2026-09-17 20:31:52,838 INFO INFO mode=stk-limit batch=20260917-r1 window=20150101..20241231 sleep=1.00s budget=80min run_dir=artifacts\runs\20260917T193157-tushare-fund-batch-c48f2d
2026-09-17 20:31:52,838 INFO INFO token source: tushare-token (content never logged)
2026-09-17 20:31:53,449 INFO INFO trade days 2015-2024 (SSE open): 2431
2026-09-17 20:32:20,254 INFO INFO [stk_limit 21/2431] 20150202 rows=2613 attempts=1
2026-09-17 20:32:57,841 INFO INFO [stk_limit 41/2431] 20150309 rows=2637 attempts=1
2026-09-17 20:33:28,911 INFO INFO [stk_limit 61/2431] 20150407 rows=2661 attempts=1
2026-09-17 20:34:00,967 INFO INFO [stk_limit 81/2431] 20150506 rows=2693 attempts=1
2026-09-17 20:34:32,192 INFO INFO [stk_limit 101/2431] 20150603 rows=2735 attempts=1
2026-09-17 20:35:04,808 INFO INFO [stk_limit 121/2431] 20150702 rows=2783 attempts=1
2026-09-17 20:35:38,911 INFO INFO [stk_limit 141/2431] 20150730 rows=2781 attempts=1
2026-09-17 20:36:10,355 INFO INFO [stk_limit 161/2431] 20150827 rows=2781 attempts=1
2026-09-17 20:36:46,442 INFO INFO [stk_limit 181/2431] 20150928 rows=2781 attempts=1
2026-09-17 20:37:18,850 INFO INFO [stk_limit 201/2431] 20151102 rows=2781 attempts=1
2026-09-17 20:37:53,864 INFO INFO [stk_limit 221/2431] 20151130 rows=2781 attempts=1
2026-09-17 20:38:24,681 INFO INFO [stk_limit 241/2431] 20151228 rows=2802 attempts=1
2026-09-17 20:38:56,484 INFO INFO [stk_limit 261/2431] 20160126 rows=2810 attempts=1
2026-09-17 20:39:28,072 INFO INFO [stk_limit 281/2431] 20160301 rows=2817 attempts=1
2026-09-17 20:39:59,525 INFO INFO [stk_limit 301/2431] 20160329 rows=2831 attempts=1
2026-09-17 20:40:33,285 INFO INFO [stk_limit 321/2431] 20160427 rows=2841 attempts=1
2026-09-17 20:41:05,864 INFO INFO [stk_limit 341/2431] 20160526 rows=2853 attempts=1
2026-09-17 20:41:40,138 INFO INFO [stk_limit 361/2431] 20160627 rows=2865 attempts=1
2026-09-17 20:42:14,375 INFO INFO [stk_limit 381/2431] 20160725 rows=2877 attempts=1
2026-09-17 20:42:47,720 INFO INFO [stk_limit 401/2431] 20160822 rows=2903 attempts=1
2026-09-17 20:43:19,427 INFO INFO [stk_limit 421/2431] 20160921 rows=2925 attempts=1
2026-09-17 20:43:54,293 INFO INFO [stk_limit 441/2431] 20161026 rows=2951 attempts=1
2026-09-17 20:44:28,797 INFO INFO [stk_limit 461/2431] 20161123 rows=2980 attempts=1
2026-09-17 20:45:02,021 INFO INFO [stk_limit 481/2431] 20161221 rows=3017 attempts=1
2026-09-17 20:45:43,595 INFO INFO [stk_limit 501/2431] 20170119 rows=3068 attempts=1
2026-09-17 20:46:15,924 INFO INFO [stk_limit 521/2431] 20170223 rows=3117 attempts=1
2026-09-17 20:46:28,925 INFO INFO [stk_limit 529/2431] 20170307 rows=0 attempts=1
2026-09-17 20:46:30,650 INFO INFO [stk_limit 530/2431] 20170308 rows=0 attempts=1
2026-09-17 20:46:37,829 INFO INFO [stk_limit 531/2431] 20170309 rows=0 attempts=1
2026-09-17 20:47:02,518 INFO INFO [stk_limit 541/2431] 20170323 rows=3151 attempts=1
2026-09-17 20:47:33,107 INFO INFO [stk_limit 561/2431] 20170424 rows=3196 attempts=1
2026-09-17 20:48:06,152 INFO INFO [stk_limit 581/2431] 20170523 rows=3235 attempts=1
2026-09-17 20:48:38,501 INFO INFO [stk_limit 601/2431] 20170622 rows=3269 attempts=1
2026-09-17 20:49:11,420 INFO INFO [stk_limit 621/2431] 20170720 rows=3295 attempts=1
2026-09-17 20:49:47,382 INFO INFO [stk_limit 641/2431] 20170817 rows=3329 attempts=1
2026-09-17 20:50:21,971 INFO INFO [stk_limit 661/2431] 20170914 rows=3357 attempts=1
2026-09-17 20:50:55,666 INFO INFO [stk_limit 681/2431] 20171019 rows=3392 attempts=1
2026-09-17 20:51:28,188 INFO INFO [stk_limit 701/2431] 20171116 rows=3430 attempts=1
2026-09-17 20:52:00,465 INFO INFO [stk_limit 721/2431] 20171214 rows=3453 attempts=1
2026-09-17 20:52:38,549 INFO INFO [stk_limit 741/2431] 20180112 rows=3471 attempts=1
2026-09-17 20:53:13,970 INFO INFO [stk_limit 761/2431] 20180209 rows=3489 attempts=1
2026-09-17 20:53:46,596 INFO INFO [stk_limit 781/2431] 20180316 rows=3498 attempts=1
2026-09-17 20:54:18,721 INFO INFO [stk_limit 801/2431] 20180417 rows=3507 attempts=1
2026-09-17 20:54:54,027 INFO INFO [stk_limit 821/2431] 20180517 rows=3516 attempts=1
2026-09-17 20:55:30,297 INFO INFO [stk_limit 841/2431] 20180614 rows=3525 attempts=1
2026-09-17 20:56:03,450 INFO INFO [stk_limit 861/2431] 20180713 rows=3533 attempts=1
2026-09-17 20:56:38,360 INFO INFO [stk_limit 881/2431] 20180810 rows=3534 attempts=1
2026-09-17 20:57:13,821 INFO INFO [stk_limit 901/2431] 20180907 rows=3541 attempts=1
2026-09-17 20:57:49,346 INFO INFO [stk_limit 921/2431] 20181015 rows=3552 attempts=1
2026-09-17 20:58:22,019 INFO INFO [stk_limit 941/2431] 20181112 rows=3558 attempts=1
2026-09-17 20:58:57,833 INFO INFO [stk_limit 961/2431] 20181210 rows=3565 attempts=1
2026-09-17 20:59:31,277 INFO INFO [stk_limit 981/2431] 20190109 rows=3569 attempts=1
2026-09-17 21:00:03,670 INFO INFO [stk_limit 1001/2431] 20190213 rows=3583 attempts=1
2026-09-17 21:00:44,120 INFO INFO [stk_limit 1021/2431] 20190313 rows=3590 attempts=1
2026-09-17 21:01:19,657 INFO INFO [stk_limit 1041/2431] 20190411 rows=3599 attempts=1
2026-09-17 21:01:55,035 INFO INFO [stk_limit 1061/2431] 20190514 rows=3606 attempts=1
2026-09-17 21:02:31,473 INFO INFO [stk_limit 1081/2431] 20190612 rows=3616 attempts=1
2026-09-17 21:03:07,561 INFO INFO [stk_limit 1101/2431] 20190710 rows=3671 attempts=1
2026-09-17 21:03:42,155 INFO INFO [stk_limit 1121/2431] 20190807 rows=3708 attempts=1
2026-09-17 21:04:15,480 INFO INFO [stk_limit 1141/2431] 20190904 rows=3720 attempts=1
2026-09-17 21:04:50,326 INFO INFO [stk_limit 1161/2431] 20191010 rows=3731 attempts=1
2026-09-17 21:05:23,268 INFO INFO [stk_limit 1181/2431] 20191107 rows=3758 attempts=1
2026-09-17 21:05:57,095 INFO INFO [stk_limit 1201/2431] 20191205 rows=3783 attempts=1
2026-09-17 21:06:33,004 INFO INFO [stk_limit 1221/2431] 20200103 rows=3801 attempts=1
2026-09-17 21:07:06,738 INFO INFO [stk_limit 1241/2431] 20200210 rows=3820 attempts=1
2026-09-17 21:07:38,163 INFO INFO [stk_limit 1261/2431] 20200309 rows=3838 attempts=1
2026-09-17 21:08:10,625 INFO INFO [stk_limit 1281/2431] 20200407 rows=3850 attempts=1
2026-09-17 21:08:44,032 INFO INFO [stk_limit 1301/2431] 20200508 rows=3876 attempts=1
2026-09-17 21:09:15,416 INFO INFO [stk_limit 1321/2431] 20200605 rows=3894 attempts=1
2026-09-17 21:09:50,331 INFO INFO [stk_limit 1341/2431] 20200707 rows=3919 attempts=1
2026-09-17 21:10:26,384 INFO INFO [stk_limit 1361/2431] 20200804 rows=3958 attempts=1
2026-09-17 21:10:59,818 INFO INFO [stk_limit 1381/2431] 20200901 rows=4014 attempts=1
2026-09-17 21:11:34,799 INFO INFO [stk_limit 1401/2431] 20200929 rows=4074 attempts=1
2026-09-17 21:12:08,471 INFO INFO [stk_limit 1421/2431] 20201104 rows=4104 attempts=1
2026-09-17 21:12:39,948 INFO INFO [stk_limit 1441/2431] 20201202 rows=4129 attempts=1
2026-09-17 21:13:14,058 INFO INFO [stk_limit 1461/2431] 20201230 rows=4175 attempts=1
2026-09-17 21:13:47,902 INFO INFO [stk_limit 1481/2431] 20210128 rows=4209 attempts=1
2026-09-17 21:14:24,056 INFO INFO [stk_limit 1501/2431] 20210304 rows=4243 attempts=1
2026-09-17 21:15:02,385 INFO INFO [stk_limit 1521/2431] 20210401 rows=4274 attempts=1
2026-09-17 21:15:37,624 INFO INFO [stk_limit 1541/2431] 20210430 rows=4327 attempts=1
2026-09-17 21:16:11,471 INFO INFO [stk_limit 1561/2431] 20210602 rows=4367 attempts=1
2026-09-17 21:16:44,151 INFO INFO [stk_limit 1581/2431] 20210701 rows=4415 attempts=1
2026-09-17 21:17:18,032 INFO INFO [stk_limit 1601/2431] 20210729 rows=4454 attempts=1
2026-09-17 21:17:51,415 INFO INFO [stk_limit 1621/2431] 20210826 rows=4495 attempts=1
2026-09-17 21:18:25,069 INFO INFO [stk_limit 1641/2431] 20210927 rows=4529 attempts=1
2026-09-17 21:18:58,955 INFO INFO [stk_limit 1661/2431] 20211101 rows=4569 attempts=1
2026-09-17 21:19:31,631 INFO INFO [stk_limit 1681/2431] 20211129 rows=4681 attempts=1
2026-09-17 21:20:07,641 INFO INFO [stk_limit 1701/2431] 20211227 rows=4719 attempts=1
2026-09-17 21:20:44,723 INFO INFO [stk_limit 1721/2431] 20220125 rows=4750 attempts=1
2026-09-17 21:21:34,566 INFO INFO [stk_limit 1741/2431] 20220301 rows=4775 attempts=1
2026-09-17 21:22:11,651 INFO INFO [stk_limit 1761/2431] 20220329 rows=4810 attempts=1
2026-09-17 21:22:52,599 INFO INFO [stk_limit 1781/2431] 20220428 rows=4841 attempts=1
2026-09-17 21:23:24,221 INFO INFO [stk_limit 1801/2431] 20220531 rows=4860 attempts=1
2026-09-17 21:24:12,797 INFO INFO [stk_limit 1821/2431] 20220629 rows=4863 attempts=1
2026-09-17 21:24:58,586 INFO INFO [stk_limit 1840/2431] 20220726 rows=0 attempts=1
2026-09-17 21:25:00,495 INFO INFO [stk_limit 1841/2431] 20220727 rows=4882 attempts=1
2026-09-17 21:25:43,626 INFO INFO [stk_limit 1861/2431] 20220824 rows=4924 attempts=1
2026-09-17 21:26:27,260 INFO INFO [stk_limit 1881/2431] 20220922 rows=4967 attempts=1
2026-09-17 21:26:59,608 INFO INFO [stk_limit 1901/2431] 20221027 rows=5011 attempts=1
2026-09-17 21:27:35,241 INFO INFO [stk_limit 1921/2431] 20221124 rows=5044 attempts=1
2026-09-17 21:28:08,550 INFO INFO [stk_limit 1941/2431] 20221222 rows=5088 attempts=1
2026-09-17 21:28:41,013 INFO INFO [stk_limit 1961/2431] 20230120 rows=5117 attempts=1
2026-09-17 21:29:13,345 INFO INFO [stk_limit 1981/2431] 20230224 rows=5141 attempts=1
2026-09-17 21:29:44,538 INFO INFO [stk_limit 2001/2431] 20230324 rows=5169 attempts=1
2026-09-17 21:30:20,138 INFO INFO [stk_limit 2020/2431] 20230421 rows=0 attempts=1
2026-09-17 21:30:22,068 INFO INFO [stk_limit 2021/2431] 20230424 rows=5205 attempts=1
2026-09-17 21:30:55,334 INFO INFO [stk_limit 2041/2431] 20230525 rows=5233 attempts=1
2026-09-17 21:31:30,830 INFO INFO [stk_limit 2061/2431] 20230626 rows=5258 attempts=1
2026-09-17 21:32:22,093 INFO INFO mode=stk-limit batch=20260917-r1 window=20150101..20241231 sleep=1.00s budget=60min run_dir=artifacts\runs\20260917T193157-tushare-fund-batch-c48f2d
2026-09-17 21:32:22,093 INFO INFO token source: tushare-token (content never logged)
2026-09-17 21:32:22,704 INFO INFO trade days 2015-2024 (SSE open): 2431
2026-09-17 21:32:44,046 INFO INFO [stk_limit 2081/2431] 20230724 rows=5278 attempts=1
2026-09-17 21:33:17,123 INFO INFO [stk_limit 2101/2431] 20230821 rows=5302 attempts=1
2026-09-17 21:33:50,449 INFO INFO [stk_limit 2121/2431] 20230918 rows=5320 attempts=1
2026-09-17 21:34:22,253 INFO INFO [stk_limit 2141/2431] 20231024 rows=5337 attempts=1
2026-09-17 21:34:55,227 INFO INFO [stk_limit 2161/2431] 20231121 rows=5352 attempts=1
2026-09-17 21:35:33,456 INFO INFO [stk_limit 2181/2431] 20231219 rows=5368 attempts=1
2026-09-17 21:36:05,574 INFO INFO [stk_limit 2201/2431] 20240117 rows=5383 attempts=1
2026-09-17 21:36:37,281 INFO INFO [stk_limit 2221/2431] 20240222 rows=5393 attempts=1
2026-09-17 21:37:08,989 INFO INFO [stk_limit 2241/2431] 20240321 rows=5398 attempts=1
2026-09-17 21:37:43,375 INFO INFO [stk_limit 2261/2431] 20240422 rows=5405 attempts=1
2026-09-17 21:38:14,290 INFO INFO [stk_limit 2281/2431] 20240523 rows=5405 attempts=1
2026-09-17 21:38:49,052 INFO INFO [stk_limit 2301/2431] 20240621 rows=5451 attempts=1
2026-09-17 21:39:20,241 INFO INFO [stk_limit 2321/2431] 20240719 rows=5442 attempts=1
2026-09-17 21:39:52,185 INFO INFO [stk_limit 2341/2431] 20240816 rows=5436 attempts=1
2026-09-17 21:40:23,973 INFO INFO [stk_limit 2361/2431] 20240913 rows=5436 attempts=1
2026-09-17 21:40:54,917 INFO INFO [stk_limit 2381/2431] 20241022 rows=5439 attempts=1
2026-09-17 21:41:27,322 INFO INFO [stk_limit 2401/2431] 20241119 rows=5450 attempts=1
2026-09-17 21:41:59,675 INFO INFO [stk_limit 2421/2431] 20241217 rows=5460 attempts=1
2026-09-17 21:42:16,956 INFO INFO stk_limit batch 20260917-r1 done: new=362 skipped=2069 failed=0 status=completed
